12-22 18:47:31.038 D/MDP     (  192): DpEngine_TDSHP: bypassed by NCS Tuning mode... 
12-22 18:47:31.040 D/MtkOmxVdec(  204): [0xf0ff0000] mFrameInterval is 0,  fps is 0 
12-22 18:47:31.044 D/MDP     (  192): [TDSHP][ADL] setHistogram().. bypass this frame by wrong id, curr[0]
12-22 18:47:31.044 D/MDP     (  192): DpBlit: time 6 ms, type 0, pq 0
12-22 18:47:31.045 D/hwcomposer(  192): [DEV] (1:0) Layer+ fps=0, refpts:320,systime:142824
12-22 18:47:31.049 D/AudioFlinger(  204): volume vl 0, vr 0, typeV 0.000000, masterV 1.000000
12-22 18:47:31.049 D/AudioALSAStreamOut(  204): write(), buffer = 0xf5e13000, bytes = 4096
12-22 18:47:31.049 D/AudioALSAPlaybackHandlerHDMI(  204): write(), buffer = 0xf5e13000, bytes = 4096
12-22 18:47:31.050 D/AudioFlinger(  204): volume vl 0, vr 0, typeV 0.000000, masterV 1.000000
12-22 18:47:31.050 D/AudioALSAStreamOut(  204): write(), buffer = 0xf5e13000, bytes = 4096
12-22 18:47:31.050 D/AudioALSAPlaybackHandlerHDMI(  204): write(), buffer = 0xf5e13000, bytes = 4096
12-22 18:47:31.050 E/VLC     (  204): avcodec decoder: There has pts gap, end_date 417959 pts 417960
12-22 18:47:31.050 E/VLC     (  204): avcodec decoder: There has pts gap, end_date 441179 pts 441180
12-22 18:47:31.072 D/MtkOmxVdec(  204): [0xf0ff0000] 1 1 16(GetM4UFrameandBitstreamBuffer:1280)
12-22 18:47:31.080 D/MtkOmxVdec(  204): [0xf0ff0000] mFrameInterval is 0,  fps is 0 
12-22 18:47:31.088 D/hwcomposer(  192): [BLT] (1:0) set video to mdp,refpts:360,systime:142867
12-22 18:47:31.088 D/MDP     (  192): DpBlitStream: setPQParameter id 10000002 enable 1 scenario 1
12-22 18:47:31.088 D/MDP     (  192): DpBlit: in: (1920, 1088, 61440, 30720, C12b, P1), crop: (0, 0, 1920, 1080), sec:0, 10bit:0
12-22 18:47:31.088 D/MDP     (  192): DpBlit: out: (1920, 1080, 3840, 0, C5, P1), misc: (X:0, Y:0, R:0, F:0, S:1, D:0), sec:0
12-22 18:47:31.089 D/MDP     (  192): getCscInfo: pCscInfo 10bit 0 , 10bittile 0, cscformat 0
12-22 18:47:31.089 D/MDP     (  192): DpEngine_TDSHP: bypassed by NCS Tuning mode... 
12-22 18:47:31.092 D/AudioFlinger(  204): volume vl 0, vr 0, typeV 0.000000, masterV 1.000000
12-22 18:47:31.092 D/AudioALSAStreamOut(  204): write(), buffer = 0xf5e13000, bytes = 4096
12-22 18:47:31.092 D/AudioALSAPlaybackHandlerHDMI(  204): write(), buffer = 0xf5e13000, bytes = 4096
12-22 18:47:31.092 D/AudioFlinger(  204): volume vl 0, vr 0, typeV 0.000000, masterV 1.000000
12-22 18:47:31.093 D/AudioALSAStreamOut(  204): write(), buffer = 0xf5e13000, bytes = 4096
12-22 18:47:31.093 D/AudioALSAPlaybackHandlerHDMI(  204): write(), buffer = 0xf5e13000, bytes = 4096
12-22 18:47:31.093 E/VLC     (  204): avcodec decoder: There has pts gap, end_date 464399 pts 464400
12-22 18:47:31.093 E/VLC     (  204): avcodec decoder: There has pts gap, end_date 487619 pts 487620
12-22 18:47:31.094 D/MDP     (  192): [TDSHP][ADL] setHistogram().. bypass this frame by wrong id, curr[0]
12-22 18:47:31.095 D/MDP     (  192): DpBlit: time 6 ms, type 0, pq 0
12-22 18:47:31.095 D/hwcomposer(  192): [DEV] (1:0) Layer+ fps=0, refpts:360,systime:142874
12-22 18:47:31.112 D/MtkOmxVdec(  204): [0xf0ff0000] 1 1 16(GetM4UFrameandBitstreamBuffer:1280)
12-22 18:47:31.120 D/MtkOmxVdec(  204): [0xf0ff0000] mFrameInterval is 0,  fps is 0 
12-22 18:47:31.121 D/hwcomposer(  192): [BLT] (1:0) set video to mdp,refpts:400,systime:142900
12-22 18:47:31.121 D/MDP     (  192): DpBlitStream: setPQParameter id 10000002 enable 1 scenario 1
12-22 18:47:31.121 D/MDP     (  192): DpBlit: in: (1920, 1088, 61440, 30720, C12b, P1), crop: (0, 0, 1920, 1080), sec:0, 10bit:0
12-22 18:47:31.121 D/MDP     (  192): DpBlit: out: (1920, 1080, 3840, 0, C5, P1), misc: (X:0, Y:0, R:0, F:0, S:1, D:0), sec:0
12-22 18:47:31.122 D/MDP     (  192): getCscInfo: pCscInfo 10bit 0 , 10bittile 0, cscformat 0
12-22 18:47:31.122 D/MDP     (  192): DpEngine_TDSHP: bypassed by NCS Tuning mode... 
12-22 18:47:31.127 D/MDP     (  192): [TDSHP][ADL] setHistogram().. bypass this frame by wrong id, curr[0]
12-22 18:47:31.128 D/MDP     (  192): DpBlit: time 6 ms, type 0, pq 0
12-22 18:47:31.128 D/hwcomposer(  192): [DEV] (1:0) Layer+ fps=0, refpts:400,systime:142907
12-22 18:47:31.135 D/AudioFlinger(  204): volume vl 0, vr 0, typeV 0.000000, masterV 1.000000
12-22 18:47:31.135 D/AudioALSAStreamOut(  204): write(), buffer = 0xf5e13000, bytes = 4096
12-22 18:47:31.135 D/AudioALSAPlaybackHandlerHDMI(  204): write(), buffer = 0xf5e13000, bytes = 4096
12-22 18:47:31.135 D/AudioFlinger(  204): volume vl 0, vr 0, typeV 0.000000, masterV 1.000000
12-22 18:47:31.135 D/AudioALSAStreamOut(  204): write(), buffer = 0xf5e13000, bytes = 4096
12-22 18:47:31.135 D/AudioALSAPlaybackHandlerHDMI(  204): write(), buffer = 0xf5e13000, bytes = 4096
12-22 18:47:31.135 E/VLC     (  204): avcodec decoder: There has pts gap, end_date 510839 pts 510840
12-22 18:47:31.153 D/MtkOmxVdec(  204): [0xf0ff0000] 1 1 16(GetM4UFrameandBitstreamBuffer:1280)
12-22 18:47:31.155 D/hwcomposer(  192): [BLT] (1:0) set video to mdp,refpts:440,systime:142934
12-22 18:47:31.155 D/MDP     (  192): DpBlitStream: setPQParameter id 10000002 enable 1 scenario 1
12-22 18:47:31.155 D/MDP     (  192): DpBlit: in: (1920, 1088, 61440, 30720, C12b, P1), crop: (0, 0, 1920, 1080), sec:0, 10bit:0
12-22 18:47:31.155 D/MDP     (  192): DpBlit: out: (1920, 1080, 3840, 0, C5, P1), misc: (X:0, Y:0, R:0, F:0, S:1, D:0), sec:0
12-22 18:47:31.155 D/MDP     (  192): getCscInfo: pCscInfo 10bit 0 , 10bittile 0, cscformat 0
12-22 18:47:31.155 D/MDP     (  192): DpEngine_TDSHP: bypassed by NCS Tuning mode... 
12-22 18:47:31.161 D/MtkOmxVdec(  204): [0xf0ff0000] mFrameInterval is 0,  fps is 0 
12-22 18:47:31.161 D/MDP     (  192): [TDSHP][ADL] setHistogram().. bypass this frame by wrong id, curr[0]
12-22 18:47:31.161 D/MDP     (  192): DpBlit: time 6 ms, type 0, pq 0
12-22 18:47:31.162 D/hwcomposer(  192): [DEV] (1:0) Layer+ fps=0, refpts:440,systime:142941
12-22 18:47:31.177 D/AudioFlinger(  204): volume vl 0, vr 0, typeV 0.000000, masterV 1.000000
12-22 18:47:31.177 D/AudioALSAStreamOut(  204): write(), buffer = 0xf5e13000, bytes = 4096
12-22 18:47:31.177 D/AudioALSAPlaybackHandlerHDMI(  204): write(), buffer = 0xf5e13000, bytes = 4096
12-22 18:47:31.178 D/AudioFlinger(  204): volume vl 0, vr 0, typeV 0.000000, masterV 1.000000
12-22 18:47:31.178 D/AudioALSAStreamOut(  204): write(), buffer = 0xf5e13000, bytes = 4096
12-22 18:47:31.178 D/AudioALSAPlaybackHandlerHDMI(  204): write(), buffer = 0xf5e13000, bytes = 4096
12-22 18:47:31.193 D/MtkOmxVdec(  204): [0xf0ff0000] 1 1 16(GetM4UFrameandBitstreamBuffer:1280)
12-22 18:47:31.204 D/hwcomposer(  192): [BLT] (1:0) set video to mdp,refpts:480,systime:142983
12-22 18:47:31.205 D/MDP     (  192): DpBlitStream: setPQParameter id 10000002 enable 1 scenario 1
12-22 18:47:31.205 D/MDP     (  192): DpBlit: in: (1920, 1088, 61440, 30720, C12b, P1), crop: (0, 0, 1920, 1080), sec:0, 10bit:0
12-22 18:47:31.205 D/MDP     (  192): DpBlit: out: (1920, 1080, 3840, 0, C5, P1), misc: (X:0, Y:0, R:0, F:0, S:1, D:0), sec:0
12-22 18:47:31.205 D/MDP     (  192): getCscInfo: pCscInfo 10bit 0 , 10bittile 0, cscformat 0
12-22 18:47:31.205 D/MDP     (  192): DpEngine_TDSHP: bypassed by NCS Tuning mode... 
12-22 18:47:31.207 D/MtkOmxVdec(  204): [0xf0ff0000] mFrameInterval is 0,  fps is 0 
12-22 18:47:31.211 D/MDP     (  192): [TDSHP][ADL] setHistogram().. bypass this frame by wrong id, curr[0]
12-22 18:47:31.211 D/MDP     (  192): DpBlit: time 6 ms, type 0, pq 0
12-22 18:47:31.212 D/hwcomposer(  192): [DEV] (1:0) Layer+ fps=0, refpts:480,systime:142991
12-22 18:47:31.220 D/AudioFlinger(  204): volume vl 0, vr 0, typeV 0.000000, masterV 1.000000
12-22 18:47:31.220 D/AudioALSAStreamOut(  204): write(), buffer = 0xf5e13000, bytes = 4096
12-22 18:47:31.220 D/AudioALSAPlaybackHandlerHDMI(  204): write(), buffer = 0xf5e13000, bytes = 4096
12-22 18:47:31.220 D/AudioFlinger(  204): volume vl 0, vr 0, typeV 0.000000, masterV 1.000000
12-22 18:47:31.221 D/AudioALSAStreamOut(  204): write(), buffer = 0xf5e13000, bytes = 4096
12-22 18:47:31.221 D/AudioALSAPlaybackHandlerHDMI(  204): write(), buffer = 0xf5e13000, bytes = 4096
12-22 18:47:31.233 D/MtkOmxVdec(  204): [0xf0ff0000] 1 1 16(GetM4UFrameandBitstreamBuffer:1280)
12-22 18:47:31.233 D/MFV_COMMON(  204): this is ASP
12-22 18:47:31.233 D/MFV_COMMON(  204): [MP4_DEC] get user data done!!
12-22 18:47:31.238 D/hwcomposer(  192): [BLT] (1:0) set video to mdp,refpts:520,systime:143017
12-22 18:47:31.238 D/MDP     (  192): DpBlitStream: setPQParameter id 10000002 enable 1 scenario 1
12-22 18:47:31.238 D/MDP     (  192): DpBlit: in: (1920, 1088, 61440, 30720, C12b, P1), crop: (0, 0, 1920, 1080), sec:0, 10bit:0
12-22 18:47:31.239 D/MDP     (  192): DpBlit: out: (1920, 1080, 3840, 0, C5, P1), misc: (X:0, Y:0, R:0, F:0, S:1, D:0), sec:0
12-22 18:47:31.239 D/MDP     (  192): getCscInfo: pCscInfo 10bit 0 , 10bittile 0, cscformat 0
12-22 18:47:31.239 D/MDP     (  192): DpEngine_TDSHP: bypassed by NCS Tuning mode... 
12-22 18:47:31.243 D/MtkOmxVdec(  204): [0xf0ff0000] mFrameInterval is 0,  fps is 0 
12-22 18:47:31.245 D/MDP     (  192): [TDSHP][ADL] setHistogram().. bypass this frame by wrong id, curr[0]
12-22 18:47:31.245 D/MDP     (  192): DpBlit: time 6 ms, type 0, pq 0
12-22 18:47:31.245 D/hwcomposer(  192): [DEV] (1:0) Layer+ fps=0, refpts:520,systime:143024
12-22 18:47:31.263 D/AudioFlinger(  204): volume vl 0, vr 0, typeV 0.000000, masterV 1.000000
12-22 18:47:31.263 D/AudioALSAStreamOut(  204): write(), buffer = 0xf5e13000, bytes = 4096
12-22 18:47:31.263 D/AudioALSAPlaybackHandlerHDMI(  204): write(), buffer = 0xf5e13000, bytes = 4096
12-22 18:47:31.263 D/AudioFlinger(  204): volume vl 0, vr 0, typeV 0.000000, masterV 1.000000
12-22 18:47:31.263 D/AudioALSAStreamOut(  204): write(), buffer = 0xf5e13000, bytes = 4096
12-22 18:47:31.263 D/AudioALSAPlaybackHandlerHDMI(  204): write(), buffer = 0xf5e13000, bytes = 4096
12-22 18:47:31.273 D/MtkOmxVdec(  204): [0xf0ff0000] 1 1 16(GetM4UFrameandBitstreamBuffer:1280)
12-22 18:47:31.273 D/MFV_COMMON(  204): this is ASP
12-22 18:47:31.273 D/MFV_COMMON(  204): [MP4_DEC] get user data done!!
12-22 18:47:31.283 D/MtkOmxVdec(  204): [0xf0ff0000] mFrameInterval is 0,  fps is 0 
12-22 18:47:31.288 D/hwcomposer(  192): [BLT] (1:0) set video to mdp,refpts:560,systime:143067
12-22 18:47:31.289 D/MDP     (  192): DpBlitStream: setPQParameter id 10000002 enable 1 scenario 1
12-22 18:47:31.289 D/MDP     (  192): DpBlit: in: (1920, 1088, 61440, 30720, C12b, P1), crop: (0, 0, 1920, 1080), sec:0, 10bit:0
12-22 18:47:31.289 D/MDP     (  192): DpBlit: out: (1920, 1080, 3840, 0, C5, P1), misc: (X:0, Y:0, R:0, F:0, S:1, D:0), sec:0
12-22 18:47:31.289 D/MDP     (  192): getCscInfo: pCscInfo 10bit 0 , 10bittile 0, cscformat 0
12-22 18:47:31.290 D/MDP     (  192): DpEngine_TDSHP: bypassed by NCS Tuning mode... 
12-22 18:47:31.296 D/MDP     (  192): [TDSHP][ADL] setHistogram().. bypass this frame by wrong id, curr[0]
12-22 18:47:31.296 D/MDP     (  192): DpBlit: time 7 ms, type 0, pq 0
12-22 18:47:31.296 D/hwcomposer(  192): [DEV] (1:0) Layer+ fps=0, refpts:560,systime:143076
12-22 18:47:31.305 D/AudioFlinger(  204): volume vl 0, vr 0, typeV 0.000000, masterV 1.000000
12-22 18:47:31.305 D/AudioALSAStreamOut(  204): write(), buffer = 0xf5e13000, bytes = 4096
12-22 18:47:31.305 D/AudioALSAPlaybackHandlerHDMI(  204): write(), buffer = 0xf5e13000, bytes = 4096
12-22 18:47:31.306 D/AudioFlinger(  204): volume vl 0, vr 0, typeV 0.000000, masterV 1.000000
12-22 18:47:31.306 D/AudioALSAStreamOut(  204): write(), buffer = 0xf5e13000, bytes = 4096
12-22 18:47:31.306 D/AudioALSAPlaybackHandlerHDMI(  204): write(), buffer = 0xf5e13000, bytes = 4096
12-22 18:47:31.312 D/MtkOmxVdec(  204): [0xf0ff0000] 1 1 16(GetM4UFrameandBitstreamBuffer:1280)
12-22 18:47:31.312 D/MFV_COMMON(  204): this is ASP
12-22 18:47:31.312 D/MFV_COMMON(  204): [MP4_DEC] get user data done!!
12-22 18:47:31.321 D/hwcomposer(  192): [BLT] (1:0) set video to mdp,refpts:600,systime:143100
12-22 18:47:31.321 D/MDP     (  192): DpBlitStream: setPQParameter id 10000002 enable 1 scenario 1
12-22 18:47:31.322 D/MDP     (  192): DpBlit: in: (1920, 1088, 61440, 30720, C12b, P1), crop: (0, 0, 1920, 1080), sec:0, 10bit:0
12-22 18:47:31.322 D/MDP     (  192): DpBlit: out: (1920, 1080, 3840, 0, C5, P1), misc: (X:0, Y:0, R:0, F:0, S:1, D:0), sec:0
12-22 18:47:31.322 D/MDP     (  192): getCscInfo: pCscInfo 10bit 0 , 10bittile 0, cscformat 0
12-22 18:47:31.322 D/MDP     (  192): DpEngine_TDSHP: bypassed by NCS Tuning mode... 
12-22 18:47:31.324 D/MtkOmxVdec(  204): [0xf0ff0000] mFrameInterval is 0,  fps is 0 
12-22 18:47:31.328 D/MDP     (  192): [TDSHP][ADL] setHistogram().. bypass this frame by wrong id, curr[0]
12-22 18:47:31.328 D/MDP     (  192): DpBlit: time 6 ms, type 0, pq 0
12-22 18:47:31.329 D/hwcomposer(  192): [DEV] (1:0) Layer+ fps=0, refpts:600,systime:143108
12-22 18:47:31.348 D/AudioFlinger(  204): volume vl 0, vr 0, typeV 0.000000, masterV 1.000000
12-22 18:47:31.348 D/AudioALSAStreamOut(  204): write(), buffer = 0xf5e13000, bytes = 4096
12-22 18:47:31.348 D/AudioALSAPlaybackHandlerHDMI(  204): write(), buffer = 0xf5e13000, bytes = 4096
12-22 18:47:31.348 D/AudioFlinger(  204): volume vl 0, vr 0, typeV 0.000000, masterV 1.000000
12-22 18:47:31.348 D/AudioALSAStreamOut(  204): write(), buffer = 0xf5e13000, bytes = 4096
12-22 18:47:31.349 D/AudioALSAPlaybackHandlerHDMI(  204): write(), buffer = 0xf5e13000, bytes = 4096
12-22 18:47:31.352 D/MtkOmxVdec(  204): [0xf0ff0000] 1 1 16(GetM4UFrameandBitstreamBuffer:1280)
12-22 18:47:31.353 D/MFV_COMMON(  204): this is ASP
12-22 18:47:31.353 D/MFV_COMMON(  204): [MP4_DEC] get user data done!!
12-22 18:47:31.355 D/hwcomposer(  192): [BLT] (1:0) set video to mdp,refpts:640,systime:143134
12-22 18:47:31.356 D/MDP     (  192): DpBlitStream: setPQParameter id 10000002 enable 1 scenario 1
12-22 18:47:31.356 D/MDP     (  192): DpBlit: in: (1920, 1088, 61440, 30720, C12b, P1), crop: (0, 0, 1920, 1080), sec:0, 10bit:0
12-22 18:47:31.356 D/MDP     (  192): DpBlit: out: (1920, 1080, 3840, 0, C5, P1), misc: (X:0, Y:0, R:0, F:0, S:1, D:0), sec:0
12-22 18:47:31.356 D/MDP     (  192): getCscInfo: pCscInfo 10bit 0 , 10bittile 0, cscformat 0
12-22 18:47:31.356 D/MDP     (  192): DpEngine_TDSHP: bypassed by NCS Tuning mode... 
12-22 18:47:31.362 D/MDP     (  192): [TDSHP][ADL] setHistogram().. bypass this frame by wrong id, curr[0]
12-22 18:47:31.362 D/MDP     (  192): DpBlit: time 6 ms, type 0, pq 0
12-22 18:47:31.362 D/hwcomposer(  192): [DEV] (1:0) Layer+ fps=0, refpts:640,systime:143141
12-22 18:47:31.363 D/MtkOmxVdec(  204): [0xf0ff0000] mFrameInterval is 0,  fps is 0 
12-22 18:47:31.391 D/AudioFlinger(  204): volume vl 0, vr 0, typeV 0.000000, masterV 1.000000
12-22 18:47:31.391 D/AudioALSAStreamOut(  204): write(), buffer = 0xf5e13000, bytes = 4096
12-22 18:47:31.391 D/AudioALSAPlaybackHandlerHDMI(  204): write(), buffer = 0xf5e13000, bytes = 4096
12-22 18:47:31.391 D/AudioFlinger(  204): volume vl 0, vr 0, typeV 0.000000, masterV 1.000000
12-22 18:47:31.391 D/AudioALSAStreamOut(  204): write(), buffer = 0xf5e13000, bytes = 4096
12-22 18:47:31.391 D/AudioALSAPlaybackHandlerHDMI(  204): write(), buffer = 0xf5e13000, bytes = 4096
12-22 18:47:31.392 D/MtkOmxVdec(  204): [0xf0ff0000] 1 1 16(GetM4UFrameandBitstreamBuffer:1280)
12-22 18:47:31.393 D/MFV_COMMON(  204): this is ASP
12-22 18:47:31.393 D/MFV_COMMON(  204): [MP4_DEC] get user data done!!
12-22 18:47:31.403 D/MtkOmxVdec(  204): [0xf0ff0000] mFrameInterval is 0,  fps is 0 
12-22 18:47:31.405 D/hwcomposer(  192): [BLT] (1:0) set video to mdp,refpts:680,systime:143184
12-22 18:47:31.405 D/MDP     (  192): DpBlitStream: setPQParameter id 10000002 enable 1 scenario 1
12-22 18:47:31.405 D/MDP     (  192): DpBlit: in: (1920, 1088, 61440, 30720, C12b, P1), crop: (0, 0, 1920, 1080), sec:0, 10bit:0
12-22 18:47:31.405 D/MDP     (  192): DpBlit: out: (1920, 1080, 3840, 0, C5, P1), misc: (X:0, Y:0, R:0, F:0, S:1, D:0), sec:0
12-22 18:47:31.406 D/MDP     (  192): getCscInfo: pCscInfo 10bit 0 , 10bittile 0, cscformat 0
12-22 18:47:31.406 D/MDP     (  192): DpEngine_TDSHP: bypassed by NCS Tuning mode... 
12-22 18:47:31.411 D/MDP     (  192): [TDSHP][ADL] setHistogram().. bypass this frame by wrong id, curr[0]
12-22 18:47:31.412 D/MDP     (  192): DpBlit: time 6 ms, type 0, pq 0
12-22 18:47:31.412 D/hwcomposer(  192): [DEV] (1:0) Layer+ fps=0, refpts:680,systime:143191
12-22 18:47:31.433 D/MtkOmxVdec(  204): [0xf0ff0000] 1 1 16(GetM4UFrameandBitstreamBuffer:1280)
12-22 18:47:31.433 D/MFV_COMMON(  204): this is ASP
12-22 18:47:31.433 D/AudioFlinger(  204): volume vl 0, vr 0, typeV 0.000000, masterV 1.000000
12-22 18:47:31.433 D/MFV_COMMON(  204): [MP4_DEC] get user data done!!
12-22 18:47:31.433 D/AudioALSAStreamOut(  204): write(), buffer = 0xf5e13000, bytes = 4096
12-22 18:47:31.434 D/AudioALSAPlaybackHandlerHDMI(  204): write(), buffer = 0xf5e13000, bytes = 4096
12-22 18:47:31.434 D/AudioFlinger(  204): volume vl 0, vr 0, typeV 0.000000, masterV 1.000000
12-22 18:47:31.434 D/AudioALSAStreamOut(  204): write(), buffer = 0xf5e13000, bytes = 4096
12-22 18:47:31.434 D/AudioALSAPlaybackHandlerHDMI(  204): write(), buffer = 0xf5e13000, bytes = 4096
12-22 18:47:31.438 D/hwcomposer(  192): [BLT] (1:0) set video to mdp,refpts:720,systime:143217
12-22 18:47:31.438 D/MDP     (  192): DpBlitStream: setPQParameter id 10000002 enable 1 scenario 1
12-22 18:47:31.438 D/MDP     (  192): DpBlit: in: (1920, 1088, 61440, 30720, C12b, P1), crop: (0, 0, 1920, 1080), sec:0, 10bit:0
12-22 18:47:31.438 D/MDP     (  192): DpBlit: out: (1920, 1080, 3840, 0, C5, P1), misc: (X:0, Y:0, R:0, F:0, S:1, D:0), sec:0
12-22 18:47:31.438 D/MDP     (  192): getCscInfo: pCscInfo 10bit 0 , 10bittile 0, cscformat 0
12-22 18:47:31.439 D/MDP     (  192): DpEngine_TDSHP: bypassed by NCS Tuning mode... 
12-22 18:47:31.443 D/MtkOmxVdec(  204): [0xf0ff0000] mFrameInterval is 0,  fps is 0 
12-22 18:47:31.444 D/MDP     (  192): [TDSHP][ADL] setHistogram().. bypass this frame by wrong id, curr[0]
12-22 18:47:31.445 D/MDP     (  192): DpBlit: time 6 ms, type 0, pq 0
12-22 18:47:31.445 D/hwcomposer(  192): [DEV] (1:0) Layer+ fps=0, refpts:720,systime:143224
12-22 18:47:31.472 D/MtkOmxVdec(  204): [0xf0ff0000] 1 1 16(GetM4UFrameandBitstreamBuffer:1280)
12-22 18:47:31.472 D/MFV_COMMON(  204): this is ASP
12-22 18:47:31.472 D/MFV_COMMON(  204): [MP4_DEC] get user data done!!
12-22 18:47:31.476 D/AudioFlinger(  204): volume vl 0, vr 0, typeV 0.000000, masterV 1.000000
12-22 18:47:31.476 D/AudioALSAStreamOut(  204): write(), buffer = 0xf5e13000, bytes = 4096
12-22 18:47:31.476 D/AudioALSAPlaybackHandlerHDMI(  204): write(), buffer = 0xf5e13000, bytes = 4096
12-22 18:47:31.476 D/AudioFlinger(  204): volume vl 0, vr 0, typeV 0.000000, masterV 1.000000
12-22 18:47:31.477 D/AudioALSAStreamOut(  204): write(), buffer = 0xf5e13000, bytes = 4096
12-22 18:47:31.477 D/AudioALSAPlaybackHandlerHDMI(  204): write(), buffer = 0xf5e13000, bytes = 4096
12-22 18:47:31.482 D/MtkOmxVdec(  204): [0xf0ff0000] mFrameInterval is 0,  fps is 0 
12-22 18:47:31.488 D/hwcomposer(  192): [BLT] (1:0) set video to mdp,refpts:760,systime:143267
12-22 18:47:31.489 D/MDP     (  192): DpBlitStream: setPQParameter id 10000002 enable 1 scenario 1
12-22 18:47:31.489 D/MDP     (  192): DpBlit: in: (1920, 1088, 61440, 30720, C12b, P1), crop: (0, 0, 1920, 1080), sec:0, 10bit:0
12-22 18:47:31.489 D/MDP     (  192): DpBlit: out: (1920, 1080, 3840, 0, C5, P1), misc: (X:0, Y:0, R:0, F:0, S:1, D:0), sec:0
12-22 18:47:31.489 D/MDP     (  192): getCscInfo: pCscInfo 10bit 0 , 10bittile 0, cscformat 0
12-22 18:47:31.489 D/MDP     (  192): DpEngine_TDSHP: bypassed by NCS Tuning mode... 
12-22 18:47:31.495 D/MDP     (  192): [TDSHP][ADL] setHistogram().. bypass this frame by wrong id, curr[0]
12-22 18:47:31.495 D/MDP     (  192): DpBlit: time 6 ms, type 0, pq 0
12-22 18:47:31.496 D/hwcomposer(  192): [DEV] (1:0) Layer+ fps=0, refpts:760,systime:143275
12-22 18:47:31.513 D/MtkOmxVdec(  204): [0xf0ff0000] 1 1 16(GetM4UFrameandBitstreamBuffer:1280)
12-22 18:47:31.513 D/MFV_COMMON(  204): this is ASP
12-22 18:47:31.513 D/MFV_COMMON(  204): [MP4_DEC] get user data done!!
12-22 18:47:31.519 D/AudioFlinger(  204): volume vl 0, vr 0, typeV 0.000000, masterV 1.000000
12-22 18:47:31.519 D/AudioALSAStreamOut(  204): write(), buffer = 0xf5e13000, bytes = 4096
12-22 18:47:31.519 D/AudioALSAPlaybackHandlerHDMI(  204): write(), buffer = 0xf5e13000, bytes = 4096
12-22 18:47:31.519 D/AudioFlinger(  204): volume vl 0, vr 0, typeV 0.000000, masterV 1.000000
12-22 18:47:31.519 D/AudioALSAStreamOut(  204): write(), buffer = 0xf5e13000, bytes = 4096
12-22 18:47:31.519 D/AudioALSAPlaybackHandlerHDMI(  204): write(), buffer = 0xf5e13000, bytes = 4096
12-22 18:47:31.521 D/hwcomposer(  192): [BLT] (1:0) set video to mdp,refpts:800,systime:143300
12-22 18:47:31.522 D/MDP     (  192): DpBlitStream: setPQParameter id 10000002 enable 1 scenario 1
12-22 18:47:31.522 D/MDP     (  192): DpBlit: in: (1920, 1088, 61440, 30720, C12b, P1), crop: (0, 0, 1920, 1080), sec:0, 10bit:0
12-22 18:47:31.522 D/MDP     (  192): DpBlit: out: (1920, 1080, 3840, 0, C5, P1), misc: (X:0, Y:0, R:0, F:0, S:1, D:0), sec:0
12-22 18:47:31.522 D/MDP     (  192): getCscInfo: pCscInfo 10bit 0 , 10bittile 0, cscformat 0
12-22 18:47:31.522 D/MDP     (  192): DpEngine_TDSHP: bypassed by NCS Tuning mode... 
12-22 18:47:31.522 D/MtkOmxVdec(  204): [0xf0ff0000] mFrameInterval is 0,  fps is 0 
12-22 18:47:31.528 D/MDP     (  192): [TDSHP][ADL] setHistogram().. bypass this frame by wrong id, curr[0]
12-22 18:47:31.528 D/MDP     (  192): DpBlit: time 6 ms, type 0, pq 0
12-22 18:47:31.528 D/hwcomposer(  192): [DEV] (1:0) Layer+ fps=0, refpts:800,systime:143307
12-22 18:47:31.552 D/MtkOmxVdec(  204): [0xf0ff0000] 1 1 16(GetM4UFrameandBitstreamBuffer:1280)
12-22 18:47:31.555 D/MFV_COMMON(  204): this is ASP
12-22 18:47:31.555 D/hwcomposer(  192): [BLT] (1:0) set video to mdp,refpts:840,systime:143334
12-22 18:47:31.555 D/MFV_COMMON(  204): [MP4_DEC] get user data done!!
12-22 18:47:31.555 D/MDP     (  192): DpBlitStream: setPQParameter id 10000002 enable 1 scenario 1
12-22 18:47:31.555 D/MDP     (  192): DpBlit: in: (1920, 1088, 61440, 30720, C12b, P1), crop: (0, 0, 1920, 1080), sec:0, 10bit:0
12-22 18:47:31.556 D/MDP     (  192): DpBlit: out: (1920, 1080, 3840, 0, C5, P1), misc: (X:0, Y:0, R:0, F:0, S:1, D:0), sec:0
12-22 18:47:31.556 D/MDP     (  192): getCscInfo: pCscInfo 10bit 0 , 10bittile 0, cscformat 0
12-22 18:47:31.556 D/MDP     (  192): DpEngine_TDSHP: bypassed by NCS Tuning mode... 
12-22 18:47:31.561 D/AudioFlinger(  204): volume vl 0, vr 0, typeV 0.000000, masterV 1.000000
12-22 18:47:31.562 D/AudioALSAStreamOut(  204): write(), buffer = 0xf5e13000, bytes = 4096
12-22 18:47:31.562 D/AudioALSAPlaybackHandlerHDMI(  204): write(), buffer = 0xf5e13000, bytes = 4096
12-22 18:47:31.562 D/AudioFlinger(  204): volume vl 0, vr 0, typeV 0.000000, masterV 1.000000
12-22 18:47:31.562 D/AudioALSAStreamOut(  204): write(), buffer = 0xf5e13000, bytes = 4096
12-22 18:47:31.562 D/AudioALSAPlaybackHandlerHDMI(  204): write(), buffer = 0xf5e13000, bytes = 4096
12-22 18:47:31.562 D/MDP     (  192): [TDSHP][ADL] setHistogram().. bypass this frame by wrong id, curr[0]
12-22 18:47:31.562 D/MDP     (  192): DpBlit: time 6 ms, type 0, pq 0
12-22 18:47:31.562 D/hwcomposer(  192): [DEV] (1:0) Layer+ fps=0, refpts:840,systime:143342
12-22 18:47:31.565 D/MtkOmxVdec(  204): [0xf0ff0000] mFrameInterval is 0,  fps is 0 
12-22 18:47:31.592 D/MtkOmxVdec(  204): [0xf0ff0000] 1 1 16(GetM4UFrameandBitstreamBuffer:1280)
12-22 18:47:31.601 E/MiPlayer(  204): notify PLAYER STARTED
12-22 18:47:31.601 W/MediaPlayer( 4418): info/warning (901, 0)
12-22 18:47:31.602 D/MtkOmxVdec(  204): [0xf0ff0000] mFrameInterval is 0,  fps is 0 
12-22 18:47:31.604 D/AudioFlinger(  204): volume vl 0, vr 0, typeV 0.000000, masterV 1.000000
12-22 18:47:31.604 D/AudioALSAStreamOut(  204): write(), buffer = 0xf5e13000, bytes = 4096
12-22 18:47:31.604 D/AudioALSAPlaybackHandlerHDMI(  204): write(), buffer = 0xf5e13000, bytes = 4096
12-22 18:47:31.604 D/AudioFlinger(  204): volume vl 0, vr 0, typeV 0.000000, masterV 1.000000
12-22 18:47:31.605 D/AudioALSAStreamOut(  204): write(), buffer = 0xf5e13000, bytes = 4096
12-22 18:47:31.605 D/AudioALSAPlaybackHandlerHDMI(  204): write(), buffer = 0xf5e13000, bytes = 4096
12-22 18:47:31.605 D/hwcomposer(  192): [BLT] (1:0) set video to mdp,refpts:880,systime:143384
12-22 18:47:31.606 D/MDP     (  192): DpBlitStream: setPQParameter id 10000002 enable 1 scenario 1
12-22 18:47:31.606 D/MDP     (  192): DpBlit: in: (1920, 1088, 61440, 30720, C12b, P1), crop: (0, 0, 1920, 1080), sec:0, 10bit:0
12-22 18:47:31.606 D/MDP     (  192): DpBlit: out: (1920, 1080, 3840, 0, C5, P1), misc: (X:0, Y:0, R:0, F:0, S:1, D:0), sec:0
12-22 18:47:31.606 D/MDP     (  192): getCscInfo: pCscInfo 10bit 0 , 10bittile 0, cscformat 0
12-22 18:47:31.606 D/MDP     (  192): DpEngine_TDSHP: bypassed by NCS Tuning mode... 
12-22 18:47:31.612 D/MDP     (  192): [TDSHP][ADL] setHistogram().. bypass this frame by wrong id, curr[0]
12-22 18:47:31.612 D/MDP     (  192): DpBlit: time 6 ms, type 0, pq 0
12-22 18:47:31.613 D/hwcomposer(  192): [DEV] (1:0) Layer+ fps=0, refpts:880,systime:143392
12-22 18:47:31.633 D/MtkOmxVdec(  204): [0xf0ff0000] 1 1 16(GetM4UFrameandBitstreamBuffer:1280)
12-22 18:47:31.639 D/hwcomposer(  192): [BLT] (1:0) set video to mdp,refpts:920,systime:143418
12-22 18:47:31.639 D/MDP     (  192): DpBlitStream: setPQParameter id 10000002 enable 1 scenario 1
12-22 18:47:31.639 D/MDP     (  192): DpBlit: in: (1920, 1088, 61440, 30720, C12b, P1), crop: (0, 0, 1920, 1080), sec:0, 10bit:0
12-22 18:47:31.639 D/MDP     (  192): DpBlit: out: (1920, 1080, 3840, 0, C5, P1), misc: (X:0, Y:0, R:0, F:0, S:1, D:0), sec:0
12-22 18:47:31.639 D/MDP     (  192): getCscInfo: pCscInfo 10bit 0 , 10bittile 0, cscformat 0
12-22 18:47:31.639 D/MDP     (  192): DpEngine_TDSHP: bypassed by NCS Tuning mode... 
12-22 18:47:31.642 D/MtkOmxVdec(  204): [0xf0ff0000] mFrameInterval is 0,  fps is 0 
12-22 18:47:31.645 D/MDP     (  192): [TDSHP][ADL] setHistogram().. bypass this frame by wrong id, curr[0]
12-22 18:47:31.645 D/MDP     (  192): DpBlit: time 6 ms, type 0, pq 0
12-22 18:47:31.646 D/hwcomposer(  192): [DEV] (1:0) Layer+ fps=0, refpts:920,systime:143425
12-22 18:47:31.647 D/AudioFlinger(  204): volume vl 0, vr 0, typeV 0.000000, masterV 1.000000
12-22 18:47:31.647 D/AudioALSAStreamOut(  204): write(), buffer = 0xf5e13000, bytes = 4096
12-22 18:47:31.647 D/AudioALSAPlaybackHandlerHDMI(  204): write(), buffer = 0xf5e13000, bytes = 4096
12-22 18:47:31.647 D/AudioFlinger(  204): volume vl 0, vr 0, typeV 0.000000, masterV 1.000000
12-22 18:47:31.647 D/AudioALSAStreamOut(  204): write(), buffer = 0xf5e13000, bytes = 4096
12-22 18:47:31.647 D/AudioALSAPlaybackHandlerHDMI(  204): write(), buffer = 0xf5e13000, bytes = 4096
12-22 18:47:31.672 D/MtkOmxVdec(  204): [0xf0ff0000] 1 1 16(GetM4UFrameandBitstreamBuffer:1280)
12-22 18:47:31.682 D/MtkOmxVdec(  204): [0xf0ff0000] mFrameInterval is 0,  fps is 0 
12-22 18:47:31.688 D/hwcomposer(  192): [BLT] (1:0) set video to mdp,refpts:960,systime:143467
12-22 18:47:31.688 D/MDP     (  192): DpBlitStream: setPQParameter id 10000002 enable 1 scenario 1
12-22 18:47:31.688 D/MDP     (  192): DpBlit: in: (1920, 1088, 61440, 30720, C12b, P1), crop: (0, 0, 1920, 1080), sec:0, 10bit:0
12-22 18:47:31.688 D/MDP     (  192): DpBlit: out: (1920, 1080, 3840, 0, C5, P1), misc: (X:0, Y:0, R:0, F:0, S:1, D:0), sec:0
12-22 18:47:31.688 D/MDP     (  192): getCscInfo: pCscInfo 10bit 0 , 10bittile 0, cscformat 0
12-22 18:47:31.688 D/MDP     (  192): DpEngine_TDSHP: bypassed by NCS Tuning mode... 
12-22 18:47:31.689 D/AudioFlinger(  204): volume vl 0, vr 0, typeV 0.000000, masterV 1.000000
12-22 18:47:31.689 D/AudioALSAStreamOut(  204): write(), buffer = 0xf5e13000, bytes = 4096
12-22 18:47:31.689 D/AudioALSAPlaybackHandlerHDMI(  204): write(), buffer = 0xf5e13000, bytes = 4096
12-22 18:47:31.689 D/AudioFlinger(  204): volume vl 0, vr 0, typeV 0.000000, masterV 1.000000
12-22 18:47:31.689 D/AudioALSAStreamOut(  204): write(), buffer = 0xf5e13000, bytes = 4096
12-22 18:47:31.690 D/AudioALSAPlaybackHandlerHDMI(  204): write(), buffer = 0xf5e13000, bytes = 4096
12-22 18:47:31.694 D/MDP     (  192): [TDSHP][ADL] setHistogram().. bypass this frame by wrong id, curr[0]
12-22 18:47:31.694 D/MDP     (  192): DpBlit: time 5 ms, type 0, pq 0
12-22 18:47:31.694 D/hwcomposer(  192): [DEV] (1:0) Layer+ fps=0, refpts:960,systime:143474
12-22 18:47:31.714 D/MtkOmxVdec(  204): [0xf0ff0000] 1 1 16(GetM4UFrameandBitstreamBuffer:1280)
12-22 18:47:31.721 D/hwcomposer(  192): [BLT] (1:0) set video to mdp,refpts:1000,systime:143500
12-22 18:47:31.721 D/MDP     (  192): DpBlitStream: setPQParameter id 10000002 enable 1 scenario 1
12-22 18:47:31.721 D/MDP     (  192): DpBlit: in: (1920, 1088, 61440, 30720, C12b, P1), crop: (0, 0, 1920, 1080), sec:0, 10bit:0
12-22 18:47:31.721 D/MDP     (  192): DpBlit: out: (1920, 1080, 3840, 0, C5, P1), misc: (X:0, Y:0, R:0, F:0, S:1, D:0), sec:0
12-22 18:47:31.721 D/MDP     (  192): getCscInfo: pCscInfo 10bit 0 , 10bittile 0, cscformat 0
12-22 18:47:31.722 D/MDP     (  192): DpEngine_TDSHP: bypassed by NCS Tuning mode... 
12-22 18:47:31.722 D/MtkOmxVdec(  204): [0xf0ff0000] mFrameInterval is 0,  fps is 0 
12-22 18:47:31.727 D/MDP     (  192): [TDSHP][ADL] setHistogram().. bypass this frame by wrong id, curr[0]
12-22 18:47:31.727 D/MDP     (  192): DpBlit: time 5 ms, type 0, pq 0
12-22 18:47:31.728 D/hwcomposer(  192): [DEV] (1:0) Layer+ fps=0, refpts:1000,systime:143507
12-22 18:47:31.732 D/AudioFlinger(  204): volume vl 0, vr 0, typeV 0.000000, masterV 1.000000
12-22 18:47:31.732 D/AudioALSAStreamOut(  204): write(), buffer = 0xf5e13000, bytes = 4096
12-22 18:47:31.732 D/AudioALSAPlaybackHandlerHDMI(  204): write(), buffer = 0xf5e13000, bytes = 4096
12-22 18:47:31.732 D/AudioFlinger(  204): volume vl 0, vr 0, typeV 0.000000, masterV 1.000000
12-22 18:47:31.732 D/AudioALSAStreamOut(  204): write(), buffer = 0xf5e13000, bytes = 4096
12-22 18:47:31.732 D/AudioALSAPlaybackHandlerHDMI(  204): write(), buffer = 0xf5e13000, bytes = 4096
12-22 18:47:31.752 D/MtkOmxVdec(  204): [0xf0ff0000] 1 1 16(GetM4UFrameandBitstreamBuffer:1280)
12-22 18:47:31.755 D/hwcomposer(  192): [BLT] (1:0) set video to mdp,refpts:1040,systime:143534
12-22 18:47:31.755 D/MDP     (  192): DpBlitStream: setPQParameter id 10000002 enable 1 scenario 1
12-22 18:47:31.755 D/MDP     (  192): DpBlit: in: (1920, 1088, 61440, 30720, C12b, P1), crop: (0, 0, 1920, 1080), sec:0, 10bit:0
12-22 18:47:31.755 D/MDP     (  192): DpBlit: out: (1920, 1080, 3840, 0, C5, P1), misc: (X:0, Y:0, R:0, F:0, S:1, D:0), sec:0
12-22 18:47:31.755 D/MDP     (  192): getCscInfo: pCscInfo 10bit 0 , 10bittile 0, cscformat 0
12-22 18:47:31.755 D/MDP     (  192): DpEngine_TDSHP: bypassed by NCS Tuning mode... 
12-22 18:47:31.760 D/MtkOmxVdec(  204): [0xf0ff0000] mFrameInterval is 0,  fps is 0 
12-22 18:47:31.761 D/MDP     (  192): [TDSHP][ADL] setHistogram().. bypass this frame by wrong id, curr[0]
12-22 18:47:31.761 D/MDP     (  192): DpBlit: time 5 ms, type 0, pq 0
12-22 18:47:31.761 D/hwcomposer(  192): [DEV] (1:0) Layer+ fps=0, refpts:1040,systime:143540
12-22 18:47:31.774 D/AudioFlinger(  204): volume vl 0, vr 0, typeV 0.000000, masterV 1.000000
12-22 18:47:31.775 D/AudioALSAStreamOut(  204): write(), buffer = 0xf5e13000, bytes = 4096
12-22 18:47:31.775 D/AudioALSAPlaybackHandlerHDMI(  204): write(), buffer = 0xf5e13000, bytes = 4096
12-22 18:47:31.775 D/AudioFlinger(  204): volume vl 0, vr 0, typeV 0.000000, masterV 1.000000
12-22 18:47:31.775 D/AudioALSAStreamOut(  204): write(), buffer = 0xf5e13000, bytes = 4096
12-22 18:47:31.775 D/AudioALSAPlaybackHandlerHDMI(  204): write(), buffer = 0xf5e13000, bytes = 4096
12-22 18:47:31.792 D/MtkOmxVdec(  204): [0xf0ff0000] 1 1 16(GetM4UFrameandBitstreamBuffer:1280)
12-22 18:47:31.800 D/MtkOmxVdec(  204): [0xf0ff0000] mFrameInterval is 0,  fps is 0 
12-22 18:47:31.805 D/hwcomposer(  192): [BLT] (1:0) set video to mdp,refpts:1080,systime:143584
12-22 18:47:31.805 D/MDP     (  192): DpBlitStream: setPQParameter id 10000002 enable 1 scenario 1
12-22 18:47:31.805 D/MDP     (  192): DpBlit: in: (1920, 1088, 61440, 30720, C12b, P1), crop: (0, 0, 1920, 1080), sec:0, 10bit:0
12-22 18:47:31.805 D/MDP     (  192): DpBlit: out: (1920, 1080, 3840, 0, C5, P1), misc: (X:0, Y:0, R:0, F:0, S:1, D:0), sec:0
12-22 18:47:31.805 D/MDP     (  192): getCscInfo: pCscInfo 10bit 0 , 10bittile 0, cscformat 0
12-22 18:47:31.805 D/MDP     (  192): DpEngine_TDSHP: bypassed by NCS Tuning mode... 
12-22 18:47:31.811 D/MDP     (  192): [TDSHP][ADL] setHistogram().. bypass this frame by wrong id, curr[0]
12-22 18:47:31.811 D/MDP     (  192): DpBlit: time 6 ms, type 0, pq 0
12-22 18:47:31.811 D/hwcomposer(  192): [DEV] (1:0) Layer+ fps=0, refpts:1080,systime:143591
12-22 18:47:31.817 D/AudioFlinger(  204): volume vl 0, vr 0, typeV 0.000000, masterV 1.000000
12-22 18:47:31.818 D/AudioALSAStreamOut(  204): write(), buffer = 0xf5e13000, bytes = 4096
12-22 18:47:31.818 D/AudioALSAPlaybackHandlerHDMI(  204): write(), buffer = 0xf5e13000, bytes = 4096
12-22 18:47:31.818 D/AudioFlinger(  204): volume vl 0, vr 0, typeV 0.000000, masterV 1.000000
12-22 18:47:31.818 D/AudioALSAStreamOut(  204): write(), buffer = 0xf5e13000, bytes = 4096
12-22 18:47:31.818 D/AudioALSAPlaybackHandlerHDMI(  204): write(), buffer = 0xf5e13000, bytes = 4096
12-22 18:47:31.832 D/MtkOmxVdec(  204): [0xf0ff0000] 1 1 16(GetM4UFrameandBitstreamBuffer:1280)
12-22 18:47:31.838 D/hwcomposer(  192): [BLT] (1:0) set video to mdp,refpts:1120,systime:143617
12-22 18:47:31.839 D/MDP     (  192): DpBlitStream: setPQParameter id 10000002 enable 1 scenario 1
12-22 18:47:31.839 D/MDP     (  192): DpBlit: in: (1920, 1088, 61440, 30720, C12b, P1), crop: (0, 0, 1920, 1080), sec:0, 10bit:0
12-22 18:47:31.839 D/MDP     (  192): DpBlit: out: (1920, 1080, 3840, 0, C5, P1), misc: (X:0, Y:0, R:0, F:0, S:1, D:0), sec:0
12-22 18:47:31.839 D/MDP     (  192): getCscInfo: pCscInfo 10bit 0 , 10bittile 0, cscformat 0
12-22 18:47:31.839 D/MDP     (  192): DpEngine_TDSHP: bypassed by NCS Tuning mode... 
12-22 18:47:31.840 D/MtkOmxVdec(  204): [0xf0ff0000] mFrameInterval is 0,  fps is 0 
12-22 18:47:31.845 D/MDP     (  192): [TDSHP][ADL] setHistogram().. bypass this frame by wrong id, curr[0]
12-22 18:47:31.845 D/MDP     (  192): DpBlit: time 6 ms, type 0, pq 0
12-22 18:47:31.845 D/hwcomposer(  192): [DEV] (1:0) Layer+ fps=0, refpts:1120,systime:143624
12-22 18:47:31.860 D/AudioFlinger(  204): volume vl 0, vr 0, typeV 0.000000, masterV 1.000000
12-22 18:47:31.860 D/AudioALSAStreamOut(  204): write(), buffer = 0xf5e13000, bytes = 4096
12-22 18:47:31.860 D/AudioALSAPlaybackHandlerHDMI(  204): write(), buffer = 0xf5e13000, bytes = 4096
12-22 18:47:31.860 D/AudioFlinger(  204): volume vl 0, vr 0, typeV 0.000000, masterV 1.000000
12-22 18:47:31.861 D/AudioALSAStreamOut(  204): write(), buffer = 0xf5e13000, bytes = 4096
12-22 18:47:31.861 D/AudioALSAPlaybackHandlerHDMI(  204): write(), buffer = 0xf5e13000, bytes = 4096
12-22 18:47:31.874 D/MtkOmxVdec(  204): [0xf0ff0000] 1 1 16(GetM4UFrameandBitstreamBuffer:1280)
12-22 18:47:31.882 D/libp2p  ( 2264): 30s package send__count = 629 recv_count = 2047
12-22 18:47:31.882 D/MtkOmxVdec(  204): [0xf0ff0000] mFrameInterval is 0,  fps is 0 
12-22 18:47:31.888 D/hwcomposer(  192): [BLT] (1:0) set video to mdp,refpts:1160,systime:143667
12-22 18:47:31.889 D/MDP     (  192): DpBlitStream: setPQParameter id 10000002 enable 1 scenario 1
12-22 18:47:31.889 D/MDP     (  192): DpBlit: in: (1920, 1088, 61440, 30720, C12b, P1), crop: (0, 0, 1920, 1080), sec:0, 10bit:0
12-22 18:47:31.889 D/MDP     (  192): DpBlit: out: (1920, 1080, 3840, 0, C5, P1), misc: (X:0, Y:0, R:0, F:0, S:1, D:0), sec:0
12-22 18:47:31.889 D/MDP     (  192): getCscInfo: pCscInfo 10bit 0 , 10bittile 0, cscformat 0
12-22 18:47:31.889 D/MDP     (  192): DpEngine_TDSHP: bypassed by NCS Tuning mode... 
12-22 18:47:31.895 D/MDP     (  192): [TDSHP][ADL] setHistogram().. bypass this frame by wrong id, curr[0]
12-22 18:47:31.895 D/MDP     (  192): DpBlit: time 6 ms, type 0, pq 0
12-22 18:47:31.896 D/hwcomposer(  192): [DEV] (1:0) Layer+ fps=0, refpts:1160,systime:143675
12-22 18:47:31.903 D/AudioFlinger(  204): volume vl 0, vr 0, typeV 0.000000, masterV 1.000000
12-22 18:47:31.903 D/AudioALSAStreamOut(  204): write(), buffer = 0xf5e13000, bytes = 4096
12-22 18:47:31.903 D/AudioALSAPlaybackHandlerHDMI(  204): write(), buffer = 0xf5e13000, bytes = 4096
12-22 18:47:31.903 D/AudioFlinger(  204): volume vl 0, vr 0, typeV 0.000000, masterV 1.000000
12-22 18:47:31.903 D/AudioALSAStreamOut(  204): write(), buffer = 0xf5e13000, bytes = 4096
12-22 18:47:31.903 D/AudioALSAPlaybackHandlerHDMI(  204): write(), buffer = 0xf5e13000, bytes = 4096
12-22 18:47:31.913 D/MtkOmxVdec(  204): [0xf0ff0000] 1 1 16(GetM4UFrameandBitstreamBuffer:1280)
12-22 18:47:31.922 D/hwcomposer(  192): [BLT] (1:0) set video to mdp,refpts:1200,systime:143701
12-22 18:47:31.922 D/MDP     (  192): DpBlitStream: setPQParameter id 10000002 enable 1 scenario 1
12-22 18:47:31.922 D/MDP     (  192): DpBlit: in: (1920, 1088, 61440, 30720, C12b, P1), crop: (0, 0, 1920, 1080), sec:0, 10bit:0
12-22 18:47:31.922 D/MDP     (  192): DpBlit: out: (1920, 1080, 3840, 0, C5, P1), misc: (X:0, Y:0, R:0, F:0, S:1, D:0), sec:0
12-22 18:47:31.922 D/MDP     (  192): getCscInfo: pCscInfo 10bit 0 , 10bittile 0, cscformat 0
12-22 18:47:31.922 D/MDP     (  192): DpEngine_TDSHP: bypassed by NCS Tuning mode... 
12-22 18:47:31.923 D/MtkOmxVdec(  204): [0xf0ff0000] mFrameInterval is 0,  fps is 0 
12-22 18:47:31.928 D/MDP     (  192): [TDSHP][ADL] setHistogram().. bypass this frame by wrong id, curr[0]
12-22 18:47:31.928 D/MDP     (  192): DpBlit: time 6 ms, type 0, pq 0
12-22 18:47:31.929 D/hwcomposer(  192): [DEV] (1:0) Layer+ fps=0, refpts:1200,systime:143708
12-22 18:47:31.946 D/AudioFlinger(  204): volume vl 0, vr 0, typeV 0.000000, masterV 1.000000
12-22 18:47:31.946 D/AudioALSAStreamOut(  204): write(), buffer = 0xf5e13000, bytes = 4096
12-22 18:47:31.946 D/AudioALSAPlaybackHandlerHDMI(  204): write(), buffer = 0xf5e13000, bytes = 4096
12-22 18:47:31.946 D/AudioFlinger(  204): volume vl 0, vr 0, typeV 0.000000, masterV 1.000000
12-22 18:47:31.946 D/AudioALSAStreamOut(  204): write(), buffer = 0xf5e13000, bytes = 4096
12-22 18:47:31.946 D/AudioALSAPlaybackHandlerHDMI(  204): write(), buffer = 0xf5e13000, bytes = 4096
12-22 18:47:31.955 D/MtkOmxVdec(  204): [0xf0ff0000] 1 1 16(GetM4UFrameandBitstreamBuffer:1280)
12-22 18:47:31.956 D/hwcomposer(  192): [BLT] (1:0) set video to mdp,refpts:1240,systime:143735
12-22 18:47:31.956 D/MDP     (  192): DpBlitStream: setPQParameter id 10000002 enable 1 scenario 1
12-22 18:47:31.956 D/MDP     (  192): DpBlit: in: (1920, 1088, 61440, 30720, C12b, P1), crop: (0, 0, 1920, 1080), sec:0, 10bit:0
12-22 18:47:31.956 D/MDP     (  192): DpBlit: out: (1920, 1080, 3840, 0, C5, P1), misc: (X:0, Y:0, R:0, F:0, S:1, D:0), sec:0
12-22 18:47:31.956 D/MDP     (  192): getCscInfo: pCscInfo 10bit 0 , 10bittile 0, cscformat 0
12-22 18:47:31.956 D/MDP     (  192): DpEngine_TDSHP: bypassed by NCS Tuning mode... 
12-22 18:47:31.957 D/GalleryPlayState( 2264): GetPlayState return :2
12-22 18:47:31.957 D/com.xiaomi.tv.gallery.download.TVPCDNDownloadManager( 2264): notifyAll
12-22 18:47:31.962 D/MDP     (  192): [TDSHP][ADL] setHistogram().. bypass this frame by wrong id, curr[0]
12-22 18:47:31.962 D/MDP     (  192): DpBlit: time 6 ms, type 0, pq 0
12-22 18:47:31.963 D/MtkOmxVdec(  204): [0xf0ff0000] mFrameInterval is 0,  fps is 0 
12-22 18:47:31.963 D/hwcomposer(  192): [DEV] (1:0) Layer+ fps=0, refpts:1240,systime:143742
12-22 18:47:31.988 D/AudioFlinger(  204): volume vl 0, vr 0, typeV 0.000000, masterV 1.000000
12-22 18:47:31.988 D/AudioALSAStreamOut(  204): write(), buffer = 0xf5e13000, bytes = 4096
12-22 18:47:31.988 D/AudioALSAPlaybackHandlerHDMI(  204): write(), buffer = 0xf5e13000, bytes = 4096
12-22 18:47:31.988 D/AudioFlinger(  204): volume vl 0, vr 0, typeV 0.000000, masterV 1.000000
12-22 18:47:31.989 D/AudioALSAStreamOut(  204): write(), buffer = 0xf5e13000, bytes = 4096
12-22 18:47:31.989 D/AudioALSAPlaybackHandlerHDMI(  204): write(), buffer = 0xf5e13000, bytes = 4096
12-22 18:47:31.993 D/MtkOmxVdec(  204): [0xf0ff0000] 1 1 16(GetM4UFrameandBitstreamBuffer:1280)
12-22 18:47:32.001 D/MtkOmxVdec(  204): [0xf0ff0000] mFrameInterval is 0,  fps is 0 
12-22 18:47:32.005 D/hwcomposer(  192): [BLT] (1:0) set video to mdp,refpts:1280,systime:143784
12-22 18:47:32.005 D/MDP     (  192): DpBlitStream: setPQParameter id 10000002 enable 1 scenario 1
12-22 18:47:32.006 D/MDP     (  192): DpBlit: in: (1920, 1088, 61440, 30720, C12b, P1), crop: (0, 0, 1920, 1080), sec:0, 10bit:0
12-22 18:47:32.006 D/MDP     (  192): DpBlit: out: (1920, 1080, 3840, 0, C5, P1), misc: (X:0, Y:0, R:0, F:0, S:1, D:0), sec:0
12-22 18:47:32.006 D/MDP     (  192): getCscInfo: pCscInfo 10bit 0 , 10bittile 0, cscformat 0
12-22 18:47:32.006 D/MDP     (  192): DpEngine_TDSHP: bypassed by NCS Tuning mode... 
12-22 18:47:32.012 D/MDP     (  192): [TDSHP][ADL] setHistogram().. bypass this frame by wrong id, curr[0]
12-22 18:47:32.012 D/MDP     (  192): DpBlit: time 6 ms, type 0, pq 0
12-22 18:47:32.012 D/hwcomposer(  192): [DEV] (1:0) Layer+ fps=0, refpts:1280,systime:143791
12-22 18:47:32.031 D/AudioFlinger(  204): volume vl 0, vr 0, typeV 0.000000, masterV 1.000000
12-22 18:47:32.031 D/AudioALSAStreamOut(  204): write(), buffer = 0xf5e13000, bytes = 4096
12-22 18:47:32.031 D/AudioALSAPlaybackHandlerHDMI(  204): write(), buffer = 0xf5e13000, bytes = 4096
12-22 18:47:32.031 D/AudioFlinger(  204): volume vl 0, vr 0, typeV 0.000000, masterV 1.000000
12-22 18:47:32.031 D/AudioALSAStreamOut(  204): write(), buffer = 0xf5e13000, bytes = 4096
12-22 18:47:32.031 D/AudioALSAPlaybackHandlerHDMI(  204): write(), buffer = 0xf5e13000, bytes = 4096
12-22 18:47:32.033 D/MtkOmxVdec(  204): [0xf0ff0000] 1 1 16(GetM4UFrameandBitstreamBuffer:1280)
12-22 18:47:32.038 D/hwcomposer(  192): [BLT] (1:0) set video to mdp,refpts:1320,systime:143818
12-22 18:47:32.039 D/MDP     (  192): DpBlitStream: setPQParameter id 10000002 enable 1 scenario 1
12-22 18:47:32.039 D/MDP     (  192): DpBlit: in: (1920, 1088, 61440, 30720, C12b, P1), crop: (0, 0, 1920, 1080), sec:0, 10bit:0
12-22 18:47:32.039 D/MDP     (  192): DpBlit: out: (1920, 1080, 3840, 0, C5, P1), misc: (X:0, Y:0, R:0, F:0, S:1, D:0), sec:0
12-22 18:47:32.039 D/MDP     (  192): getCscInfo: pCscInfo 10bit 0 , 10bittile 0, cscformat 0
12-22 18:47:32.039 D/MDP     (  192): DpEngine_TDSHP: bypassed by NCS Tuning mode... 
12-22 18:47:32.041 D/MtkOmxVdec(  204): [0xf0ff0000] mFrameInterval is 0,  fps is 0 
12-22 18:47:32.045 D/MDP     (  192): [TDSHP][ADL] setHistogram().. bypass this frame by wrong id, curr[0]
12-22 18:47:32.045 D/MDP     (  192): DpBlit: time 6 ms, type 0, pq 0
12-22 18:47:32.046 D/hwcomposer(  192): [DEV] (1:0) Layer+ fps=0, refpts:1320,systime:143825
12-22 18:47:32.072 D/MtkOmxVdec(  204): [0xf0ff0000] 1 1 16(GetM4UFrameandBitstreamBuffer:1280)
12-22 18:47:32.073 D/AudioFlinger(  204): volume vl 0, vr 0, typeV 0.000000, masterV 1.000000
12-22 18:47:32.074 D/AudioALSAStreamOut(  204): write(), buffer = 0xf5e13000, bytes = 4096
12-22 18:47:32.074 D/AudioALSAPlaybackHandlerHDMI(  204): write(), buffer = 0xf5e13000, bytes = 4096
12-22 18:47:32.074 D/AudioFlinger(  204): volume vl 0, vr 0, typeV 0.000000, masterV 1.000000
12-22 18:47:32.074 D/AudioALSAStreamOut(  204): write(), buffer = 0xf5e13000, bytes = 4096
12-22 18:47:32.074 D/AudioALSAPlaybackHandlerHDMI(  204): write(), buffer = 0xf5e13000, bytes = 4096
12-22 18:47:32.080 D/MtkOmxVdec(  204): [0xf0ff0000] mFrameInterval is 0,  fps is 0 
12-22 18:47:32.090 D/hwcomposer(  192): [BLT] (1:0) set video to mdp,refpts:1360,systime:143869
12-22 18:47:32.090 D/MDP     (  192): DpBlitStream: setPQParameter id 10000002 enable 1 scenario 1
12-22 18:47:32.090 D/MDP     (  192): DpBlit: in: (1920, 1088, 61440, 30720, C12b, P1), crop: (0, 0, 1920, 1080), sec:0, 10bit:0
12-22 18:47:32.090 D/MDP     (  192): DpBlit: out: (1920, 1080, 3840, 0, C5, P1), misc: (X:0, Y:0, R:0, F:0, S:1, D:0), sec:0
12-22 18:47:32.090 D/MDP     (  192): getCscInfo: pCscInfo 10bit 0 , 10bittile 0, cscformat 0
12-22 18:47:32.090 D/MDP     (  192): DpEngine_TDSHP: bypassed by NCS Tuning mode... 
12-22 18:47:32.096 D/MDP     (  192): [TDSHP][ADL] setHistogram().. bypass this frame by wrong id, curr[0]
12-22 18:47:32.096 D/MDP     (  192): DpBlit: time 6 ms, type 0, pq 0
12-22 18:47:32.097 D/hwcomposer(  192): [DEV] (1:0) Layer+ fps=0, refpts:1360,systime:143876
12-22 18:47:32.113 D/MtkOmxVdec(  204): [0xf0ff0000] 1 1 16(GetM4UFrameandBitstreamBuffer:1280)
12-22 18:47:32.116 D/AudioFlinger(  204): volume vl 0, vr 0, typeV 0.000000, masterV 1.000000
12-22 18:47:32.116 D/AudioALSAStreamOut(  204): write(), buffer = 0xf5e13000, bytes = 4096
12-22 18:47:32.116 D/AudioALSAPlaybackHandlerHDMI(  204): write(), buffer = 0xf5e13000, bytes = 4096
12-22 18:47:32.116 D/AudioFlinger(  204): volume vl 0, vr 0, typeV 0.000000, masterV 1.000000
12-22 18:47:32.116 D/AudioALSAStreamOut(  204): write(), buffer = 0xf5e13000, bytes = 4096
12-22 18:47:32.117 D/AudioALSAPlaybackHandlerHDMI(  204): write(), buffer = 0xf5e13000, bytes = 4096
12-22 18:47:32.122 D/MtkOmxVdec(  204): [0xf0ff0000] mFrameInterval is 0,  fps is 0 
12-22 18:47:32.124 D/hwcomposer(  192): [BLT] (1:0) set video to mdp,refpts:1400,systime:143903
12-22 18:47:32.124 D/MDP     (  192): DpBlitStream: setPQParameter id 10000002 enable 1 scenari