12-22 18:47:28.500 D/Appstore( 1673): EVENT:DesktopMgr get promot:6:{}
12-22 18:47:28.500 E/        ( 4418): create assets file webkit/textAreaResizeCorner.png
12-22 18:47:28.500 E/        ( 4418): copyAssetData webkit/textAreaResizeCorner.png /data/data/com.jiajia.v6.letv/files
12-22 18:47:28.501 E/        ( 4418): create assets file webkit/togglePlugin.png
12-22 18:47:28.501 E/        ( 4418): copyAssetData webkit/togglePlugin.png /data/data/com.jiajia.v6.letv/files
12-22 18:47:28.502 D/Appstore( 1673): EVENT:DesktopMgr processEntrySize:6:{}
12-22 18:47:28.503 E/        ( 4418): create assets file webkit/youtube.html
12-22 18:47:28.503 E/        ( 4418): copyAssetData webkit/youtube.html /data/data/com.jiajia.v6.letv/files
12-22 18:47:28.503 E/        ( 4418): create assets file webkit/youtube.png
12-22 18:47:28.503 E/        ( 4418): copyAssetData webkit/youtube.png /data/data/com.jiajia.v6.letv/files
12-22 18:47:28.507 I/ActivityManager(  532): START u0 {flg=0x10000000 cmp=com.jiajia.v6.letv/.StartNewTask} from uid 10037 on display 0
12-22 18:47:28.508 D/Appstore( 1673): EVENT:DesktopMgr desktopEntrys delete all:{}
12-22 18:47:28.509 V/WindowManager(  532): addAppToken: AppWindowToken{3dcd5381 token=Token{205a0368 ActivityRecord{743768b u0 com.jiajia.v6.letv/.StartNewTask t152}}} to stack=1 task=152 at 1
12-22 18:47:28.509 V/WindowManager(  532): Based on layer: Adding window Window{39691caa u0 Starting com.jiajia.v6.letv} at 2 of 7
12-22 18:47:28.510 D/DisplayPowerController(  532): requestPowerState: policy=BRIGHT, useProximitySensor=false, screenBrightness=155, screenAutoBrightnessAdjustment=0.0, useAutoBrightness=false, blockScreenOn=false, lowPowerMode=false, boostScreenBrightness=false, dozeScreenBrightness=-1, dozeScreenState=UNKNOWN, waitForNegativeProximity=false
12-22 18:47:28.511 D/AudioALSAStreamOut(  204): write(), buffer = 0xf5e13000, bytes = 4096
12-22 18:47:28.511 D/AudioALSAPlaybackHandlerHDMI(  204): write(), buffer = 0xf5e13000, bytes = 4096
12-22 18:47:28.511 E/Start   ( 4418): Start Activity onStart
12-22 18:47:28.512 I/MitvPolicyDatabaseManager(  641): updatePackageUsage com.jiajia.v6.letv/com.jiajia.v6.letv.Start (0,1,0)
12-22 18:47:28.515 W/System.err( 4418): java.io.IOException: unknown format (magic number ef1f)
12-22 18:47:28.516 W/System.err( 4418): 	at java.util.zip.GZIPInputStream.<init>(GZIPInputStream.java:109)
12-22 18:47:28.516 W/System.err( 4418): 	at com.dataeye.channel.c.v.a(Unknown Source)
12-22 18:47:28.516 W/System.err( 4418): 	at com.dataeye.channel.c.i.run(Unknown Source)
12-22 18:47:28.516 W/System.err( 4418): 	at android.os.Handler.handleCallback(Handler.java:739)
12-22 18:47:28.516 W/System.err( 4418): 	at android.os.Handler.dispatchMessage(Handler.java:95)
12-22 18:47:28.516 W/System.err( 4418): 	at android.os.Looper.loop(Looper.java:135)
12-22 18:47:28.516 W/System.err( 4418): 	at android.os.HandlerThread.run(HandlerThread.java:61)
12-22 18:47:28.522 D/OpenGLRenderer( 4418): Use EGL_SWAP_BEHAVIOR_PRESERVED: false
12-22 18:47:28.524 V/WindowManager(  532): Adding window Window{3634c4b2 u0 com.jiajia.v6.letv/com.jiajia.v6.letv.Start} at 2 of 8 (before Window{39691caa u0 Starting com.jiajia.v6.letv})
12-22 18:47:28.525 E/JiajiaApplication( 4418): remoteService bind Connected
12-22 18:47:28.525 E/remoteService( 4378): remoteService StartLoadApkThread jiajia-launcher-common.apk /data/data/com.jiajia.v6.letv/files/Patch2/Common/
12-22 18:47:28.526 E/remoteService( 4378): remoteService thread start
12-22 18:47:28.526 E/remoteService( 4378): child ActivityThread.currentActivityThread()=android.app.ActivityThread@3b3c1b4e
12-22 18:47:28.537 E/StartNewTask( 4418): StartNewTask Activity onCreate
12-22 18:47:28.537 E/StartNewTask( 4418): boolean bThirdGameToLobbyV6: false
12-22 18:47:28.537 E/StartNewTask( 4418): boolean ActivityName: null
12-22 18:47:28.537 E/JiajiaApplication( 4418): StartLauncherActivity 
12-22 18:47:28.537 D/PluginMgr-Trace( 4418): APKPlugin init PluginManager...
12-22 18:47:28.542 D/PluginMgr-Trace( 4418): APKPlugin PluginManager init, replace Instrumentation androidx.pluginmgr.environment.PluginInstrumentation@305a6af8
12-22 18:47:28.542 D/PluginMgr-Trace( 4418): APKPlugin buildPlugInfo apk=/data/data/com.jiajia.v6.letv/files/Patch2/Common/jiajia-launcher-common.apk
12-22 18:47:28.542 D/AudioALSAStreamOut(  204): write(), buffer = 0xf5e13000, bytes = 4096
12-22 18:47:28.542 D/AudioALSAPlaybackHandlerHDMI(  204): write(), buffer = 0xf5e13000, bytes = 4096
12-22 18:47:28.553 D/AudioALSAStreamOut(  204): write(), buffer = 0xf5e13000, bytes = 4096
12-22 18:47:28.553 D/AudioALSAPlaybackHandlerHDMI(  204): write(), buffer = 0xf5e13000, bytes = 4096
12-22 18:47:28.561 E/remoteService( 4378): remoteService loaded newclassloader=dalvik.system.DexClassLoader[DexPathList[[zip file "/data/data/com.jiajia.v6.letv/files/Patch2/Common/jiajia-launcher-common.apk"],nativeLibraryDirectories=[/vendor/lib, /system/lib]]]
12-22 18:47:28.561 E/remoteService( 4378): remoteService loadedApk start
12-22 18:47:28.561 E/remoteService( 4378): remoteService loadedApk mActivityThread=android.app.ActivityThread@3b3c1b4e
12-22 18:47:28.561 E/remoteService( 4378): remoteService loadedApk mPackages=final android.util.ArrayMap android.app.ActivityThread.mPackages
12-22 18:47:28.562 E/remoteService( 4378): remoteService loadedApk = android.app.LoadedApk@2b4c357c from ArrayMap
12-22 18:47:28.562 E/remoteService( 4378): remoteService loadedApk kwservice = class com.kwblesdk.BluetoothLeService
12-22 18:47:28.562 E/remoteService( 4378): remoteService loadedApk oldClassloader =dalvik.system.PathClassLoader[DexPathList[[zip file "/data/app/com.jiajia.v6.letv-1/base.apk"],nativeLibraryDirectories=[/vendor/lib, /system/lib]]]
12-22 18:47:28.562 E/remoteService( 4378): remoteService loadedApk newClassloader =com.jiajia.launcher.DynamicClassLoaderWrapper@1a6be05
12-22 18:47:28.562 E/remoteService( 4378): remoteService loadedApk over
12-22 18:47:28.562 E/remoteService( 4378): remoteService thread end
12-22 18:47:28.566 D/PluginMgr-Trace( 4418): APKPlugin CheckFile Overdue, orig=/data/data/com.jiajia.v6.letv/files/Patch2/Common/jiajia-launcher-common.apk md5=8860CB47D135F2006E05A7B326C6A880, targ=/data/data/com.jiajia.v6.letv/app_plugins-file/jiajia-launcher-common.apk md5=8860CB47D135F2006E05A7B326C6A880
12-22 18:47:28.585 D/AudioALSAStreamOut(  204): write(), buffer = 0xf5e13000, bytes = 4096
12-22 18:47:28.585 D/AudioALSAPlaybackHandlerHDMI(  204): write(), buffer = 0xf5e13000, bytes = 4096
12-22 18:47:28.588 D/PluginMgr-Trace( 4418): APKPlugin Get AndroidManifest.xml Success
12-22 18:47:28.589 D/PluginMgr-Trace( 4418): APKPlugin Get libDir : /data/data/com.jiajia.v6.letv/app_plugins-file/jiajia-launcher-common.apk-dir/lib
12-22 18:47:28.589 D/PluginMgr-Trace( 4418): APKPlugin apk chile name AndroidManifest.xml
12-22 18:47:28.589 D/PluginMgr-Trace( 4418): APKPlugin apk chile name assets/Asset2/Common/jiajiaResource/Loading.png
12-22 18:47:28.589 D/PluginMgr-Trace( 4418): APKPlugin apk chile name assets/Asset2/Common/jiajiaResource/TalkList.xml
12-22 18:47:28.589 D/PluginMgr-Trace( 4418): APKPlugin apk chile name assets/Asset2/Common/jiajiaResource/base.png
12-22 18:47:28.589 D/PluginMgr-Trace( 4418): APKPlugin apk chile name assets/Asset2/Common/jiajiaResource/button.png
12-22 18:47:28.589 D/PluginMgr-Trace( 4418): APKPlugin apk chile name assets/Asset2/Common/jiajiaResource/dialogue.png
12-22 18:47:28.589 D/PluginMgr-Trace( 4418): APKPlugin apk chile name assets/Asset2/Common/jiajiaResource/empty.png
12-22 18:47:28.589 D/PluginMgr-Trace( 4418): APKPlugin apk chile name assets/Asset2/Common/jiajiaResource/frame.png
12-22 18:47:28.589 D/PluginMgr-Trace( 4418): APKPlugin apk chile name assets/Asset2/Common/jiajiaResource/gameactionconfig.xml
12-22 18:47:28.589 D/PluginMgr-Trace( 4418): APKPlugin apk chile name assets/Asset2/Common/jiajiaResource/hand.png
12-22 18:47:28.589 D/PluginMgr-Trace( 4418): APKPlugin apk chile name assets/Asset2/Common/jiajiaResource/jiajiaCN/StringList.xml
12-22 18:47:28.589 D/PluginMgr-Trace( 4418): APKPlugin apk chile name assets/Asset2/Common/jiajiaResource/jiajiaCN/downgame.png
12-22 18:47:28.589 D/PluginMgr-Trace( 4418): APKPlugin apk chile name assets/Asset2/Common/jiajiaResource/jiajiaCN/downlobby.png
12-22 18:47:28.589 D/PluginMgr-Trace( 4418): APKPlugin apk chile name assets/Asset2/Common/jiajiaResource/jiajiaCN/loadgame.png
12-22 18:47:28.589 D/PluginMgr-Trace( 4418): APKPlugin apk chile name assets/Asset2/Common/jiajiaResource/jiajiaCN/loadlobby.png
12-22 18:47:28.589 D/PluginMgr-Trace( 4418): APKPlugin apk chile name assets/Asset2/Common/jiajiaResource/jiajiaCN/loadunknow.png
12-22 18:47:28.589 D/PluginMgr-Trace( 4418): APKPlugin apk chile name assets/Asset2/Common/jiajiaResource/jiajiaCN/sportsTitle.png
12-22 18:47:28.589 D/PluginMgr-Trace( 4418): APKPlugin apk chile name assets/Asset2/Common/jiajiaResource/jiajiaCN/sportsTitleV6Img.png
12-22 18:47:28.589 D/PluginMgr-Trace( 4418): APKPlugin apk chile name assets/Asset2/Common/jiajiaResource/jiajiaCN/sportsTitleV6Text.png
12-22 18:47:28.589 D/PluginMgr-Trace( 4418): APKPlugin apk chile name assets/Asset2/Common/jiajiaResource/jiajiaEN/StringList.xml
12-22 18:47:28.589 D/PluginMgr-Trace( 4418): APKPlugin apk chile name assets/Asset2/Common/jiajiaResource/jiajiaEN/downgame.png
12-22 18:47:28.589 D/PluginMgr-Trace( 4418): APKPlugin apk chile name assets/Asset2/Common/jiajiaResource/jiajiaEN/downlobby.png
12-22 18:47:28.589 D/PluginMgr-Trace( 4418): APKPlugin apk chile name assets/Asset2/Common/jiajiaResource/jiajiaEN/loadgame.png
12-22 18:47:28.589 D/PluginMgr-Trace( 4418): APKPlugin apk chile name assets/Asset2/Common/jiajiaResource/jiajiaEN/loadlobby.png
12-22 18:47:28.589 D/PluginMgr-Trace( 4418): APKPlugin apk chile name assets/Asset2/Common/jiajiaResource/jiajiaEN/loadunknow.png
12-22 18:47:28.589 D/PluginMgr-Trace( 4418): APKPlugin apk chile name assets/Asset2/Common/jiajiaResource/jiajiaEN/sportsTitle.png
12-22 18:47:28.589 D/PluginMgr-Trace( 4418): APKPlugin apk chile name assets/Asset2/Common/jiajiaResource/jiajiaEN/sportsTitleV6Img.png
12-22 18:47:28.589 D/PluginMgr-Trace( 4418): APKPlugin apk chile name assets/Asset2/Common/jiajiaResource/jiajiaEN/sportsTitleV6Text.png
12-22 18:47:28.589 D/PluginMgr-Trace( 4418): APKPlugin apk chile name assets/Asset2/Common/jiajiaResource/jiajialog.jpg
12-22 18:47:28.589 D/PluginMgr-Trace( 4418): APKPlugin apk chile name assets/Asset2/Common/jiajiaResource/kwhidkeyconfig.xml
12-22 18:47:28.589 D/PluginMgr-Trace( 4418): APKPlugin apk chile name assets/Asset2/Common/jiajiaResource/lefthand.png
12-22 18:47:28.589 D/PluginMgr-Trace( 4418): APKPlugin apk chile name assets/Asset2/Common/jiajiaResource/lobbyV6_bg.jpg
12-22 18:47:28.589 D/PluginMgr-Trace( 4418): APKPlugin apk chile name assets/Asset2/Common/jiajiaResource/lobby_bg.jpg
12-22 18:47:28.589 D/PluginMgr-Trace( 4418): APKPlugin apk chile name assets/Asset2/Common/jiajiaResource/lobby_progress.png
12-22 18:47:28.589 D/PluginMgr-Trace( 4418): APKPlugin apk chile name assets/Asset2/Common/jiajiaResource/lobby_progressbg.png
12-22 18:47:28.589 D/PluginMgr-Trace( 4418): APKPlugin apk chile name assets/Asset2/Common/jiajiaResource/lobby_progressl.png
12-22 18:47:28.589 D/PluginMgr-Trace( 4418): APKPlugin apk chile name assets/Asset2/Common/jiajiaResource/lobby_progressr.png
12-22 18:47:28.589 D/PluginMgr-Trace( 4418): APKPlugin apk chile name assets/Asset2/Common/jiajiaResource/number0.png
12-22 18:47:28.589 D/PluginMgr-Trace( 4418): APKPlugin apk chile name assets/Asset2/Common/jiajiaResource/number1.png
12-22 18:47:28.589 D/PluginMgr-Trace( 4418): APKPlugin apk chile name assets/Asset2/Common/jiajiaResource/number2.png
12-22 18:47:28.589 D/PluginMgr-Trace( 4418): APKPlugin apk chile name assets/Asset2/Common/jiajiaResource/number3.png
12-22 18:47:28.589 D/PluginMgr-Trace( 4418): APKPlugin apk chile name assets/Asset2/Common/jiajiaResource/number4.png
12-22 18:47:28.589 D/PluginMgr-Trace( 4418): APKPlugin apk chile name assets/Asset2/Common/jiajiaResource/number5.png
12-22 18:47:28.589 D/PluginMgr-Trace( 4418): APKPlugin apk chile name assets/Asset2/Common/jiajiaResource/number6.png
12-22 18:47:28.589 D/PluginMgr-Trace( 4418): APKPlugin apk chile name assets/Asset2/Common/jiajiaResource/number7.png
12-22 18:47:28.589 D/PluginMgr-Trace( 4418): APKPlugin apk chile name assets/Asset2/Common/jiajiaResource/number8.png
12-22 18:47:28.589 D/PluginMgr-Trace( 4418): APKPlugin apk chile name assets/Asset2/Common/jiajiaResource/number9.png
12-22 18:47:28.589 D/PluginMgr-Trace( 4418): APKPlugin apk chile name assets/Asset2/Common/jiajiaResource/persymbol.png
12-22 18:47:28.589 D/PluginMgr-Trace( 4418): APKPlugin apk chile name assets/Asset2/Common/jiajiaResource/poster.jpg
12-22 18:47:28.589 D/PluginMgr-Trace( 4418): APKPlugin apk chile name assets/Asset2/Common/jiajiaResource/righthand.png
12-22 18:47:28.589 D/PluginMgr-Trace( 4418): APKPlugin apk chile name assets/app.icf
12-22 18:47:28.589 D/PluginMgr-Trace( 4418): APKPlugin apk chile name assets/armeabi/libchecktime.so
12-22 18:47:28.589 D/PluginMgr-Trace( 4418): APKPlugin apk chile name assets/development.icf
12-22 18:47:28.589 D/PluginMgr-Trace( 4418): APKPlugin apk chile name assets/fonts/Marker Felt.ttf
12-22 18:47:28.589 D/PluginMgr-Trace( 4418): APKPlugin apk chile name assets/libmbleRuntime.so
12-22 18:47:28.589 D/PluginMgr-Trace( 4418): APKPlugin apk chile name assets/openni/1.xml
12-22 18:47:28.589 D/PluginMgr-Trace( 4418): APKPlugin apk chile name assets/openni/2.xml
12-22 18:47:28.589 D/PluginMgr-Trace( 4418): APKPlugin apk chile name assets/openni/BodyTracking.ini
12-22 18:47:28.589 D/PluginMgr-Trace( 4418): APKPlugin apk chile name assets/openni/SamplesConfig.xml
12-22 18:47:28.589 D/PluginMgr-Trace( 4418): APKPlugin apk chile name assets/openni/licenses.xml
12-22 18:47:28.589 D/PluginMgr-Trace( 4418): APKPlugin apk chile name assets/openni/modules.xml
12-22 18:47:28.589 D/PluginMgr-Trace( 4418): APKPlugin apk chile name res/drawable-hdpi-v4/ic_launcher.png
12-22 18:47:28.589 D/PluginMgr-Trace( 4418): APKPlugin apk chile name res/drawable-mdpi-v4/ic_launcher.png
12-22 18:47:28.589 D/PluginMgr-Trace( 4418): APKPlugin apk chile name res/drawable-xhdpi-v4/ic_launcher.png
12-22 18:47:28.589 D/PluginMgr-Trace( 4418): APKPlugin apk chile name res/layout/svrlayout.xml
12-22 18:47:28.589 D/PluginMgr-Trace( 4418): APKPlugin apk chile name res/xml/kwhidkeyconfig.xml
12-22 18:47:28.589 D/PluginMgr-Trace( 4418): APKPlugin apk chile name res/xml/systeminfo.xml
12-22 18:47:28.589 D/PluginMgr-Trace( 4418): APKPlugin apk chile name resources.arsc
12-22 18:47:28.589 D/PluginMgr-Trace( 4418): APKPlugin apk chile name classes.dex
12-22 18:47:28.589 D/PluginMgr-Trace( 4418): APKPlugin apk chile name lib/armeabi-v7a/libjiajiaGui.so
12-22 18:47:28.590 D/PluginMgr-Trace( 4418): APKPlugin apk chile name META-INF/MANIFEST.MF
12-22 18:47:28.590 D/PluginMgr-Trace( 4418): APKPlugin apk chile name META-INF/CERT.SF
12-22 18:47:28.590 D/PluginMgr-Trace( 4418): APKPlugin apk chile name META-INF/CERT.RSA
12-22 18:47:28.590 D/PluginMgr-Trace( 4418): APKPlugin system arch = aarch64
12-22 18:47:28.590 D/PluginMgr-Trace( 4418): APKPlugin lib so = lib/armeabi-v7a/libjiajiaGui.so
12-22 18:47:28.596 D/AudioALSAStreamOut(  204): write(), buffer = 0xf5e13000, bytes = 4096
12-22 18:47:28.596 D/AudioALSAPlaybackHandlerHDMI(  204): write(), buffer = 0xf5e13000, bytes = 4096
12-22 18:47:28.628 D/AudioALSAStreamOut(  204): write(), buffer = 0xf5e13000, bytes = 4096
12-22 18:47:28.628 D/AudioALSAPlaybackHandlerHDMI(  204): write(), buffer = 0xf5e13000, bytes = 4096
12-22 18:47:28.632 D/PluginMgr-Trace( 4418): APKPlugin Reset AssetsManager
12-22 18:47:28.638 D/AudioALSAStreamOut(  204): write(), buffer = 0xf5e13000, bytes = 4096
12-22 18:47:28.638 D/AudioALSAPlaybackHandlerHDMI(  204): write(), buffer = 0xf5e13000, bytes = 4096
12-22 18:47:28.652 D/PluginMgr-Trace( 4418): APKPlugin makeApplication class name = com.jiajia.launcher.common.MainApplication
12-22 18:47:28.653 D/PluginMgr-Trace( 4418): APKPlugin Build pluginInfo => androidx.pluginmgr.environment.PlugInfo@6022cf78[ id=jiajia-launcher-common.apk, pkg=com.jiajia.launcher.common ]
12-22 18:47:28.657 I/ActivityManager(  532): START u0 {flg=0x10000000 cmp=com.jiajia.v6.letv/androidx.pluginmgr.DynamicActivity (has extras)} from uid 10037 on display 0
12-22 18:47:28.658 V/WindowManager(  532): addAppToken: AppWindowToken{35a679fe token=Token{5aff1b9 ActivityRecord{2a77d780 u0 com.jiajia.v6.letv/androidx.pluginmgr.DynamicActivity t152}}} to stack=1 task=152 at 2
12-22 18:47:28.658 V/WindowManager(  532): Adding window Window{39691caa u0 Starting com.jiajia.v6.letv} at 3 of 8 (after Window{3634c4b2 u0 com.jiajia.v6.letv/com.jiajia.v6.letv.Start})
12-22 18:47:28.660 D/DisplayPowerController(  532): requestPowerState: policy=BRIGHT, useProximitySensor=false, screenBrightness=155, screenAutoBrightnessAdjustment=0.0, useAutoBrightness=false, blockScreenOn=false, lowPowerMode=false, boostScreenBrightness=false, dozeScreenBrightness=-1, dozeScreenState=UNKNOWN, waitForNegativeProximity=false
12-22 18:47:28.661 E/StartNewTask( 4418): StartNewTask Activity onStart
12-22 18:47:28.664 V/WindowManager(  532): Adding window Window{2942ebac u0 com.jiajia.v6.letv/com.jiajia.v6.letv.StartNewTask} at 3 of 9 (before Window{39691caa u0 Starting com.jiajia.v6.letv})
12-22 18:47:28.671 D/AudioALSAStreamOut(  204): write(), buffer = 0xf5e13000, bytes = 4096
12-22 18:47:28.671 D/AudioALSAPlaybackHandlerHDMI(  204): write(), buffer = 0xf5e13000, bytes = 4096
12-22 18:47:28.674 W/ContextImpl(  641): Calling a method in the system process without a qualified user: android.app.ContextImpl.sendBroadcast:1352 android.content.ContextWrapper.sendBroadcast:382 mitv.internal.PackageUsagePolicy.handleUsageEvent:49 mitv.internal.TvServiceDefaultImpl$EventHandler.handleMessage:1531 android.os.Handler.dispatchMessage:102 
12-22 18:47:28.675 I/MitvPolicyDatabaseManager(  641): updatePackageUsage com.jiajia.v6.letv/com.jiajia.v6.letv.StartNewTask (0,1,0)
12-22 18:47:28.676 I/Logger  (  920): [1] [1.onReceive] receive action : mitv.action.resume.activity
12-22 18:47:28.676 I/Logger  (  920): [1] [1.onReceive] top changed,package:com.jiajia.v6.letv,component:com.jiajia.v6.letv.StartNewTask
12-22 18:47:28.677 I/Logger  (  920): [43] [1.handleMessage] check tv
12-22 18:47:28.677 D/PluginMgr-Trace( 4418): APKPlugin Start Plugin Activity => className=androidx.pluginmgr.DynamicActivityintent=Intent { flg=0x10000000 cmp=com.jiajia.v6.letv/androidx.pluginmgr.DynamicActivity (has extras) }
12-22 18:47:28.678 D/PluginMgr-Trace( 4418): APKPlugin Start Plugin Activity => com.jiajia.launcher.common / com.jiajia.launcher.common.MainStart
12-22 18:47:28.678 I/Logger  (  920): [43] [c.a] tv status : {"label":"体感总动员","package":"com.jiajia.v6.letv","status":1}
12-22 18:47:28.679 W/ActivityManager(  532): getRunningAppProcesses: caller 10037 does not hold REAL_GET_TASKS; limiting output
12-22 18:47:28.679 E/MainApplication( 4418): MainApplication start processname=com.jiajia.v6.letv
12-22 18:47:28.682 E/MainStart( 4418): MainStart onCreate
12-22 18:47:28.682 D/AudioALSAStreamOut(  204): write(), buffer = 0xf5e13000, bytes = 4096
12-22 18:47:28.682 D/AudioALSAPlaybackHandlerHDMI(  204): write(), buffer = 0xf5e13000, bytes = 4096
12-22 18:47:28.683 E/        ( 4418): UMeng OnResume
12-22 18:47:28.690 V/BleRemoteControllerService(  757): mRunnable run
12-22 18:47:28.691 V/BleRemoteControllerService(  757): requestScan,RC size:1,hasInit:true,isBinded:false,mIsPair:false,Connecting:false isScreenOn:true
12-22 18:47:28.691 V/BleRemoteControllerService(  757): device 08:EB:29:05:DF:E1 is voice RC
12-22 18:47:28.692 E/UmengBase( 4418): m_UmDataReceiver register
12-22 18:47:28.693 E/        ( 4418): nativeLibraryDir = /data/app/com.jiajia.v6.letv-1/lib/arm
12-22 18:47:28.693 E/        ( 4418): nativeLibraryDir2 = /data/data/com.jiajia.v6.letv/app_plugins-file/jiajia-launcher-common.apk-dir/lib
12-22 18:47:28.693 E/MainCommon( 4418): copyAssetsDir dirName: Asset2
12-22 18:47:28.700 E/MainCommon( 4418): copyAssetsDir dirName: Asset2/Common
12-22 18:47:28.706 E/MainCommon( 4418): copyAssetsDir dirName: Asset2/Common/jiajiaResource
12-22 18:47:28.713 E/MainCommon( 4418): copyAssetData Asset2/Common/jiajiaResource/Loading.png /data/data/com.jiajia.v6.letv/files
12-22 18:47:28.713 D/AudioALSAStreamOut(  204): write(), buffer = 0xf5e13000, bytes = 4096
12-22 18:47:28.713 D/AudioALSAPlaybackHandlerHDMI(  204): write(), buffer = 0xf5e13000, bytes = 4096
12-22 18:47:28.713 E/MainCommon( 4418): copyAssetData Asset2/Common/jiajiaResource/TalkList.xml /data/data/com.jiajia.v6.letv/files
12-22 18:47:28.714 E/MainCommon( 4418): copyAssetData Asset2/Common/jiajiaResource/base.png /data/data/com.jiajia.v6.letv/files
12-22 18:47:28.714 E/MainCommon( 4418): copyAssetData Asset2/Common/jiajiaResource/button.png /data/data/com.jiajia.v6.letv/files
12-22 18:47:28.714 E/MainCommon( 4418): copyAssetData Asset2/Common/jiajiaResource/dialogue.png /data/data/com.jiajia.v6.letv/files
12-22 18:47:28.714 E/MainCommon( 4418): copyAssetData Asset2/Common/jiajiaResource/empty.png /data/data/com.jiajia.v6.letv/files
12-22 18:47:28.715 E/MainCommon( 4418): copyAssetData Asset2/Common/jiajiaResource/frame.png /data/data/com.jiajia.v6.letv/files
12-22 18:47:28.715 E/MainCommon( 4418): copyAssetData Asset2/Common/jiajiaResource/gameactionconfig.xml /data/data/com.jiajia.v6.letv/files
12-22 18:47:28.715 E/MainCommon( 4418): copyAssetData Asset2/Common/jiajiaResource/hand.png /data/data/com.jiajia.v6.letv/files
12-22 18:47:28.715 E/MainCommon( 4418): copyAssetsDir dirName: Asset2/Common/jiajiaResource/jiajiaCN
12-22 18:47:28.722 E/MainCommon( 4418): copyAssetData Asset2/Common/jiajiaResource/jiajiaCN/StringList.xml /data/data/com.jiajia.v6.letv/files
12-22 18:47:28.722 E/MainCommon( 4418): copyAssetData Asset2/Common/jiajiaResource/jiajiaCN/downgame.png /data/data/com.jiajia.v6.letv/files
12-22 18:47:28.722 E/MainCommon( 4418): copyAssetData Asset2/Common/jiajiaResource/jiajiaCN/downlobby.png /data/data/com.jiajia.v6.letv/files
12-22 18:47:28.723 E/MainCommon( 4418): copyAssetData Asset2/Common/jiajiaResource/jiajiaCN/loadgame.png /data/data/com.jiajia.v6.letv/files
12-22 18:47:28.723 E/MainCommon( 4418): copyAssetData Asset2/Common/jiajiaResource/jiajiaCN/loadlobby.png /data/data/com.jiajia.v6.letv/files
12-22 18:47:28.723 E/MainCommon( 4418): copyAssetData Asset2/Common/jiajiaResource/jiajiaCN/loadunknow.png /data/data/com.jiajia.v6.letv/files
12-22 18:47:28.723 E/MainCommon( 4418): copyAssetData Asset2/Common/jiajiaResource/jiajiaCN/sportsTitle.png /data/data/com.jiajia.v6.letv/files
12-22 18:47:28.724 E/MainCommon( 4418): copyAssetData Asset2/Common/jiajiaResource/jiajiaCN/sportsTitleV6Img.png /data/data/com.jiajia.v6.letv/files
12-22 18:47:28.724 D/AudioALSAStreamOut(  204): write(), buffer = 0xf5e13000, bytes = 4096
12-22 18:47:28.724 D/AudioALSAPlaybackHandlerHDMI(  204): write(), buffer = 0xf5e13000, bytes = 4096
12-22 18:47:28.724 E/MainCommon( 4418): copyAssetData Asset2/Common/jiajiaResource/jiajiaCN/sportsTitleV6Text.png /data/data/com.jiajia.v6.letv/files
12-22 18:47:28.724 E/MainCommon( 4418): copyAssetsDir dirName: Asset2/Common/jiajiaResource/jiajiaEN
12-22 18:47:28.731 E/MainCommon( 4418): copyAssetData Asset2/Common/jiajiaResource/jiajiaEN/StringList.xml /data/data/com.jiajia.v6.letv/files
12-22 18:47:28.731 E/MainCommon( 4418): copyAssetData Asset2/Common/jiajiaResource/jiajiaEN/downgame.png /data/data/com.jiajia.v6.letv/files
12-22 18:47:28.731 E/MainCommon( 4418): copyAssetData Asset2/Common/jiajiaResource/jiajiaEN/downlobby.png /data/data/com.jiajia.v6.letv/files
12-22 18:47:28.731 E/MainCommon( 4418): copyAssetData Asset2/Common/jiajiaResource/jiajiaEN/loadgame.png /data/data/com.jiajia.v6.letv/files
12-22 18:47:28.732 E/MainCommon( 4418): copyAssetData Asset2/Common/jiajiaResource/jiajiaEN/loadlobby.png /data/data/com.jiajia.v6.letv/files
12-22 18:47:28.732 E/MainCommon( 4418): copyAssetData Asset2/Common/jiajiaResource/jiajiaEN/loadunknow.png /data/data/com.jiajia.v6.letv/files
12-22 18:47:28.732 E/MainCommon( 4418): copyAssetData Asset2/Common/jiajiaResource/jiajiaEN/sportsTitle.png /data/data/com.jiajia.v6.letv/files
12-22 18:47:28.732 E/MainCommon( 4418): copyAssetData Asset2/Common/jiajiaResource/jiajiaEN/sportsTitleV6Img.png /data/data/com.jiajia.v6.letv/files
12-22 18:47:28.732 E/MainCommon( 4418): copyAssetData Asset2/Common/jiajiaResource/jiajiaEN/sportsTitleV6Text.png /data/data/com.jiajia.v6.letv/files
12-22 18:47:28.733 E/MainCommon( 4418): copyAssetData Asset2/Common/jiajiaResource/jiajialog.jpg /data/data/com.jiajia.v6.letv/files
12-22 18:47:28.733 E/MainCommon( 4418): copyAssetData Asset2/Common/jiajiaResource/kwhidkeyconfig.xml /data/data/com.jiajia.v6.letv/files
12-22 18:47:28.733 E/MainCommon( 4418): copyAssetData Asset2/Common/jiajiaResource/lefthand.png /data/data/com.jiajia.v6.letv/files
12-22 18:47:28.733 E/MainCommon( 4418): copyAssetData Asset2/Common/jiajiaResource/lobbyV6_bg.jpg /data/data/com.jiajia.v6.letv/files
12-22 18:47:28.735 E/MainCommon( 4418): copyAssetData Asset2/Common/jiajiaResource/lobby_bg.jpg /data/data/com.jiajia.v6.letv/files
12-22 18:47:28.737 E/MainCommon( 4418): copyAssetData Asset2/Common/jiajiaResource/lobby_progress.png /data/data/com.jiajia.v6.letv/files
12-22 18:47:28.737 E/MainCommon( 4418): copyAssetData Asset2/Common/jiajiaResource/lobby_progressbg.png /data/data/com.jiajia.v6.letv/files
12-22 18:47:28.737 E/MainCommon( 4418): copyAssetData Asset2/Common/jiajiaResource/lobby_progressl.png /data/data/com.jiajia.v6.letv/files
12-22 18:47:28.737 E/MainCommon( 4418): copyAssetData Asset2/Common/jiajiaResource/lobby_progressr.png /data/data/com.jiajia.v6.letv/files
12-22 18:47:28.737 E/MainCommon( 4418): copyAssetData Asset2/Common/jiajiaResource/number0.png /data/data/com.jiajia.v6.letv/files
12-22 18:47:28.737 E/MainCommon( 4418): copyAssetData Asset2/Common/jiajiaResource/number1.png /data/data/com.jiajia.v6.letv/files
12-22 18:47:28.738 E/MainCommon( 4418): copyAssetData Asset2/Common/jiajiaResource/number2.png /data/data/com.jiajia.v6.letv/files
12-22 18:47:28.738 E/MainCommon( 4418): copyAssetData Asset2/Common/jiajiaResource/number3.png /data/data/com.jiajia.v6.letv/files
12-22 18:47:28.738 E/MainCommon( 4418): copyAssetData Asset2/Common/jiajiaResource/number4.png /data/data/com.jiajia.v6.letv/files
12-22 18:47:28.738 E/MainCommon( 4418): copyAssetData Asset2/Common/jiajiaResource/number5.png /data/data/com.jiajia.v6.letv/files
12-22 18:47:28.738 E/MainCommon( 4418): copyAssetData Asset2/Common/jiajiaResource/number6.png /data/data/com.jiajia.v6.letv/files
12-22 18:47:28.738 E/MainCommon( 4418): copyAssetData Asset2/Common/jiajiaResource/number7.png /data/data/com.jiajia.v6.letv/files
12-22 18:47:28.738 E/MainCommon( 4418): copyAssetData Asset2/Common/jiajiaResource/number8.png /data/data/com.jiajia.v6.letv/files
12-22 18:47:28.739 E/MainCommon( 4418): copyAssetData Asset2/Common/jiajiaResource/number9.png /data/data/com.jiajia.v6.letv/files
12-22 18:47:28.739 E/MainCommon( 4418): copyAssetData Asset2/Common/jiajiaResource/persymbol.png /data/data/com.jiajia.v6.letv/files
12-22 18:47:28.739 E/MainCommon( 4418): copyAssetData Asset2/Common/jiajiaResource/poster.jpg /data/data/com.jiajia.v6.letv/files
12-22 18:47:28.739 E/MainCommon( 4418): copyAssetData Asset2/Common/jiajiaResource/righthand.png /data/data/com.jiajia.v6.letv/files
12-22 18:47:28.740 E/MainCommon( 4418): GetMetaData UMENG_CHANNEL = v6-letv
12-22 18:47:28.741 E/MainCommon( 4418): GetMetaData LOBBY_DIR = LobbyYundonghui
12-22 18:47:28.741 E/MainCommon( 4418): ====== current Locale is zh
12-22 18:47:28.741 E/        ( 4418): SearchFilePath Success: /data/data/com.jiajia.v6.letv/files/Asset2/Common/jiajiaResource/jiajiaCN/StringList.xml
12-22 18:47:28.741 E/MainCommon( 4418): LoadStringList : /data/data/com.jiajia.v6.letv/files/Asset2/Common/jiajiaResource/jiajiaCN/StringList.xml
12-22 18:47:28.743 E/MainCommon( 4418): NodesNum:265
12-22 18:47:28.743 E/MainCommon( 4418): Attribute : key : Update_Size, value : 剩余大小:
12-22 18:47:28.743 E/MainCommon( 4418): Attribute : key : Update_Speed, value : 更新速度:
12-22 18:47:28.743 E/MainCommon( 4418): Attribute : key : Update_File, value : 更新文件:
12-22 18:47:28.743 E/MainCommon( 4418): Attribute : key : cancellation, value : 注销成功
12-22 18:47:28.743 E/MainCommon( 4418): Attribute : key : loginfail, value : 登录失败
12-22 18:47:28.743 E/MainCommon( 4418): Attribute : key : loginsucess, value : 登录成功
12-22 18:47:28.743 E/MainCommon( 4418): Attribute : key : paysucesse, value : 支付成功
12-22 18:47:28.743 E/MainCommon( 4418): Attribute : key : payfailed, value : 支付失败
12-22 18:47:28.743 E/MainCommon( 4418): Attribute : key : insufficientspace, value : 您的磁盘空间不足, 请释确保有足够的空间下载更新。
12-22 18:47:28.743 E/MainCommon( 4418): Attribute : key : signout, value : 退出
12-22 18:47:28.743 E/MainCommon( 4418): Attribute : key : game_not_downloaded, value : 游戏未下载完成
12-22 18:47:28.743 E/MainCommon( 4418): Attribute : key : non_normal_exit_is_repaired, value : 系统检测到您上一次非正常退出, 是否需要进行数据修复?
12-22 18:47:28.743 E/MainCommon( 4418): Attribute : key : repair_data, value : 修复数据
12-22 18:47:28.743 E/MainCommon( 4418): Attribute : key : start_games, value : 启动游戏
12-22 18:47:28.743 E/MainCommon( 4418): Attribute : key : develop_version, value : 开发服
12-22 18:47:28.743 E/MainCommon( 4418): Attribute : key : test_version, value : 测试服
12-22 18:47:28.743 E/MainCommon( 4418): Attribute : key : detection_network, value : 正在检查网络状态, 请稍候
12-22 18:47:28.743 E/MainCommon( 4418): Attribute : key : unknown_newwork_error, value : 未知网络错误
12-22 18:47:28.743 E/MainCommon( 4418): Attribute : key : server_maintenance, value : 服务器正在维护, 请稍候登录
12-22 18:47:28.744 E/MainCommon( 4418): Attribute : key : update_parameter_error, value : 更新参数错误 (TaskName=null)
12-22 18:47:28.744 E/MainCommon( 4418): Attribute : key : reminder, value : 温馨提示
12-22 18:47:28.744 E/MainCommon( 4418): Attribute : key : apk_update, value : APK已更新到最新版,请点击确定安装
12-22 18:47:28.744 E/MainCommon( 4418): Attribute : key : ok, value : 确  定
12-22 18:47:28.744 E/MainCommon( 4418): Attribute : key : cancel, value : 取  消
12-22 18:47:28.744 E/MainCommon( 4418): Attribute : key : dear_user, value : 亲爱的用户
12-22 18:47:28.744 E/MainCommon( 4418): Attribute : key : retry, value : 重  试
12-22 18:47:28.744 E/MainCommon( 4418): Attribute : key : download_fail_to_retry, value : 游戏下载失败, 请重试。
12-22 18:47:28.744 E/MainCommon( 4418): Attribute : key : space_not_enough_to_download_fail, value : 当前设备上的空间不足, 无法完成下载。
12-22 18:47:28.744 E/MainCommon( 4418): Attribute : key : release_space_to_retry, value : 请先释放存储空间后再进行重试。
12-22 18:47:28.744 E/MainCommon( 4418): Attribute : key : quit, value : 退  出
12-22 18:47:28.744 E/MainCommon( 4418): Attribute : key : not_connect_server_to_retry_login, value : 本地网络连接存在异常
12-22 18:47:28.744 E/MainCommon( 4418): Attribute : key : inconvenience_please_forgive_me, value : 请检查本地网络连接是否正常
12-22 18:47:28.744 E/MainCommon( 4418): Attribute : key : device_locked_unable_to_download, value : 因存储设备被锁定, 无法下载游戏大厅。
12-22 18:47:28.744 E/MainCommon( 4418): Attribute : key : restart_device_to_relogin, value : 请重启设备后再重新登录。
12-22 18:47:28.744 E/MainCommon( 4418): Attribute : key : server_response_time_out1, value : 因网络延迟响应超时,
12-22 18:47:28.744 E/MainCommon( 4418): Attribute : key : server_response_time_out2, value : 请重新尝试连接。
12-22 18:47:28.744 E/MainCommon( 4418): Attribute : key : network_reset_try_connect_later1, value : 因网络连接被重置,
12-22 18:47:28.744 E/MainCommon( 4418): Attribute : key : network_reset_try_connect_later2, value : 请稍候再尝试连接。
12-22 18:47:28.744 E/MainCommon( 4418): Attribute : key : file_not_found, value : 未找到文件下载地址
12-22 18:47:28.744 E/MainCommon( 4418): Attribute : key : download_failed_retry_download1, value :  游戏下载失败,
12-22 18:47:28.744 E/MainCommon( 4418): Attribute : key : download_failed_retry_download2, value : 请重试尝试下载。
12-22 18:47:28.744 E/MainCommon( 4418): Attribute : key : new_game_updated_to_restart1, value : 新的游戏大厅已经更新完毕
12-22 18:47:28.744 E/MainCommon( 4418): Attribute : key : new_game_updated_to_restart2, value : 请重启后登录。
12-22 18:47:28.744 E/MainCommon( 4418): Attribute : key : restart_loagin, value : 重启登录
12-22 18:47:28.744 E/MainCommon( 4418): Attribute : key : file_save_failed, value : 保存文件失败,请确认存储卡有足够剩余空间
12-22 18:47:28.744 E/MainCommon( 4418): Attribute : key : check_version, value : ... 版本校验中, 网速较慢请耐心等待 ...
12-22 18:47:28.744 E/MainCommon( 4418): Attribute : key : SportAreaTitle1, value : 互动娱乐频道
12-22 18:47:28.744 E/MainCommon( 4418): Attribute : key : SportAreaTitle2, value : 新家庭，新娱乐，新体验
12-22 18:47:28.744 E/MainCommon( 4418): Attribute : key : SensorGameZone, value : 运动加加
12-22 18:47:28.744 E/MainCommon( 4418): Attribute : key : JoystickGameZone, value : 体感飞鼠
12-22 18:47:28.744 E/MainCommon( 4418): Attribute : key : SimulatorGameZone, value : 体感手游
12-22 18:47:28.744 E/MainCommon( 4418): Attribute : key : KinectGameZone, value : 全体感
12-22 18:47:28.744 E/MainCommon( 4418): Attribute : key : ThirdGameError, value : 该游戏尚未安装,请去应用商店下载
12-22 18:47:28.744 E/MainCommon( 4418): Attribute : key : ThirdGameError2, value : 游戏未安装
12-22 18:47:28.744 E/MainCommon( 4418): Attribute : key : ThirdGameError3, value : 请先下载该游戏并安装后启动。^更多信息，请关注右侧微信公众号。
12-22 18:47:28.744 E/MainCommon( 4418): Attribute : key : ThirdGameError-v6-xiaoyao, value : 您可以自己下载并安装游戏后再启动。^或者前往逍遥市场进行下载和安装。
12-22 18:47:28.744 E/MainCommon( 4418): Attribute : key : ThirdGameError-v6-mitv, value : 您可以自己下载并安装游戏后再启动。^或者前往游戏中心进行下载和安装。
12-22 18:47:28.744 E/MainCommon( 4418): Attribute : key : more_game, value : 更多游戏,敬请期待
12-22 18:47:28.744 E/MainCommon( 4418): Attribute : key : flag_hot, value : 热门
12-22 18:47:28.744 E/MainCommon( 4418): Attribute : key : flag_new, value : 最新
12-22 18:47:28.744 E/MainCommon( 4418): Attribute : key : type_mouse, value : 飞鼠游戏
12-22 18:47:28.744 E/MainCommon( 4418): Attribute : key : type_simulator, value : 模拟器
12-22 18:47:28.744 E/MainCommon( 4418): Attribute : key : HasNoMouseGame, value : 您未安装此飞鼠游戏
12-22 18:47:28.744 E/MainCommon( 4418): Attribute : key : QRCodeText1, value : 扫描下方二维码，添加公众号，获取安装帮助
12-22 18:47:28.744 E/MainCommon( 4418): Attribute : key : OffMouseText1, value : 请先关闭飞鼠功能后按：OK：关闭
12-22 18:47:28.744 E/MainCommon( 4418): Attribute : key : InMouseModel, value : 您当前在飞鼠模式下
12-22 18:47:28.744 E/MainCommon( 4418): Attribute : key : OffMouseText2, value : 请先关闭飞鼠模式后，再进行操作
12-22 18:47:28.744 E/MainCommon( 4418): Attribute : key : QRCodeText2, value : 更多资讯，请扫码下方二维码！
12-22 18:47:28.744 E/MainCommon( 4418): Attribute : key : QRCodeText3, value : 更多信息，请关注右侧微信公众号。
12-22 18:47:28.744 E/MainCommon( 4418): Attribute : key : QRCodeText4, value : 客服咨询
12-22 18:47:28.744 E/MainCommon( 4418): Attribute : key : NoDevices, value : 未检测到体感飞鼠应用
12-22 18:47:28.744 E/MainCommon( 4418): Attribute : key : NoDevicesOpen1, value : 请先打开飞鼠功能
12-22 18:47:28.744 E/MainCommon( 4418): Attribute : key : NoDevicesClick, value : 点击此处
12-22 18:47:28.744 E/MainCommon( 4418): Attribute : key : NoDevicesOpen2, value : 开启飞鼠
12-22 18:47:28.744 E/MainCommon( 4418): Attribute : key : NoDevicesAsk, value : 没有智能体感双手柄？赶快参加
12-22 18:47:28.744 E/MainCommon( 4418): Attribute : key : NoDevicesBuy, value : 超级0元购
12-22 18:47:28.744 E/MainCommon( 4418): Attribute : key : NoDeviceshandle, value : 智能体感双手柄
12-22 18:47:28.744 E/MainCommon( 4418): Attribute : key : BuyDevices, value : 立即获取
12-22 18:47:28.744 E/MainCommon( 4418): Attribute : key : NoDevicesUpgrade, value : 升级
12-22 18:47:28.744 E/MainCommon( 4418): Attribute : key : NoDevicesForever, value : 永久
12-22 18:47:28.744 E/MainCommon( 4418): Attribute : key : NoDevicesVIP, value : 体感VIP
12-22 18:47:28.744 E/MainCommon( 4418): Attribute : key : NoDevicesMove, value : 飞鼠移动至此
12-22 18:47:28.744 E/MainCommon( 4418): Attribute : key : NoDevicesStartGame, value : 按ok键开始
12-22 18:47:28.744 E/MainCommon( 4418): Attribute : key : NoDevicesStart, value : 开始游戏
12-22 18:47:28.744 E/MainCommon( 4418): Attribute : key : gloryKing, value : 王者荣耀
12-22 18:47:28.744 E/MainCommon( 4418): Attribute : key : collapse, value : 崩坏3
12-22 18:47:28.744 E/MainCommon( 4418): Attribute : key : ClickBackQuit, value : 再按一次返回键退出游戏
12-22 18:47:28.744 E/MainCommon( 4418): Attribute : key : hidWarning, value : 你的遥控器与游戏没有匹配 ,系统已经自动纠正了这个问题请安心继续游戏
12-22 18:47:28.744 E/MainCommon( 4418): Attribute : key : hidFinish, value : 遥控器检测匹配完成
12-22 18:47:28.744 E/MainCommon( 4418): Attribute : key : GameLoading, value : 玩命加载中，请稍等．．．
12-22 18:47:28.744 E/MainCommon( 4418): Attribute : key : Remote_NoSign_1P, value : 主手柄已断开
12-22 18:47:28.744 E/MainCommon( 4418): Attribute : key : Remote_NoSign_2P, value : 副手柄已断开
12-22 18:47:28.744 E/MainCommon( 4418): Attribute : key : Remote_NoSign_USB, value : 未检测到接收器
12-22 18:47:28.744 E/MainCommon( 4418): Attribute : key : Remote_NoSignLabel_1P_and_2P, value : 按任意键唤醒
12-22 18:47:28.744 E/MainCommon( 4418): Attribute : key : Remote_NoSignLabel_USB, value : 请插入USB接收器
12-22 18:47:28.744 E/MainCommon( 4418): Attribute : key : Remote_NosignLabel_shop, value : 买体感VIP送体感设备
12-22 18:47:28.744 E/MainCommon( 4418): Attribute : key : comeback, value : 返回
12-22 18:47:28.744 E/MainCommon( 4418): Attribute : key : needQuit, value : 是否需要退出游戏
12-22 18:47:28.744 E/MainCommon( 4418): Attribute : key : Topmenu_Login_in, value : 账户登录
12-22 18:47:28.744 E/MainCommon( 4418): Attribute : key : Topmenu_Account_info, value : 账户信息
12-22 18:47:28.744 E/MainCommon( 4418): Attribute : key : Topmenu_shop, value : 商城
12-22 18:47:28.744 E/MainCommon( 4418): Attribute : key : Topmenu_order_list, value : 订单信息
12-22 18:47:28.744 E/MainCommon( 4418): Attribute : key : Topmenu_customer_service, value : 客服咨询
12-22 18:47:28.744 E/MainCommon( 4418): Attribute : key : AdaptiveError, value : 游戏适配中
12-22 18:47:28.744 E/MainCommon( 4418): Attribute : key : Cloud_Game, value : 云游戏
12-22 18:47:28.744 E/MainCommon( 4418): Attribute : key : UnSupportedText, value : 当前设备不支持体感手游
12-22 18:47:28.744 E/MainCommon( 4418): Attribute : key : DownloadLobbyText, value : 正在下载大厅
12-22 18:47:28.744 E/MainCommon( 4418): Attribute : key : DownloadGameText, value : 正在下载数据
12-22 18:47:28.744 E/MainCommon( 4418): Attribute : key : StartingText, value : 下载数据: %.2fM / %.2fM
12-22 18:47:28.744 E/MainCommon( 4418): Attribute : key : LayerName_RankList, value : 推荐排行榜
12-22 18:47:28.744 E/MainCommon( 4418): Attribute : key : LayerName_AdaptiveGame, value : 更多游戏
12-22 18:47:28.744 E/MainCommon( 4418): Attribute : key : LayerName_UnPublishGame, value : 期待游戏
12-22 18:47:28.744 E/MainCommon( 4418): Attribute : key : LayerName_MouseGame, value : 飞鼠专区
12-22 18:47:28.744 E/MainCommon( 4418): Attribute : key : LayerName_HistoryGame, value : 历史游戏
12-22 18:47:28.744 E/MainCommon( 4418): Attribute : key : toast_touchOk, value : 该界面不支持鼠标操作
12-22 18:47:28.744 E/MainCommon( 4418): Attribute : key : toast_gameStarting, value : 正在启动游戏
12-22 18:47:28.744 E/MainCommon( 4418): Attribute : key : adaptive_publishdate, value : 预计发布:
12-22 18:47:28.744 E/MainCommon( 4418): Attribute : key : adaptive_attention, value : 期待指数:
12-22 18:47:28.745 E/MainCommon( 4418): Attribute : key : difficulty, value : 操作体验:
12-22 18:47:28.745 E/MainCommon( 4418): Attribute : key : officialAccount_Label1, value : 意见反馈
12-22 18:47:28.745 E/MainCommon( 4418): Attribute : key : officialAccount_Label2, value : 扫描右侧二维码加入微信公众号^提出您的宝贵意见！
12-22 18:47:28.745 E/MainCommon( 4418): Attribute : key : close, value : 关  闭
12-22 18:47:28.745 E/MainCommon( 4418): Attribute : key : support, value : 支  持
12-22 18:47:28.745 E/MainCommon( 4418): Attribute : key : AdaptiveError2, value : 支持数越多的游戏，我们会加速尽快适配哦！
12-22 18:47:28.745 E/MainCommon( 4418): Attribute : key : timeout, value : 最后启动:
12-22 18:47:28.745 E/MainCommon( 4418): Attribute : key : WatchMore, value : 微信扫一扫
12-22 18:47:28.745 E/MainCommon( 4418): Attribute : key : Store-v6-xiaoyao, value : 逍遥市场
12-22 18:47:28.745 E/MainCommon( 4418): Attribute : key : Store-v6-mitv, value : 游戏中心
12-22 18:47:28.745 E/MainCommon( 4418): Attribute : key : KehwinVerError, value : 请更换二代体感手柄^当前设备^不支持体感新玩法，^请更换二代手柄^后使用。^以旧换新获取最新二代手柄，请扫右侧二维码。
12-22 18:47:28.745 E/MainCommon( 4418): Attribute : key : md5_check_error, value : 文件安全性校验失败
12-22 18:47:28.745 E/MainCommon( 4418): Attribute : key : click_retry_btn, value : 请点击重试按钮, 重新下载文件
12-22 18:47:28.745 E/MainCommon( 4418): Attribute : key : unknow_error, value : 未知下载错误
12-22 18:47:28.745 E/MainCommon( 4418): ReadUpdateConfig /data/data/com.jiajia.v6.letv/files/update_config.xml
12-22 18:47:28.746 E/LaunchConfig( 4418): AddLaunchConfig: /data/data/com.jiajia.v6.letv/files/Yundonghui_LaunchConfig.xml
12-22 18:47:28.756 D/AudioALSAStreamOut(  204): write(), buffer = 0xf5e13000, bytes = 4096
12-22 18:47:28.756 D/AudioALSAPlaybackHandlerHDMI(  204): write(), buffer = 0xf5e13000, bytes = 4096
12-22 18:47:28.766 D/AudioALSAStreamOut(  204): write(), buffer = 0xf5e13000, bytes = 4096
12-22 18:47:28.766 D/AudioALSAPlaybackHandlerHDMI(  204): write(), buffer = 0xf5e13000, bytes = 4096
12-22 18:47:28.798 D/AudioALSAStreamOut(  204): write(), buffer = 0xf5e13000, bytes = 4096
12-22 18:47:28.798 D/AudioALSAPlaybackHandlerHDMI(  204): write(), buffer = 0xf5e13000, bytes = 4096
12-22 18:47:28.809 D/AudioALSAStreamOut(  204): write(), buffer = 0xf5e13000, bytes = 4096
12-22 18:47:28.809 D/AudioALSAPlaybackHandlerHDMI(  204): write(), buffer = 0xf5e13000, bytes = 4096
12-22 18:47:28.810 E/MainCommon( 4418): Update ReadUpdateConfig mJiajiaV6=true
12-22 18:47:28.810 E/MainCommon( 4418): CheckStoragePath /mnt/sdcard/www.jiajia.tv/jiajia_club_dev true
12-22 18:47:28.810 E/MainCommon( 4418): load SDCardPath from setting = /mnt/sdcard
12-22 18:47:28.811 E/LaunchConfig( 4418): CreateLaunchConfig: /data/data/com.jiajia.v6.letv/files/Yundonghui_LaunchConfig.xml
12-22 18:47:28.812 E/LaunchConfig( 4418): Delete Old LaunchConfig: /data/data/com.jiajia.v6.letv/files/Yundonghui_LaunchConfig.xml
12-22 18:47:28.812 E/LaunchConfig( 4418): CreateLaunchConfig ThirdAccount=, ProxySocksHost=, ProxySocksPort=, UserRegion=
12-22 18:47:28.813 E/LaunchConfig( 4418): CreateLaunchConfig Finish: Game= GameParam=
12-22 18:47:28.813 E/UpdateManager( 4418): UpdateManager New Update(), mNeedDownloadConfig=false
12-22 18:47:28.813 E/UpdateManager( 4418): UpdateManager Update ReadHostList
12-22 18:47:28.815 E/UpdateManager( 4418): UpdateManager Update ReadHostList UpdateConfigUrl=http://210.13.90.118/devbysunwk/jiajia_club/jiajia/update_config.xml , Type=develop
12-22 18:47:28.815 E/UpdateTask( 4418): UpdateTask UpdateTask DownloadFile  TaskConfig
12-22 18:47:28.816 E/        ( 4418): Thread[Thread-355,5,main] threadstart 1
12-22 18:47:28.816 E/UpdateTask( 4418): UpdateTask FileInfo folder= name=update_config.xml md5= online=http://210.13.90.118/devbysunwk/jiajia_club/jiajia/update_config.xml local= size=1
12-22 18:47:28.818 E/UpdateTask( 4418): UpdateTask localfilename=/data/data/com.jiajia.v6.letv/files/update_config.xml folder= filename=update_config.xml
12-22 18:47:28.818 E/        ( 4418): Thread[Thread-356,5,main] threadstart 0
12-22 18:47:28.818 E/        ( 4418): Thread[Thread-356,5,main] UpdateTask threadend success
12-22 18:47:28.818 E/UpdateTask( 4418): UpdateTask UpdateTask send onDownloadThreadFinish taskName=TaskConfig
12-22 18:47:28.818 E/UpdateTask( 4418): UpdateTask UpdateTask send onDownloading taskName=TaskConfig filename=update_config.xml
12-22 18:47:28.818 E/        ( 4418): Thread[Thread-357,5,main] threadstart 0
12-22 18:47:28.819 E/        ( 4418): Thread[Thread-357,5,main] UpdateTask threadend success
12-22 18:47:28.819 E/        ( 4418): Download http://210.13.90.118/devbysunwk/jiajia_club/jiajia/update_config.xml Try=0
12-22 18:47:28.819 E/UpdateTask( 4418): UpdateTask UpdateTask Start download : http://210.13.90.118/devbysunwk/jiajia_club/jiajia/update_config.xml to: /data/data/com.jiajia.v6.letv/files/update_config.xml
12-22 18:47:28.819 E/UpdateTask( 4418): UpdateTask UpdateTask send onDownloadThreadFinish taskName=TaskConfig
12-22 18:47:28.820 E/        ( 4418): Thread[Thread-358,5,main] threadstart 0
12-22 18:47:28.820 E/        ( 4418): Thread[Thread-358,5,main] UpdateTask threadend success
12-22 18:47:28.820 E/UpdateManager( 4418): UpdateManager CreateUpdateTask TaskConfig http://210.13.90.118/devbysunwk/jiajia_club/jiajia/update_config.xml
12-22 18:47:28.820 E/UpdateTask( 4418): UpdateTask UpdateTask send onDownloadThreadFinish taskName=TaskConfig
12-22 18:47:28.820 E/FloatMovieViewBase( 4418): ++ ON CREATE ++
12-22 18:47:28.821 E/        ( 4418): Thread[Thread-359,5,main] threadstart 0
12-22 18:47:28.821 E/        ( 4418): Thread[Thread-359,5,main] UpdateTask threadend success
12-22 18:47:28.821 E/UpdateTask( 4418): UpdateTask UpdateTask send onDownloadThreadFinish taskName=TaskConfig
12-22 18:47:28.830 E/UpdateTask( 4418): UpdateTask UpdateTask RenameTempFile /data/data/com.jiajia.v6.letv/files/update_config.xml.tmp success
12-22 18:47:28.830 E/        ( 4418): MD5Verifier Check /data/data/com.jiajia.v6.letv/files/update_config.xml, usetime=0, totaltime=0
12-22 18:47:28.832 V/WindowManager(  532): Adding window Window{31850444 u0 com.jiajia.v6.letv/androidx.pluginmgr.DynamicActivity} at 4 of 10 (before Window{39691caa u0 Starting com.jiajia.v6.letv})
12-22 18:47:28.833 E/MainStart( 4418): MainStart onStart
12-22 18:47:28.833 E/FloatMovieViewBase( 4418): ++ ON onResume ++
12-22 18:47:28.834 I/System.out( 4418): UMengA1_Logo
12-22 18:47:28.834 I/System.out( 4418): UMeng0
12-22 18:47:28.834 I/System.out( 4418): UMeng0_3Logo
12-22 18:47:28.835 E/UMengevent( 4418):  ==== OnEvent(A1_OnStart_Logo,Logo) ==== 
12-22 18:47:28.835 I/System.out( 4418): UMeng0_3Logo
12-22 18:47:28.835 I/System.out( 4418): UMengA1==OnEvent(A1_OnStart_Logo,Logo)
12-22 18:47:28.839 V/WindowManager(  532): Adding window Window{2303be62 u0 com.jiajia.v6.letv/androidx.pluginmgr.DynamicActivity} at 4 of 11 (before Window{31850444 u0 com.jiajia.v6.letv/androidx.pluginmgr.DynamicActivity})
12-22 18:47:28.840 E/UpdateTask( 4418): UpdateTask UpdateTask Message code = 100
12-22 18:47:28.840 E/UpdateTask( 4418): UpdateTask UpdateTask Message code = 202
12-22 18:47:28.840 E/UpdateTask( 4418): UpdateTask UpdateTask Message code = 100
12-22 18:47:28.840 E/UpdateTask( 4418): UpdateTask UpdateTask Message code = 100
12-22 18:47:28.840 E/UpdateTask( 4418): UpdateTask UpdateTask Message code = 100
12-22 18:47:28.840 E/UpdateTask( 4418): UpdateTask UpdateTask Message code = 208
12-22 18:47:28.840 E/UpdateTask( 4418): UpdateTask updateLocalXml : Md5File= folder= file=update_config.xml md5= size=2144
12-22 18:47:28.840 E/        ( 4418): Thread[Thread-355,5,main] UpdateTask threadend success
12-22 18:47:28.840 E/UpdateTask( 4418): UpdateTask UpdateTask send onDownloadThreadFinish taskName=TaskConfig
12-22 18:47:28.841 D/AudioALSAStreamOut(  204): write(), buffer = 0xf5e13000, bytes = 4096
12-22 18:47:28.841 D/AudioALSAPlaybackHandlerHDMI(  204): write(), buffer = 0xf5e13000, bytes = 4096
12-22 18:47:28.852 D/AudioALSAStreamOut(  204): write(), buffer = 0xf5e13000, bytes = 4096
12-22 18:47:28.852 D/AudioALSAPlaybackHandlerHDMI(  204): write(), buffer = 0xf5e13000, bytes = 4096
12-22 18:47:28.858 E/        ( 4418): [BWC E](4454): start(): vendor/mediatek/proprietary_mt8173/platform/mt8173/hardware/bwc/bandwidth_control_port.cpp@53: Open SMI(/dev/MTK_SMI) driver file failed.:Permission denied
12-22 18:47:28.861 I/OpenGLRenderer( 4418): Initialized EGL, version 1.4
12-22 18:47:28.867 D/OpenGLRenderer( 4418): Enabling debug mode 0
12-22 18:47:28.883 E/MainApplication( 4418): GameStateAction = GameStateAction_Logo
12-22 18:47:28.883 E/UpdateManager( 4418): UpdateManager Message code = 202
12-22 18:47:28.883 E/UpdateTask( 4418): UpdateTask UpdateTask Message code = 100
12-22 18:47:28.883 E/UpdateTask( 4418): UpdateTask UpdateTask send onDownloadFinish taskName=TaskConfig
12-22 18:47:28.884 D/AudioALSAStreamOut(  204): write(), buffer = 0xf5e13000, bytes = 4096
12-22 18:47:28.884 D/AudioALSAPlaybackHandlerHDMI(  204): write(), buffer = 0xf5e13000, bytes = 4096
12-22 18:47:28.894 D/AudioALSAStreamOut(  204): write(), buffer = 0xf5e13000, bytes = 4096
12-22 18:47:28.894 D/AudioALSAPlaybackHandlerHDMI(  204): write(), buffer = 0xf5e13000, bytes = 4096
12-22 18:47:28.926 D/AudioALSAStreamOut(  204): write(), buffer = 0xf5e13000, bytes = 4096
12-22 18:47:28.926 D/AudioALSAPlaybackHandlerHDMI(  204): write(), buffer = 0xf5e13000, bytes = 4096
12-22 18:47:28.937 D/AudioALSAStreamOut(  204): write(), buffer = 0xf5e13000, bytes = 4096
12-22 18:47:28.937 D/AudioALSAPlaybackHandlerHDMI(  204): write(), buffer = 0xf5e13000, bytes = 4096
12-22 18:47:28.946 W/ContextImpl(  641): Calling a method in the system process without a qualified user: android.app.ContextImpl.sendBroadcast:1352 android.content.ContextWrapper.sendBroadcast:382 mitv.internal.PackageUsagePolicy.handleUsageEvent:49 mitv.internal.TvServiceDefaultImpl$EventHandler.handleMessage:1531 android.os.Handler.dispatchMessage:102 
12-22 18:47:28.948 I/Logger  (  920): [1] [1.onReceive] receive action : mitv.action.resume.activity
12-22 18:47:28.949 I/Logger  (  920): [1] [1.onReceive] top changed,package:com.jiajia.v6.letv,component:androidx.pluginmgr.DynamicActivity
12-22 18:47:28.950 I/Logger  (  920): [43] [1.handleMessage] check tv
