--------- beginning of main
12-22 18:47:22.419 D/AudioALSAPlaybackHandlerHDMI(  204): write(), buffer = 0xf5e13000, bytes = 4096
12-22 18:47:22.430 D/AudioALSAStreamOut(  204): write(), buffer = 0xf5e13000, bytes = 4096
12-22 18:47:22.430 D/AudioALSAPlaybackHandlerHDMI(  204): write(), buffer = 0xf5e13000, bytes = 4096
12-22 18:47:22.434 W/logcat  ( 4410): type=1400 audit(0.0:42): avc: denied { syslog_mod } for scontext=u:r:shell:s0 tcontext=u:r:kernel:s0 tclass=system permissive=0
12-22 18:47:22.444 W/logcat  ( 4410): type=1400 audit(0.0:43): avc: denied { syslog_mod } for scontext=u:r:shell:s0 tcontext=u:r:kernel:s0 tclass=system permissive=0
12-22 18:47:22.444 W/logcat  ( 4410): type=1400 audit(0.0:44): avc: denied { syslog_mod } for scontext=u:r:shell:s0 tcontext=u:r:kernel:s0 tclass=system permissive=0
12-22 18:47:22.461 D/AudioALSAStreamOut(  204): write(), buffer = 0xf5e13000, bytes = 4096
12-22 18:47:22.462 D/AudioALSAPlaybackHandlerHDMI(  204): write(), buffer = 0xf5e13000, bytes = 4096
12-22 18:47:22.472 D/AudioALSAStreamOut(  204): write(), buffer = 0xf5e13000, bytes = 4096
12-22 18:47:22.472 D/AudioALSAPlaybackHandlerHDMI(  204): write(), buffer = 0xf5e13000, bytes = 4096
12-22 18:47:22.504 D/AudioALSAStreamOut(  204): write(), buffer = 0xf5e13000, bytes = 4096
12-22 18:47:22.504 D/AudioALSAPlaybackHandlerHDMI(  204): write(), buffer = 0xf5e13000, bytes = 4096
12-22 18:47:22.515 D/AudioALSAStreamOut(  204): write(), buffer = 0xf5e13000, bytes = 4096
12-22 18:47:22.515 D/AudioALSAPlaybackHandlerHDMI(  204): write(), buffer = 0xf5e13000, bytes = 4096
12-22 18:47:22.547 D/AudioALSAStreamOut(  204): write(), buffer = 0xf5e13000, bytes = 4096
12-22 18:47:22.547 D/AudioALSAPlaybackHandlerHDMI(  204): write(), buffer = 0xf5e13000, bytes = 4096
12-22 18:47:22.558 D/AudioALSAStreamOut(  204): write(), buffer = 0xf5e13000, bytes = 4096
12-22 18:47:22.558 D/AudioALSAPlaybackHandlerHDMI(  204): write(), buffer = 0xf5e13000, bytes = 4096
12-22 18:47:22.589 D/AudioALSAStreamOut(  204): write(), buffer = 0xf5e13000, bytes = 4096
12-22 18:47:22.589 D/AudioALSAPlaybackHandlerHDMI(  204): write(), buffer = 0xf5e13000, bytes = 4096
12-22 18:47:22.600 D/AudioALSAStreamOut(  204): write(), buffer = 0xf5e13000, bytes = 4096
12-22 18:47:22.600 D/AudioALSAPlaybackHandlerHDMI(  204): write(), buffer = 0xf5e13000, bytes = 4096
12-22 18:47:22.632 D/AudioALSAStreamOut(  204): write(), buffer = 0xf5e13000, bytes = 4096
12-22 18:47:22.633 D/AudioALSAPlaybackHandlerHDMI(  204): write(), buffer = 0xf5e13000, bytes = 4096
12-22 18:47:22.644 D/AudioALSAStreamOut(  204): write(), buffer = 0xf5e13000, bytes = 4096
12-22 18:47:22.644 D/AudioALSAPlaybackHandlerHDMI(  204): write(), buffer = 0xf5e13000, bytes = 4096
12-22 18:47:22.675 D/AudioALSAStreamOut(  204): write(), buffer = 0xf5e13000, bytes = 4096
12-22 18:47:22.675 D/AudioALSAPlaybackHandlerHDMI(  204): write(), buffer = 0xf5e13000, bytes = 4096
12-22 18:47:22.685 D/AudioALSAStreamOut(  204): write(), buffer = 0xf5e13000, bytes = 4096
12-22 18:47:22.686 D/AudioALSAPlaybackHandlerHDMI(  204): write(), buffer = 0xf5e13000, bytes = 4096
12-22 18:47:22.717 D/AudioALSAStreamOut(  204): write(), buffer = 0xf5e13000, bytes = 4096
12-22 18:47:22.717 D/AudioALSAPlaybackHandlerHDMI(  204): write(), buffer = 0xf5e13000, bytes = 4096
12-22 18:47:22.728 D/AudioALSAStreamOut(  204): write(), buffer = 0xf5e13000, bytes = 4096
12-22 18:47:22.728 D/AudioALSAPlaybackHandlerHDMI(  204): write(), buffer = 0xf5e13000, bytes = 4096
12-22 18:47:22.760 D/AudioALSAStreamOut(  204): write(), buffer = 0xf5e13000, bytes = 4096
12-22 18:47:22.760 D/AudioALSAPlaybackHandlerHDMI(  204): write(), buffer = 0xf5e13000, bytes = 4096
12-22 18:47:22.771 D/AudioALSAStreamOut(  204): write(), buffer = 0xf5e13000, bytes = 4096
12-22 18:47:22.771 D/AudioALSAPlaybackHandlerHDMI(  204): write(), buffer = 0xf5e13000, bytes = 4096
12-22 18:47:22.804 D/AudioALSAStreamOut(  204): write(), buffer = 0xf5e13000, bytes = 4096
12-22 18:47:22.804 D/AudioALSAPlaybackHandlerHDMI(  204): write(), buffer = 0xf5e13000, bytes = 4096
12-22 18:47:22.814 D/AudioALSAStreamOut(  204): write(), buffer = 0xf5e13000, bytes = 4096
12-22 18:47:22.814 D/AudioALSAPlaybackHandlerHDMI(  204): write(), buffer = 0xf5e13000, bytes = 4096
12-22 18:47:22.845 D/AudioALSAStreamOut(  204): write(), buffer = 0xf5e13000, bytes = 4096
12-22 18:47:22.845 D/AudioALSAPlaybackHandlerHDMI(  204): write(), buffer = 0xf5e13000, bytes = 4096
12-22 18:47:22.856 D/AudioALSAStreamOut(  204): write(), buffer = 0xf5e13000, bytes = 4096
12-22 18:47:22.856 D/AudioALSAPlaybackHandlerHDMI(  204): write(), buffer = 0xf5e13000, bytes = 4096
12-22 18:47:22.867 D/StageView( 1616): resume
12-22 18:47:22.867 D/StageView( 1616): quit
12-22 18:47:22.867 D/StageView( 1616): Do action:com.xiaomi.mitv.systemui.statusbar.StageView$f@2ac7dfd
12-22 18:47:22.867 D/StageView( 1616): Action started, com.xiaomi.mitv.systemui.statusbar.StageView$f@2ac7dfd
12-22 18:47:22.867 D/StageView( 1616): State: {STATE_NOT_START:0} --> {STATE_PLAYING:1}, tip: onAnimationStart
12-22 18:47:22.867 D/StageView( 1616): Action end, com.xiaomi.mitv.systemui.statusbar.StageView$f@2ac7dfd
12-22 18:47:22.867 D/StageView( 1616): State: {STATE_PLAYING:1} --> {STATE_STANDBY:2}, tip: onAnimationEnd
12-22 18:47:22.867 D/StageView( 1616): State: {STATE_STANDBY:2} --> {STATE_NOT_START:0}, tip: end
12-22 18:47:22.888 D/AudioALSAStreamOut(  204): write(), buffer = 0xf5e13000, bytes = 4096
12-22 18:47:22.888 D/AudioALSAPlaybackHandlerHDMI(  204): write(), buffer = 0xf5e13000, bytes = 4096
12-22 18:47:22.890 D/StageView( 1616): resume
12-22 18:47:22.899 D/AudioALSAStreamOut(  204): write(), buffer = 0xf5e13000, bytes = 4096
12-22 18:47:22.899 D/AudioALSAPlaybackHandlerHDMI(  204): write(), buffer = 0xf5e13000, bytes = 4096
12-22 18:47:22.931 D/AudioALSAStreamOut(  204): write(), buffer = 0xf5e13000, bytes = 4096
12-22 18:47:22.931 D/AudioALSAPlaybackHandlerHDMI(  204): write(), buffer = 0xf5e13000, bytes = 4096
12-22 18:47:22.941 D/AudioALSAStreamOut(  204): write(), buffer = 0xf5e13000, bytes = 4096
12-22 18:47:22.942 D/AudioALSAPlaybackHandlerHDMI(  204): write(), buffer = 0xf5e13000, bytes = 4096
12-22 18:47:22.973 D/AudioALSAStreamOut(  204): write(), buffer = 0xf5e13000, bytes = 4096
12-22 18:47:22.973 D/AudioALSAPlaybackHandlerHDMI(  204): write(), buffer = 0xf5e13000, bytes = 4096
12-22 18:47:22.984 D/AudioALSAStreamOut(  204): write(), buffer = 0xf5e13000, bytes = 4096
12-22 18:47:22.984 D/AudioALSAPlaybackHandlerHDMI(  204): write(), buffer = 0xf5e13000, bytes = 4096
12-22 18:47:23.017 D/AudioALSAStreamOut(  204): write(), buffer = 0xf5e13000, bytes = 4096
12-22 18:47:23.017 D/AudioALSAPlaybackHandlerHDMI(  204): write(), buffer = 0xf5e13000, bytes = 4096
12-22 18:47:23.028 D/AudioALSAStreamOut(  204): write(), buffer = 0xf5e13000, bytes = 4096
12-22 18:47:23.028 D/AudioALSAPlaybackHandlerHDMI(  204): write(), buffer = 0xf5e13000, bytes = 4096
12-22 18:47:23.059 D/AudioALSAStreamOut(  204): write(), buffer = 0xf5e13000, bytes = 4096
12-22 18:47:23.059 D/AudioALSAPlaybackHandlerHDMI(  204): write(), buffer = 0xf5e13000, bytes = 4096
12-22 18:47:23.069 D/AudioALSAStreamOut(  204): write(), buffer = 0xf5e13000, bytes = 4096
12-22 18:47:23.070 D/AudioALSAPlaybackHandlerHDMI(  204): write(), buffer = 0xf5e13000, bytes = 4096
12-22 18:47:23.101 D/AudioALSAStreamOut(  204): write(), buffer = 0xf5e13000, bytes = 4096
12-22 18:47:23.101 D/AudioALSAPlaybackHandlerHDMI(  204): write(), buffer = 0xf5e13000, bytes = 4096
12-22 18:47:23.112 D/AudioALSAStreamOut(  204): write(), buffer = 0xf5e13000, bytes = 4096
12-22 18:47:23.112 D/AudioALSAPlaybackHandlerHDMI(  204): write(), buffer = 0xf5e13000, bytes = 4096
12-22 18:47:23.144 D/AudioALSAStreamOut(  204): write(), buffer = 0xf5e13000, bytes = 4096
12-22 18:47:23.144 D/AudioALSAPlaybackHandlerHDMI(  204): write(), buffer = 0xf5e13000, bytes = 4096
12-22 18:47:23.155 D/AudioALSAStreamOut(  204): write(), buffer = 0xf5e13000, bytes = 4096
12-22 18:47:23.155 D/AudioALSAPlaybackHandlerHDMI(  204): write(), buffer = 0xf5e13000, bytes = 4096
12-22 18:47:23.166 D/bt-btm  (  757): btm_bda_to_acl found
12-22 18:47:23.166 D/bt-att  (  757): gatt_get_ch_state: ch_state=4
12-22 18:47:23.166 D/bt-att  (  757): gatt_process_notification 
12-22 18:47:23.166 D/bt-btif (  757): bta_gattc_cmpl_cback: conn_id = 3 op = 6 status = 141
12-22 18:47:23.166 D/bt-btif (  757): bta_gattc_cmpl_cback: conn_id = 4 op = 6 status = 141
12-22 18:47:23.166 D/bt-btif (  757): Notification registered!
12-22 18:47:23.166 D/bt-btif (  757): bta_gattc_proc_other_indication check p_data->att_value.handle=48 p_data->handle=0
12-22 18:47:23.166 D/bt-btif (  757): is_notify:34, p_clcb->p_rcb->p_cback:not NULL
12-22 18:47:23.166 D/bt-btif (  757): bta_hh_gattc_callback event = 10
12-22 18:47:23.166 D/bt-btif (  757): Notification received on report ID: 1
12-22 18:47:23.166 D/bt-btif (  757): bta_hh_co_data: UHID write, key code: 0x28
12-22 18:47:23.166 W/bt-btif (  757): bta_hh_co_write:input.data[3] = 0x28
12-22 18:47:23.166 D/bt-btif (  757): bta_gattc_cmpl_cback: conn_id = 6 op = 6 status = 141
12-22 18:47:23.166 D/bt-btif (  757): Notification registered!
12-22 18:47:23.166 D/bt-btif (  757): bta_gattc_proc_other_indication check p_data->att_value.handle=48 p_data->handle=0
12-22 18:47:23.166 D/bt-btif (  757): is_notify:34, p_clcb->p_rcb->p_cback:not NULL
12-22 18:47:23.166 D/bt-btif (  757): btif_transfer_context event 10, len 676
12-22 18:47:23.166 D/lights  (  532): set_light_buttons: set light buttons.
12-22 18:47:23.167 D/bt-btif (  757): btif task fetched event a001
12-22 18:47:23.168 D/bt-btif (  757): btif_context_switched
--------- beginning of system
12-22 18:47:23.168 D/PowerManagerService(  532): checkScreenSaverTimeoutLocked come 120000 reason=userActivity
12-22 18:47:23.168 I/BtGatt.JNI(  757): device with address 08:EB:29:05:DF:E1 is of type 2
12-22 18:47:23.168 I/BtGatt.JNI(  757): instance id is 0 data1 is 0 data0 is 0
12-22 18:47:23.168 D/DisplayPowerController(  532): requestPowerState: policy=BRIGHT, useProximitySensor=false, screenBrightness=155, screenAutoBrightnessAdjustment=0.0, useAutoBrightness=false, blockScreenOn=false, lowPowerMode=false, boostScreenBrightness=false, dozeScreenBrightness=-1, dozeScreenState=UNKNOWN, waitForNegativeProximity=false
12-22 18:47:23.168 I/MitvPhoneWindowManager(  532): prepare dispatch key 23 down=true to Window{f1d03f0 u0 Application Error: com.jiajia.v6.letv} win attr=WM.LayoutParams{(0,0)(wrapxwrap) gr=#11 sim=#120 ty=2003 fl=#1820002 pfl=0x110 fmt=-3 wanim=0x1030467 surfaceInsets=Rect(64, 64 - 64, 64) needsMenuKey=2}
12-22 18:47:23.187 D/AudioALSAStreamOut(  204): write(), buffer = 0xf5e13000, bytes = 4096
12-22 18:47:23.187 D/AudioALSAPlaybackHandlerHDMI(  204): write(), buffer = 0xf5e13000, bytes = 4096
12-22 18:47:23.197 D/AudioALSAStreamOut(  204): write(), buffer = 0xf5e13000, bytes = 4096
12-22 18:47:23.198 D/AudioALSAPlaybackHandlerHDMI(  204): write(), buffer = 0xf5e13000, bytes = 4096
12-22 18:47:23.229 D/AudioALSAStreamOut(  204): write(), buffer = 0xf5e13000, bytes = 4096
12-22 18:47:23.229 D/AudioALSAPlaybackHandlerHDMI(  204): write(), buffer = 0xf5e13000, bytes = 4096
12-22 18:47:23.240 D/AudioALSAStreamOut(  204): write(), buffer = 0xf5e13000, bytes = 4096
12-22 18:47:23.240 D/AudioALSAPlaybackHandlerHDMI(  204): write(), buffer = 0xf5e13000, bytes = 4096
12-22 18:47:23.272 D/AudioALSAStreamOut(  204): write(), buffer = 0xf5e13000, bytes = 4096
12-22 18:47:23.272 D/AudioALSAPlaybackHandlerHDMI(  204): write(), buffer = 0xf5e13000, bytes = 4096
12-22 18:47:23.284 D/AudioALSAStreamOut(  204): write(), buffer = 0xf5e13000, bytes = 4096
12-22 18:47:23.285 D/AudioALSAPlaybackHandlerHDMI(  204): write(), buffer = 0xf5e13000, bytes = 4096
12-22 18:47:23.315 D/AudioALSAStreamOut(  204): write(), buffer = 0xf5e13000, bytes = 4096
12-22 18:47:23.315 D/AudioALSAPlaybackHandlerHDMI(  204): write(), buffer = 0xf5e13000, bytes = 4096
12-22 18:47:23.325 D/AudioALSAStreamOut(  204): write(), buffer = 0xf5e13000, bytes = 4096
12-22 18:47:23.325 D/AudioALSAPlaybackHandlerHDMI(  204): write(), buffer = 0xf5e13000, bytes = 4096
12-22 18:47:23.357 D/AudioALSAStreamOut(  204): write(), buffer = 0xf5e13000, bytes = 4096
12-22 18:47:23.357 D/AudioALSAPlaybackHandlerHDMI(  204): write(), buffer = 0xf5e13000, bytes = 4096
12-22 18:47:23.368 D/AudioALSAStreamOut(  204): write(), buffer = 0xf5e13000, bytes = 4096
12-22 18:47:23.368 D/AudioALSAPlaybackHandlerHDMI(  204): write(), buffer = 0xf5e13000, bytes = 4096
12-22 18:47:23.375 D/bt-btm  (  757): btm_bda_to_acl found
12-22 18:47:23.375 D/bt-att  (  757): gatt_get_ch_state: ch_state=4
12-22 18:47:23.375 D/bt-att  (  757): gatt_process_notification 
12-22 18:47:23.375 D/bt-btif (  757): bta_gattc_cmpl_cback: conn_id = 3 op = 6 status = 141
12-22 18:47:23.375 D/bt-btif (  757): bta_gattc_cmpl_cback: conn_id = 4 op = 6 status = 141
12-22 18:47:23.375 D/bt-btif (  757): Notification registered!
12-22 18:47:23.375 D/bt-btif (  757): bta_gattc_proc_other_indication check p_data->att_value.handle=48 p_data->handle=0
12-22 18:47:23.375 D/bt-btif (  757): is_notify:34, p_clcb->p_rcb->p_cback:not NULL
12-22 18:47:23.375 D/bt-btif (  757): bta_hh_gattc_callback event = 10
12-22 18:47:23.375 D/bt-btif (  757): Notification received on report ID: 1
12-22 18:47:23.375 D/bt-btif (  757): bta_hh_co_data: UHID write, key code: 0x0
12-22 18:47:23.375 W/bt-btif (  757): bta_hh_co_write:input.data[3] = 0x0
12-22 18:47:23.375 D/bt-btif (  757): bta_gattc_cmpl_cback: conn_id = 6 op = 6 status = 141
12-22 18:47:23.375 D/bt-btif (  757): Notification registered!
12-22 18:47:23.375 D/bt-btif (  757): bta_gattc_proc_other_indication check p_data->att_value.handle=48 p_data->handle=0
12-22 18:47:23.375 D/bt-btif (  757): is_notify:34, p_clcb->p_rcb->p_cback:not NULL
12-22 18:47:23.375 D/bt-btif (  757): btif_transfer_context event 10, len 676
12-22 18:47:23.375 D/lights  (  532): set_light_buttons: set light buttons.
12-22 18:47:23.375 D/bt-btif (  757): btif task fetched event a001
12-22 18:47:23.375 D/bt-btif (  757): btif_context_switched
12-22 18:47:23.375 I/BtGatt.JNI(  757): device with address 08:EB:29:05:DF:E1 is of type 2
12-22 18:47:23.375 I/BtGatt.JNI(  757): instance id is 0 data1 is 0 data0 is 0
12-22 18:47:23.376 V/MitvPhoneWindowManager(  532): ######## Clear actions key sequence ########
12-22 18:47:23.377 I/MitvPhoneWindowManager(  532): prepare dispatch key 23 down=false to Window{f1d03f0 u0 Application Error: com.jiajia.v6.letv} win attr=WM.LayoutParams{(0,0)(wrapxwrap) gr=#11 sim=#120 ty=2003 fl=#1820002 pfl=0x110 fmt=-3 wanim=0x1030467 surfaceInsets=Rect(64, 64 - 64, 64) needsMenuKey=2}
12-22 18:47:23.378 D/AudioPolicyManager(  204): getOutputForDevice()+++
12-22 18:47:23.378 D/AudioPolicyManager(  204): getOutput() returns output 9
12-22 18:47:23.378 D/AudioPolicyManager(  204): getOutputForDevice()+++
12-22 18:47:23.378 D/AudioPolicyManager(  204): getOutput() returns output 9
12-22 18:47:23.378 D/AudioTrack(  532): set(): streamType 1, sampleRate 44100, format 0x1, channelMask 0x3, frameCount 0, flags #4, notificationFrames 0, sessionId 0, transferType 0
12-22 18:47:23.379 D/AudioPolicyManager(  204): getOutputForDevice()+++
12-22 18:47:23.379 D/AudioPolicyManager(  204): getOutput() returns output 9
12-22 18:47:23.382 W/AudioTrack(  532): AUDIO_OUTPUT_FLAG_FAST denied by client
12-22 18:47:23.387 D/AudioTrack(  532): start():mOutput:9
12-22 18:47:23.387 I/Process ( 4283): Sending signal. PID: 4283 SIG: 9
12-22 18:47:23.388 D/AudioPolicyManager(  204): startOutput() output 9, stream 1, session 55
12-22 18:47:23.388 W/CustomAudioPolicyManager(  204): getDeviceForStrategy() unknown strategy: 6
12-22 18:47:23.388 W/CustomAudioPolicyManager(  204): getDeviceForStrategy() unknown strategy: 7
12-22 18:47:23.388 W/CustomAudioPolicyManager(  204): getDeviceForStrategy() unknown strategy: 8
12-22 18:47:23.390 D/AudioPolicyManager(  204): setMediaRoutingDevices()
12-22 18:47:23.391 D/AudioTrack(  532): start() done:mOutput:9
12-22 18:47:23.392 D/AudioPolicyManager(  204): releaseOutput() 9
12-22 18:47:23.400 D/AudioFlinger(  204): volume vl 530513, vr 530513, typeV 0.063096, masterV 1.000000
12-22 18:47:23.401 D/AudioALSAStreamOut(  204): write(), buffer = 0xf5e13000, bytes = 4096
12-22 18:47:23.401 D/AudioALSAPlaybackHandlerHDMI(  204): write(), buffer = 0xf5e13000, bytes = 4096
12-22 18:47:23.402 D/AudioFlinger(  204): volume vl 530513, vr 530513, typeV 0.063096, masterV 1.000000
12-22 18:47:23.402 D/AudioALSAStreamOut(  204): write(), buffer = 0xf5e13000, bytes = 4096
12-22 18:47:23.402 D/AudioALSAPlaybackHandlerHDMI(  204): write(), buffer = 0xf5e13000, bytes = 4096
12-22 18:47:23.407 D/SogouIME API( 1031): ==============num:32
12-22 18:47:23.408 D/SogouIME( 1031): mFocusedComponent:30   isHkbEnable:false
12-22 18:47:23.412 D/SogouIME( 1031): =====configKeyboard=======是否有硬件盘:false     硬件盘是否不再隐藏：false
12-22 18:47:23.414 V/DimLayer-1-AnimBg(  532): hide: duration=200
12-22 18:47:23.414 V/DimLayer-1-AnimBg(  532): show: layer=100999 alpha=0.0 duration=200
12-22 18:47:23.414 V/DimLayer-1-AnimBg(  532): show: mStartAlpha=0.6 mStartTime=135193
12-22 18:47:23.414 V/DimLayer-1-AnimBg(  532): stepAnimation: curTime=135193 alpha=0.6
12-22 18:47:23.429 V/DimLayer-1-AnimBg(  532): stepAnimation: curTime=135209 alpha=0.55200005
12-22 18:47:23.429 V/DimLayer-1-AnimBg(  532): setAlpha alpha=0.55200005
12-22 18:47:23.432 D/AudioFlinger(  204): volume vl 530513, vr 530513, typeV 0.063096, masterV 1.000000
12-22 18:47:23.432 D/AudioALSAStreamOut(  204): write(), buffer = 0xf5e13000, bytes = 4096
12-22 18:47:23.432 D/AudioALSAPlaybackHandlerHDMI(  204): write(), buffer = 0xf5e13000, bytes = 4096
12-22 18:47:23.432 D/AudioFlinger(  204): volume vl 530513, vr 530513, typeV 0.063096, masterV 1.000000
12-22 18:47:23.433 D/AudioALSAStreamOut(  204): write(), buffer = 0xf5e13000, bytes = 4096
12-22 18:47:23.433 D/AudioALSAPlaybackHandlerHDMI(  204): write(), buffer = 0xf5e13000, bytes = 4096
12-22 18:47:23.446 V/DimLayer-1-AnimBg(  532): stepAnimation: curTime=135225 alpha=0.504
12-22 18:47:23.446 V/DimLayer-1-AnimBg(  532): setAlpha alpha=0.504
12-22 18:47:23.463 V/DimLayer-1-AnimBg(  532): stepAnimation: curTime=135242 alpha=0.453
12-22 18:47:23.463 V/DimLayer-1-AnimBg(  532): setAlpha alpha=0.453
12-22 18:47:23.472 I/WindowState(  532): WIN DEATH: Window{ce25324 u0 SurfaceView}
12-22 18:47:23.472 D/DisplayManagerService(  532): Display listener for pid 4283 died.
12-22 18:47:23.473 D/WifiService(  532): Client connection lost with reason: 4
12-22 18:47:23.474 W/InputDispatcher(  532): channel '33fd57bf com.jiajia.v6.letv/androidx.pluginmgr.DynamicActivity (server)' ~ Consumer closed input channel or an error occurred.  events=0x9
12-22 18:47:23.474 E/InputDispatcher(  532): channel '33fd57bf com.jiajia.v6.letv/androidx.pluginmgr.DynamicActivity (server)' ~ Channel is unrecoverably broken and will be disposed!
12-22 18:47:23.476 I/ActivityManager(  532): Process com.jiajia.v6.letv (pid 4283) has died
12-22 18:47:23.477 I/WindowState(  532): WIN DEATH: Window{33fd57bf u0 com.jiajia.v6.letv/androidx.pluginmgr.DynamicActivity}
12-22 18:47:23.477 W/InputDispatcher(  532): Attempted to unregister already unregistered input channel '33fd57bf com.jiajia.v6.letv/androidx.pluginmgr.DynamicActivity (server)'
12-22 18:47:23.477 E/remoteService( 4378): remoteService onUnbind mIsNeedQuitServiceAtUnbind=false
12-22 18:47:23.478 D/PowerManagerService(  532): checkScreenSaverTimeoutLocked come 120000 reason=KeepScreenOn released by 
12-22 18:47:23.479 D/DisplayPowerController(  532): requestPowerState: policy=BRIGHT, useProximitySensor=false, screenBrightness=155, screenAutoBrightnessAdjustment=0.0, useAutoBrightness=false, blockScreenOn=false, lowPowerMode=false, boostScreenBrightness=false, dozeScreenBrightness=-1, dozeScreenState=UNKNOWN, waitForNegativeProximity=false
12-22 18:47:23.480 V/DimLayer-1-AnimBg(  532): stepAnimation: curTime=135259 alpha=0.402
12-22 18:47:23.480 V/DimLayer-1-AnimBg(  532): setAlpha alpha=0.402
12-22 18:47:23.485 D/AudioALSAStreamOut(  204): write(), buffer = 0xf5e13000, bytes = 4096
12-22 18:47:23.486 D/AudioALSAPlaybackHandlerHDMI(  204): write(), buffer = 0xf5e13000, bytes = 4096
12-22 18:47:23.491 D/MDP     (  192): [TDSHP][PQDS] unregistration(10000005)
12-22 18:47:23.491 D/MDP     (  192): [TDSHP][PQDS] delDSHandle(), id[10000005]
12-22 18:47:23.496 D/AudioALSAStreamOut(  204): write(), buffer = 0xf5e13000, bytes = 4096
12-22 18:47:23.496 D/AudioALSAPlaybackHandlerHDMI(  204): write(), buffer = 0xf5e13000, bytes = 4096
12-22 18:47:23.496 V/DimLayer-1-AnimBg(  532): stepAnimation: curTime=135275 alpha=0.35400003
12-22 18:47:23.496 V/DimLayer-1-AnimBg(  532): setAlpha alpha=0.35400003
12-22 18:47:23.513 V/DimLayer-1-AnimBg(  532): stepAnimation: curTime=135292 alpha=0.303
12-22 18:47:23.513 V/DimLayer-1-AnimBg(  532): setAlpha alpha=0.303
12-22 18:47:23.528 D/AudioALSAStreamOut(  204): write(), buffer = 0xf5e13000, bytes = 4096
12-22 18:47:23.528 D/AudioALSAPlaybackHandlerHDMI(  204): write(), buffer = 0xf5e13000, bytes = 4096
12-22 18:47:23.530 V/DimLayer-1-AnimBg(  532): stepAnimation: curTime=135309 alpha=0.252
12-22 18:47:23.530 V/DimLayer-1-AnimBg(  532): setAlpha alpha=0.252
12-22 18:47:23.539 D/AudioALSAStreamOut(  204): write(), buffer = 0xf5e13000, bytes = 4096
12-22 18:47:23.539 D/AudioALSAPlaybackHandlerHDMI(  204): write(), buffer = 0xf5e13000, bytes = 4096
12-22 18:47:23.546 V/DimLayer-1-AnimBg(  532): stepAnimation: curTime=135325 alpha=0.204
12-22 18:47:23.546 V/DimLayer-1-AnimBg(  532): setAlpha alpha=0.204
12-22 18:47:23.563 V/DimLayer-1-AnimBg(  532): stepAnimation: curTime=135342 alpha=0.15300003
12-22 18:47:23.563 V/DimLayer-1-AnimBg(  532): setAlpha alpha=0.15300003
12-22 18:47:23.571 W/CustomAudioPolicyManager(  204): getDeviceForStrategy() unknown strategy: 6
12-22 18:47:23.571 D/AudioALSAStreamOut(  204): write(), buffer = 0xf5e13000, bytes = 4096
12-22 18:47:23.571 W/CustomAudioPolicyManager(  204): getDeviceForStrategy() unknown strategy: 7
12-22 18:47:23.571 W/CustomAudioPolicyManager(  204): getDeviceForStrategy() unknown strategy: 8
12-22 18:47:23.571 D/AudioALSAPlaybackHandlerHDMI(  204): write(), buffer = 0xf5e13000, bytes = 4096
12-22 18:47:23.580 V/DimLayer-1-AnimBg(  532): stepAnimation: curTime=135359 alpha=0.102
12-22 18:47:23.580 V/DimLayer-1-AnimBg(  532): setAlpha alpha=0.102
12-22 18:47:23.582 D/AudioALSAStreamOut(  204): write(), buffer = 0xf5e13000, bytes = 4096
12-22 18:47:23.582 D/AudioALSAPlaybackHandlerHDMI(  204): write(), buffer = 0xf5e13000, bytes = 4096
12-22 18:47:23.596 V/DimLayer-1-AnimBg(  532): stepAnimation: curTime=135375 alpha=0.05400002
12-22 18:47:23.596 V/DimLayer-1-AnimBg(  532): setAlpha alpha=0.05400002
12-22 18:47:23.613 V/DimLayer-1-AnimBg(  532): stepAnimation: curTime=135392 alpha=0.003000021
12-22 18:47:23.613 D/AudioALSAStreamOut(  204): write(), buffer = 0xf5e13000, bytes = 4096
12-22 18:47:23.613 D/AudioALSAPlaybackHandlerHDMI(  204): write(), buffer = 0xf5e13000, bytes = 4096
12-22 18:47:23.613 V/DimLayer-1-AnimBg(  532): setAlpha alpha=0.003000021
12-22 18:47:23.624 D/AudioALSAStreamOut(  204): write(), buffer = 0xf5e13000, bytes = 4096
12-22 18:47:23.624 D/AudioALSAPlaybackHandlerHDMI(  204): write(), buffer = 0xf5e13000, bytes = 4096
12-22 18:47:23.629 V/DimLayer-1-AnimBg(  532): stepAnimation: curTime=135409 alpha=0.0
12-22 18:47:23.630 V/DimLayer-1-AnimBg(  532): setAlpha alpha=0.0
12-22 18:47:23.630 V/DimLayer-1-AnimBg(  532): setAlpha hiding
12-22 18:47:23.656 D/AudioALSAStreamOut(  204): write(), buffer = 0xf5e13000, bytes = 4096
12-22 18:47:23.656 D/AudioALSAPlaybackHandlerHDMI(  204): write(), buffer = 0xf5e13000, bytes = 4096
12-22 18:47:23.667 D/AudioALSAStreamOut(  204): write(), buffer = 0xf5e13000, bytes = 4096
12-22 18:47:23.667 D/AudioALSAPlaybackHandlerHDMI(  204): write(), buffer = 0xf5e13000, bytes = 4096
12-22 18:47:23.699 D/AudioALSAStreamOut(  204): write(), buffer = 0xf5e13000, bytes = 4096
12-22 18:47:23.699 D/AudioALSAPlaybackHandlerHDMI(  204): write(), buffer = 0xf5e13000, bytes = 4096
12-22 18:47:23.709 D/AudioALSAStreamOut(  204): write(), buffer = 0xf5e13000, bytes = 4096
12-22 18:47:23.709 D/AudioALSAPlaybackHandlerHDMI(  204): write(), buffer = 0xf5e13000, bytes = 4096
12-22 18:47:23.741 D/AudioALSAStreamOut(  204): write(), buffer = 0xf5e13000, bytes = 4096
12-22 18:47:23.741 D/AudioALSAPlaybackHandlerHDMI(  204): write(), buffer = 0xf5e13000, bytes = 4096
12-22 18:47:23.752 D/AudioALSAStreamOut(  204): write(), buffer = 0xf5e13000, bytes = 4096
12-22 18:47:23.752 D/AudioALSAPlaybackHandlerHDMI(  204): write(), buffer = 0xf5e13000, bytes = 4096
12-22 18:47:23.784 D/AudioALSAStreamOut(  204): write(), buffer = 0xf5e13000, bytes = 4096
12-22 18:47:23.784 D/AudioALSAPlaybackHandlerHDMI(  204): write(), buffer = 0xf5e13000, bytes = 4096
12-22 18:47:23.795 D/AudioALSAStreamOut(  204): write(), buffer = 0xf5e13000, bytes = 4096
12-22 18:47:23.795 D/AudioALSAPlaybackHandlerHDMI(  204): write(), buffer = 0xf5e13000, bytes = 4096
12-22 18:47:23.827 D/AudioALSAStreamOut(  204): write(), buffer = 0xf5e13000, bytes = 4096
12-22 18:47:23.827 D/AudioALSAPlaybackHandlerHDMI(  204): write(), buffer = 0xf5e13000, bytes = 4096
12-22 18:47:23.837 D/AudioALSAStreamOut(  204): write(), buffer = 0xf5e13000, bytes = 4096
12-22 18:47:23.837 D/AudioALSAPlaybackHandlerHDMI(  204): write(), buffer = 0xf5e13000, bytes = 4096
12-22 18:47:23.853 D/test    ( 2264): Receive 3 128K
12-22 18:47:23.869 D/AudioALSAStreamOut(  204): write(), buffer = 0xf5e13000, bytes = 4096
12-22 18:47:23.869 D/AudioALSAPlaybackHandlerHDMI(  204): write(), buffer = 0xf5e13000, bytes = 4096
12-22 18:47:23.880 D/AudioALSAStreamOut(  204): write(), buffer = 0xf5e13000, bytes = 4096
12-22 18:47:23.880 D/AudioALSAPlaybackHandlerHDMI(  204): write(), buffer = 0xf5e13000, bytes = 4096
12-22 18:47:23.912 D/AudioALSAStreamOut(  204): write(), buffer = 0xf5e13000, bytes = 4096
12-22 18:47:23.912 D/AudioALSAPlaybackHandlerHDMI(  204): write(), buffer = 0xf5e13000, bytes = 4096
12-22 18:47:23.923 D/AudioALSAStreamOut(  204): write(), buffer = 0xf5e13000, bytes = 4096
12-22 18:47:23.923 D/AudioALSAPlaybackHandlerHDMI(  204): write(), buffer = 0xf5e13000, bytes = 4096
12-22 18:47:23.945 D/UpnpLanSearcher( 1480): processAliveMessage
12-22 18:47:23.947 D/UpnpLanSearcher( 1480): processAliveMessage
12-22 18:47:23.948 D/UpnpLanSearcher( 1480): processAliveMessage
12-22 18:47:23.949 D/UpnpLanSearcher( 1480): processAliveMessage
12-22 18:47:23.950 D/UpnpLanSearcher( 1480): processAliveMessage
12-22 18:47:23.951 D/UpnpLanSearcher( 1480): processAliveMessage
12-22 18:47:23.952 D/UpnpLanSearcher( 1480): processAliveMessage
12-22 18:47:23.953 D/UpnpLanSearcher( 1480): processAliveMessage
12-22 18:47:23.954 D/UpnpLanSearcher( 1480): processAliveMessage
12-22 18:47:23.955 D/AudioALSAStreamOut(  204): write(), buffer = 0xf5e13000, bytes = 4096
12-22 18:47:23.955 D/AudioALSAPlaybackHandlerHDMI(  204): write(), buffer = 0xf5e13000, bytes = 4096
12-22 18:47:23.955 D/UpnpLanSearcher( 1480): processAliveMessage
12-22 18:47:23.965 D/AudioALSAStreamOut(  204): write(), buffer = 0xf5e13000, bytes = 4096
12-22 18:47:23.965 D/AudioALSAPlaybackHandlerHDMI(  204): write(), buffer = 0xf5e13000, bytes = 4096
12-22 18:47:23.997 D/AudioALSAStreamOut(  204): write(), buffer = 0xf5e13000, bytes = 4096
12-22 18:47:23.997 D/AudioALSAPlaybackHandlerHDMI(  204): write(), buffer = 0xf5e13000, bytes = 4096
12-22 18:47:24.008 D/AudioALSAStreamOut(  204): write(), buffer = 0xf5e13000, bytes = 4096
12-22 18:47:24.008 D/AudioALSAPlaybackHandlerHDMI(  204): write(), buffer = 0xf5e13000, bytes = 4096
12-22 18:47:24.040 D/AudioALSAStreamOut(  204): write(), buffer = 0xf5e13000, bytes = 4096
12-22 18:47:24.040 D/AudioALSAPlaybackHandlerHDMI(  204): write(), buffer = 0xf5e13000, bytes = 4096
12-22 18:47:24.051 D/AudioALSAStreamOut(  204): write(), buffer = 0xf5e13000, bytes = 4096
12-22 18:47:24.051 D/AudioALSAPlaybackHandlerHDMI(  204): write(), buffer = 0xf5e13000, bytes = 4096
12-22 18:47:24.083 D/AudioALSAStreamOut(  204): write(), buffer = 0xf5e13000, bytes = 4096
12-22 18:47:24.083 D/AudioALSAPlaybackHandlerHDMI(  204): write(), buffer = 0xf5e13000, bytes = 4096
12-22 18:47:24.093 D/AudioALSAStreamOut(  204): write(), buffer = 0xf5e13000, bytes = 4096
12-22 18:47:24.093 D/AudioALSAPlaybackHandlerHDMI(  204): write(), buffer = 0xf5e13000, bytes = 4096
12-22 18:47:24.125 D/AudioALSAStreamOut(  204): write(), buffer = 0xf5e13000, bytes = 4096
12-22 18:47:24.125 D/AudioALSAPlaybackHandlerHDMI(  204): write(), buffer = 0xf5e13000, bytes = 4096
12-22 18:47:24.136 D/AudioALSAStreamOut(  204): write(), buffer = 0xf5e13000, bytes = 4096
12-22 18:47:24.136 D/AudioALSAPlaybackHandlerHDMI(  204): write(), buffer = 0xf5e13000, bytes = 4096
12-22 18:47:24.168 D/AudioALSAStreamOut(  204): write(), buffer = 0xf5e13000, bytes = 4096
12-22 18:47:24.168 D/AudioALSAPlaybackHandlerHDMI(  204): write(), buffer = 0xf5e13000, bytes = 4096
12-22 18:47:24.179 D/AudioALSAStreamOut(  204): write(), buffer = 0xf5e13000, bytes = 4096
12-22 18:47:24.179 D/AudioALSAPlaybackHandlerHDMI(  204): write(), buffer = 0xf5e13000, bytes = 4096
12-22 18:47:24.211 D/AudioALSAStreamOut(  204): write(), buffer = 0xf5e13000, bytes = 4096
12-22 18:47:24.211 D/AudioALSAPlaybackHandlerHDMI(  204): write(), buffer = 0xf5e13000, bytes = 4096
12-22 18:47:24.221 D/AudioALSAStreamOut(  204): write(), buffer = 0xf5e13000, bytes = 4096
12-22 18:47:24.221 D/AudioALSAPlaybackHandlerHDMI(  204): write(), buffer = 0xf5e13000, bytes = 4096
12-22 18:47:24.254 D/AudioALSAStreamOut(  204): write(), buffer = 0xf5e13000, bytes = 4096
12-22 18:47:24.254 D/AudioALSAPlaybackHandlerHDMI(  204): write(), buffer = 0xf5e13000, bytes = 4096
12-22 18:47:24.264 D/AudioALSAStreamOut(  204): write(), buffer = 0xf5e13000, bytes = 4096
12-22 18:47:24.264 D/AudioALSAPlaybackHandlerHDMI(  204): write(), buffer = 0xf5e13000, bytes = 4096
12-22 18:47:24.296 D/AudioALSAStreamOut(  204): write(), buffer = 0xf5e13000, bytes = 4096
12-22 18:47:24.296 D/AudioALSAPlaybackHandlerHDMI(  204): write(), buffer = 0xf5e13000, bytes = 4096
12-22 18:47:24.307 D/AudioALSAStreamOut(  204): write(), buffer = 0xf5e13000, bytes = 4096
12-22 18:47:24.307 D/AudioALSAPlaybackHandlerHDMI(  204): write(), buffer = 0xf5e13000, bytes = 4096
12-22 18:47:24.339 D/AudioALSAStreamOut(  204): write(), buffer = 0xf5e13000, bytes = 4096
12-22 18:47:24.339 D/AudioALSAPlaybackHandlerHDMI(  204): write(), buffer = 0xf5e13000, bytes = 4096
12-22 18:47:24.349 D/AudioALSAStreamOut(  204): write(), buffer = 0xf5e13000, bytes = 4096
12-22 18:47:24.349 D/AudioALSAPlaybackHandlerHDMI(  204): write(), buffer = 0xf5e13000, bytes = 4096
12-22 18:47:24.381 D/AudioALSAStreamOut(  204): write(), buffer = 0xf5e13000, bytes = 4096
12-22 18:47:24.381 D/AudioALSAPlaybackHandlerHDMI(  204): write(), buffer = 0xf5e13000, bytes = 4096
12-22 18:47:24.392 D/AudioALSAStreamOut(  204): write(), buffer = 0xf5e13000, bytes = 4096
12-22 18:47:24.392 D/AudioALSAPlaybackHandlerHDMI(  204): write(), buffer = 0xf5e13000, bytes = 4096
12-22 18:47:24.424 D/AudioALSAStreamOut(  204): write(), buffer = 0xf5e13000, bytes = 4096
12-22 18:47:24.424 D/AudioALSAPlaybackHandlerHDMI(  204): write(), buffer = 0xf5e13000, bytes = 4096
12-22 18:47:24.435 D/AudioALSAStreamOut(  204): write(), buffer = 0xf5e13000, bytes = 4096
12-22 18:47:24.435 D/AudioALSAPlaybackHandlerHDMI(  204): write(), buffer = 0xf5e13000, bytes = 4096
12-22 18:47:24.467 D/AudioALSAStreamOut(  204): write(), buffer = 0xf5e13000, bytes = 4096
12-22 18:47:24.467 D/AudioALSAPlaybackHandlerHDMI(  204): write(), buffer = 0xf5e13000, bytes = 4096
12-22 18:47:24.477 D/AudioALSAStreamOut(  204): write(), buffer = 0xf5e13000, bytes = 4096
12-22 18:47:24.477 D/AudioALSAPlaybackHandlerHDMI(  204): write(), buffer = 0xf5e13000, bytes = 4096
12-22 18:47:24.509 D/AudioALSAStreamOut(  204): write(), buffer = 0xf5e13000, bytes = 4096
12-22 18:47:24.509 D/AudioALSAPlaybackHandlerHDMI(  204): write(), buffer = 0xf5e13000, bytes = 4096
12-22 18:47:24.520 D/AudioALSAStreamOut(  204): write(), buffer = 0xf5e13000, bytes = 4096
12-22 18:47:24.520 D/AudioALSAPlaybackHandlerHDMI(  204): write(), buffer = 0xf5e13000, bytes = 4096
12-22 18:47:24.552 D/AudioALSAStreamOut(  204): write(), buffer = 0xf5e13000, bytes = 4096
12-22 18:47:24.552 D/AudioALSAPlaybackHandlerHDMI(  204): write(), buffer = 0xf5e13000, bytes = 4096
12-22 18:47:24.563 D/AudioALSAStreamOut(  204): write(), buffer = 0xf5e13000, bytes = 4096
12-22 18:47:24.563 D/AudioALSAPlaybackHandlerHDMI(  204): write(), buffer = 0xf5e13000, bytes = 4096
12-22 18:47:24.595 D/AudioALSAStreamOut(  204): write(), buffer = 0xf5e13000, bytes = 4096
12-22 18:47:24.595 D/AudioALSAPlaybackHandlerHDMI(  204): write(), buffer = 0xf5e13000, bytes = 4096
12-22 18:47:24.605 D/AudioALSAStreamOut(  204): write(), buffer = 0xf5e13000, bytes = 4096
12-22 18:47:24.605 D/AudioALSAPlaybackHandlerHDMI(  204): write(), buffer = 0xf5e13000, bytes = 4096
12-22 18:47:24.637 D/AudioALSAStreamOut(  204): write(), buffer = 0xf5e13000, bytes = 4096
12-22 18:47:24.637 D/AudioALSAPlaybackHandlerHDMI(  204): write(), buffer = 0xf5e13000, bytes = 4096
12-22 18:47:24.648 D/AudioALSAStreamOut(  204): write(), buffer = 0xf5e13000, bytes = 4096
12-22 18:47:24.648 D/AudioALSAPlaybackHandlerHDMI(  204): write(), buffer = 0xf5e13000, bytes = 4096
12-22 18:47:24.680 D/AudioALSAStreamOut(  204): write(), buffer = 0xf5e13000, bytes = 4096
12-22 18:47:24.680 D/AudioALSAPlaybackHandlerHDMI(  204): write(), buffer = 0xf5e13000, bytes = 4096
12-22 18:47:24.691 D/AudioALSAStreamOut(  204): write(), buffer = 0xf5e13000, bytes = 4096
12-22 18:47:24.691 D/AudioALSAPlaybackHandlerHDMI(  204): write(), buffer = 0xf5e13000, bytes = 4096
12-22 18:47:24.723 D/AudioALSAStreamOut(  204): write(), buffer = 0xf5e13000, bytes = 4096
12-22 18:47:24.723 D/AudioALSAPlaybackHandlerHDMI(  204): write(), buffer = 0xf5e13000, bytes = 4096
12-22 18:47:24.733 D/AudioALSAStreamOut(  204): write(), buffer = 0xf5e13000, bytes = 4096
12-22 18:47:24.733 D/AudioALSAPlaybackHandlerHDMI(  204): write(), buffer = 0xf5e13000, bytes = 4096
12-22 18:47:24.765 D/AudioALSAStreamOut(  204): write(), buffer = 0xf5e13000, bytes = 4096
12-22 18:47:24.765 D/AudioALSAPlaybackHandlerHDMI(  204): write(), buffer = 0xf5e13000, bytes = 4096
12-22 18:47:24.776 D/AudioALSAStreamOut(  204): write(), buffer = 0xf5e13000, bytes = 4096
12-22 18:47:24.776 D/AudioALSAPlaybackHandlerHDMI(  204): write(), buffer = 0xf5e13000, bytes = 4096
12-22 18:47:24.808 D/AudioALSAStreamOut(  204): write(), buffer = 0xf5e13000, bytes = 4096
12-22 18:47:24.808 D/AudioALSAPlaybackHandlerHDMI(  204): write(), buffer = 0xf5e13000, bytes = 4096
12-22 18:47:24.819 D/AudioALSAStreamOut(  204): write(), buffer = 0xf5e13000, bytes = 4096
12-22 18:47:24.819 D/AudioALSAPlaybackHandlerHDMI(  204): write(), buffer = 0xf5e13000, bytes = 4096
12-22 18:47:24.851 D/AudioALSAStreamOut(  204): write(), buffer = 0xf5e13000, bytes = 4096
12-22 18:47:24.851 D/AudioALSAPlaybackHandlerHDMI(  204): write(), buffer = 0xf5e13000, bytes = 4096
12-22 18:47:24.861 D/AudioALSAStreamOut(  204): write(), buffer = 0xf5e13000, bytes = 4096
12-22 18:47:24.861 D/AudioALSAPlaybackHandlerHDMI(  204): write(), buffer = 0xf5e13000, bytes = 4096
12-22 18:47:24.893 D/AudioALSAStreamOut(  204): write(), buffer = 0xf5e13000, bytes = 4096
12-22 18:47:24.893 D/AudioALSAPlaybackHandlerHDMI(  204): write(), buffer = 0xf5e13000, bytes = 4096
12-22 18:47:24.904 D/AudioALSAStreamOut(  204): write(), buffer = 0xf5e13000, bytes = 4096
12-22 18:47:24.904 D/AudioALSAPlaybackHandlerHDMI(  204): write(), buffer = 0xf5e13000, bytes = 4096
12-22 18:47:24.936 D/AudioALSAStreamOut(  204): write(), buffer = 0xf5e13000, bytes = 4096
12-22 18:47:24.936 D/AudioALSAPlaybackHandlerHDMI(  204): write(), buffer = 0xf5e13000, bytes = 4096
12-22 18:47:24.947 D/AudioALSAStreamOut(  204): write(), buffer = 0xf5e13000, bytes = 4096
12-22 18:47:24.947 D/AudioALSAPlaybackHandlerHDMI(  204): write(), buffer = 0xf5e13000, bytes = 4096
12-22 18:47:24.979 D/AudioALSAStreamOut(  204): write(), buffer = 0xf5e13000, bytes = 4096
12-22 18:47:24.979 D/AudioALSAPlaybackHandlerHDMI(  204): write(), buffer = 0xf5e13000, bytes = 4096
12-22 18:47:24.989 D/AudioALSAStreamOut(  204): write(), buffer = 0xf5e13000, bytes = 4096
12-22 18:47:24.989 D/AudioALSAPlaybackHandlerHDMI(  204): write(), buffer = 0xf5e13000, bytes = 4096
12-22 18:47:25.021 D/AudioALSAStreamOut(  204): write(), buffer = 0xf5e13000, bytes = 4096
12-22 18:47:25.021 D/AudioALSAPlaybackHandlerHDMI(  204): write(), buffer = 0xf5e13000, bytes = 4096
12-22 18:47:25.032 D/AudioALSAStreamOut(  204): write(), buffer = 0xf5e13000, bytes = 4096
12-22 18:47:25.032 D/AudioALSAPlaybackHandlerHDMI(  204): write(), buffer = 0xf5e13000, bytes = 4096
12-22 18:47:25.064 D/AudioALSAStreamOut(  204): write(), buffer = 0xf5e13000, bytes = 4096
12-22 18:47:25.064 D/AudioALSAPlaybackHandlerHDMI(  204): write(), buffer = 0xf5e13000, bytes = 4096
12-22 18:47:25.075 D/AudioALSAStreamOut(  204): write(), buffer = 0xf5e13000, bytes = 4096
12-22 18:47:25.075 D/AudioALSAPlaybackHandlerHDMI(  204): write(), buffer = 0xf5e13000, bytes = 4096
12-22 18:47:25.107 D/AudioALSAStreamOut(  204): write(), buffer = 0xf5e13000, bytes = 4096
12-22 18:47:25.107 D/AudioALSAPlaybackHandlerHDMI(  204): write(), buffer = 0xf5e13000, bytes = 4096
12-22 18:47:25.117 D/AudioALSAStreamOut(  204): write(), buffer = 0xf5e13000, bytes = 4096
12-22 18:47:25.117 D/AudioALSAPlaybackHandlerHDMI(  204): write(), buffer = 0xf5e13000, bytes = 4096
12-22 18:47:25.149 D/AudioALSAStreamOut(  204): write(), buffer = 0xf5e13000, bytes = 4096
12-22 18:47:25.149 D/AudioALSAPlaybackHandlerHDMI(  204): write(), buffer = 0xf5e13000, bytes = 4096
12-22 18:47:25.160 D/AudioALSAStreamOut(  204): write(), buffer = 0xf5e13000, bytes = 4096
12-22 18:47:25.160 D/AudioALSAPlaybackHandlerHDMI(  204): write(), buffer = 0xf5e13000, bytes = 4096
12-22 18:47:25.192 D/AudioALSAStreamOut(  204): write(), buffer = 0xf5e13000, bytes = 4096
12-22 18:47:25.192 D/AudioALSAPlaybackHandlerHDMI(  204): write(), buffer = 0xf5e13000, bytes = 4096
12-22 18:47:25.203 D/AudioALSAStreamOut(  204): write(), buffer = 0xf5e13000, bytes = 4096
12-22 18:47:25.203 D/AudioALSAPlaybackHandlerHDMI(  204): write(), buffer = 0xf5e13000, bytes = 4096
12-22 18:47:25.235 D/AudioALSAStreamOut(  204): write(), buffer = 0xf5e13000, bytes = 4096
12-22 18:47:25.235 D/AudioALSAPlaybackHandlerHDMI(  204): write(), buffer = 0xf5e13000, bytes = 4096
12-22 18:47:25.245 D/AudioALSAStreamOut(  204): write(), buffer = 0xf5e13000, bytes = 4096
12-22 18:47:25.245 D/AudioALSAPlaybackHandlerHDMI(  204): write(), buffer = 0xf5e13000, bytes = 4096
12-22 18:47:25.277 D/AudioALSAStreamOut(  204): write(), buffer = 0xf5e13000, bytes = 4096
12-22 18:47:25.277 D/AudioALSAPlaybackHandlerHDMI(  204): write(), buffer = 0xf5e13000, bytes = 4096
12-22 18:47:25.288 D/AudioALSAStreamOut(  204): write(), buffer = 0xf5e13000, bytes = 4096
12-22 18:47:25.288 D/AudioALSAPlaybackHandlerHDMI(  204): write(), buffer = 0xf5e13000, bytes = 4096
12-22 18:47:25.320 D/AudioALSAStreamOut(  204): write(), buffer = 0xf5e13000, bytes = 4096
12-22 18:47:25.320 D/AudioALSAPlaybackHandlerHDMI(  204): write(), buffer = 0xf5e13000, bytes = 4096
12-22 18:47:25.331 D/AudioALSAStreamOut(  204): write(), buffer = 0xf5e13000, bytes = 4096
12-22 18:47:25.331 D/AudioALSAPlaybackHandlerHDMI(  204): write(), buffer = 0xf5e13000, bytes = 4096
12-22 18:47:25.363 D/AudioALSAStreamOut(  204): write(), buffer = 0xf5e13000, bytes = 4096
12-22 18:47:25.363 D/AudioALSAPlaybackHandlerHDMI(  204): write(), buffer = 0xf5e13000, bytes = 4096
12-22 18:47:25.373 D/AudioALSAStreamOut(  204): write(), buffer = 0xf5e13000, bytes = 4096
12-22 18:47:25.373 D/AudioALSAPlaybackHandlerHDMI(  204): write(), buffer = 0xf5e13000, bytes = 4096
12-22 18:47:25.405 D/AudioALSAStreamOut(  204): write(), buffer = 0xf5e13000, bytes = 4096
12-22 18:47:25.405 D/AudioALSAPlaybackHandlerHDMI(  204): write(), buffer = 0xf5e13000, bytes = 4096
12-22 18:47:25.416 D/AudioALSAStreamOut(  204): write(), buffer = 0xf5e13000, bytes = 4096
12-22 18:47:25.416 D/AudioALSAPlaybackHandlerHDMI(  204): write(), buffer = 0xf5e13000, bytes = 4096
12-22 18:47:25.448 D/AudioALSAStreamOut(  204): write(), buffer = 0xf5e13000, bytes = 4096
12-22 18:47:25.448 D/AudioALSAPlaybackHandlerHDMI(  204): write(), buffer = 0xf5e13000, bytes = 4096
12-22 18:47:25.459 D/AudioALSAStreamOut(  204): write(), buffer = 0xf5e13000, bytes = 4096
12-22 18:47:25.459 D/AudioALSAPlaybackHandlerHDMI(  204): write(), buffer = 0xf5e13000, bytes = 4096
12-22 18:47:25.491 D/AudioALSAStreamOut(  204): write(), buffer = 0xf5e13000, bytes = 4096
12-22 18:47:25.491 D/AudioALSAPlaybackHandlerHDMI(  204): write(), buffer = 0xf5e13000, bytes = 4096
12-22 18:47:25.501 D/AudioALSAStreamOut(  204): write(), buffer = 0xf5e13000, bytes = 4096
12-22 18:47:25.501 D/AudioALSAPlaybackHandlerHDMI(  204): write(), buffer = 0xf5e13000, bytes = 4096
12-22 18:47:25.533 D/AudioALSAStreamOut(  204): write(), buffer = 0xf5e13000, bytes = 4096
12-22 18:47:25.533 D/AudioALSAPlaybackHandlerHDMI(  204): write(), buffer = 0xf5e13000, bytes = 4096
12-22 18:47:25.544 D/AudioALSAStreamOut(  204): write(), buffer = 0xf5e13000, bytes = 4096
12-22 18:47:25.544 D/AudioALSAPlaybackHandlerHDMI(  204): write(), buffer = 0xf5e13000, bytes = 4096
12-22 18:47:25.576 D/AudioALSAStreamOut(  204): write(), buffer = 0xf5e13000, bytes = 4096
12-22 18:47:25.576 D/AudioALSAPlaybackHandlerHDMI(  204): write(), buffer = 0xf5e13000, bytes = 4096
12-22 18:47:25.587 D/AudioALSAStreamOut(  204): write(), buffer = 0xf5e13000, bytes = 4096
12-22 18:47:25.587 D/AudioALSAPlaybackHandlerHDMI(  204): write(), buffer = 0xf5e13000, bytes = 4096
12-22 18:47:25.619 D/AudioALSAStreamOut(  204): write(), buffer = 0xf5e13000, bytes = 4096
12-22 18:47:25.619 D/AudioALSAPlaybackHandlerHDMI(  204): write(), buffer = 0xf5e13000, bytes = 4096
12-22 18:47:25.629 D/AudioALSAStreamOut(  204): write(), buffer = 0xf5e13000, bytes = 4096
12-22 18:47:25.629 D/AudioALSAPlaybackHandlerHDMI(  204): write(), buffer = 0xf5e13000, bytes = 4096
12-22 18:47:25.661 D/AudioALSAStreamOut(  204): write(), buffer = 0xf5e13000, bytes = 4096
12-22 18:47:25.661 D/AudioALSAPlaybackHandlerHDMI(  204): write(), buffer = 0xf5e13000, bytes = 4096
12-22 18:47:25.672 D/AudioALSAStreamOut(  204): write(), buffer = 0xf5e13000, bytes = 4096
12-22 18:47:25.672 D/AudioALSAPlaybackHandlerHDMI(  204): write(), buffer = 0xf5e13000, bytes = 4096
12-22 18:47:25.704 D/AudioALSAStreamOut(  204): write(), buffer = 0xf5e13000, bytes = 4096
12-22 18:47:25.704 D/AudioALSAPlaybackHandlerHDMI(  204): write(), buffer = 0xf5e13000, bytes = 4096
12-22 18:47:25.715 D/AudioALSAStreamOut(  204): write(), buffer = 0xf5e13000, bytes = 4096
12-22 18:47:25.715 D/AudioALSAPlaybackHandlerHDMI(  204): write(), buffer = 0xf5e13000, bytes = 4096
12-22 18:47:25.747 D/AudioALSAStreamOut(  204): write(), buffer = 0xf5e13000, bytes = 4096
12-22 18:47:25.747 D/AudioALSAPlaybackHandlerHDMI(  204): write(), buffer = 0xf5e13000, bytes = 4096
12-22 18:47:25.757 D/AudioALSAStreamOut(  204): write(), buffer = 0xf5e13000, bytes = 4096
12-22 18:47:25.757 D/AudioALSAPlaybackHandlerHDMI(  204): write(), buffer = 0xf5e13000, bytes = 4096
12-22 18:47:25.789 D/AudioALSAStreamOut(  204): write(), buffer = 0xf5e13000, bytes = 4096
12-22 18:47:25.789 D/AudioALSAPlaybackHandlerHDMI(  204): write(), buffer = 0xf5e13000, bytes = 4096
12-22 18:47:25.800 D/AudioALSAStreamOut(  204): write(), buffer = 0xf5e13000, bytes = 4096
12-22 18:47:25.800 D/AudioALSAPlaybackHandlerHDMI(  204): write(), buffer = 0xf5e13000, bytes = 4096
12-22 18:47:25.832 D/AudioALSAStreamOut(  204): write(), buffer = 0xf5e13000, bytes = 4096
12-22 18:47:25.832 D/AudioALSAPlaybackHandlerHDMI(  204): write(), buffer = 0xf5e13000, bytes = 4096
12-22 18:47:25.843 D/AudioALSAStreamOut(  204): write(), buffer = 0xf5e13000, bytes = 4096
12-22 18:47:25.843 D/AudioALSAPlaybackHandlerHDMI(  204): write(), buffer = 0xf5e13000, bytes = 4096
12-22 18:47:25.875 D/AudioALSAStreamOut(  204): write(), buffer = 0xf5e13000, bytes = 4096
12-22 18:47:25.875 D/AudioALSAPlaybackHandlerHDMI(  204): write(), buffer = 0xf5e13000, bytes = 4096
12-22 18:47:25.885 D/AudioALSAStreamOut(  204): write(), buffer = 0xf5e13000, bytes = 4096
12-22 18:47:25.885 D/AudioALSAPlaybackHandlerHDMI(  204): write(), buffer = 0xf5e13000, bytes = 4096
12-22 18:47:25.917 D/AudioALSAStreamOut(  204): write(), buffer = 0xf5e13000, bytes = 4096
12-22 18:47:25.917 D/AudioALSAPlaybackHandlerHDMI(  204): write(), buffer = 0xf5e13000, bytes = 4096
12-22 18:47:25.928 D/AudioALSAStreamOut(  204): write(), buffer = 0xf5e13000, bytes = 4096
12-22 18:47:25.928 D/AudioALSAPlaybackHandlerHDMI(  204): write(), buffer = 0xf5e13000, bytes = 4096
12-22 18:47:25.960 D/AudioALSAStreamOut(  204): write(), buffer = 0xf5e13000, bytes = 4096
12-22 18:47:25.960 D/AudioALSAPlaybackHandlerHDMI(  204): write(), buffer = 0xf5e13000, bytes = 4096
12-22 18:47:25.971 D/AudioALSAStreamOut(  204): write(), buffer = 0xf5e13000, bytes = 4096
12-22 18:47:25.971 D/AudioALSAPlaybackHandlerHDMI(  204): write(), buffer = 0xf5e13000, bytes = 4096
12-22 18:47:26.003 D/AudioALSAStreamOut(  204): write(), buffer = 0xf5e13000, bytes = 4096
12-22 18:47:26.003 D/AudioALSAPlaybackHandlerHDMI(  204): write(), buffer = 0xf5e13000, bytes = 4096
12-22 18:47:26.013 D/test    ( 2264): udp_p2p_search_peer count = 0
12-22 18:47:26.013 D/MiP2pDownloadMannager( 2264): p2p---------SearchPeer----0--------PeerName:7733---sessionid:-936946565------1887043426
12-22 18:47:26.013 D/TVPictorialP2PManager( 2264): nopeer--> 7733
12-22 18:47:26.013 D/AudioALSAStreamOut(  204): write(), buffer = 0xf5e13000, bytes = 4096
12-22 18:47:26.013 D/AudioALSAPlaybackHandlerHDMI(  204): write(), buffer = 0xf5e13000, bytes = 4096
12-22 18:47:26.045 D/AudioALSAStreamOut(  204): write(), buffer = 0xf5e13000, bytes = 4096
12-22 18:47:26.045 D/AudioALSAPlaybackHandlerHDMI(  204): write(), buffer = 0xf5e13000, bytes = 4096
12-22 18:47:26.046 D/test    ( 2264): udp_p2p_search_peer count = 0
12-22 18:47:26.046 D/MiP2pDownloadMannager( 2264): p2p---------SearchPeer----0--------PeerName:7733---sessionid:-936946565------1886977890
12-22 18:47:26.046 D/TVPictorialP2PManager( 2264): nopeer--> 7733
12-22 18:47:26.056 D/AudioALSAStreamOut(  204): write(), buffer = 0xf5e13000, bytes = 4096
12-22 18:47:26.056 D/AudioALSAPlaybackHandlerHDMI(  204): write(), buffer = 0xf5e13000, bytes = 4096
12-22 18:47:26.044 W/logcat  ( 4414): type=1400 audit(0.0:45): avc: denied { syslog_mod } for scontext=u:r:shell:s0 tcontext=u:r:kernel:s0 tclass=system permissive=0
12-22 18:47:26.044 W/logcat  ( 4414): type=1400 audit(0.0:46): avc: denied { syslog_mod } for scontext=u:r:shell:s0 tcontext=u:r:kernel:s0 tclass=system permissive=0
12-22 18:47:26.044 W/logcat  ( 4414): type=1400 audit(0.0:47): avc: denied { syslog_mod } for scontext=u:r:shell:s0 tcontext=u:r:kernel:s0 tclass=system permissive=0
12-22 18:47:26.078 D/test    ( 2264): udp_p2p_search_peer count = 0
12-22 18:47:26.078 D/MiP2pDownloadMannager( 2264): p2p---------SearchPeer----0--------PeerName:7733---sessionid:-936946565------1886912354
12-22 18:47:26.078 D/TVPictorialP2PManager( 2264): nopeer--> 7733
12-22 18:47:26.088 D/AudioALSAStreamOut(  204): write(), buffer = 0xf5e13000, bytes = 4096
12-22 18:47:26.088 D/AudioALSAPlaybackHandlerHDMI(  204): write(), buffer = 0xf5e13000, bytes = 4096
12-22 18:47:26.099 D/AudioALSAStreamOut(  204): write(), buffer = 0xf5e13000, bytes = 4096
12-22 18:47:26.099 D/AudioALSAPlaybackHandlerHDMI(  204): write(), buffer = 0xf5e13000, bytes = 4096
12-22 18:47:26.110 D/test    ( 2264): udp_p2p_search_peer count = 20
12-22 18:47:26.111 D/MiP2pDownloadMannager( 2264): p2p---------SearchPeer----20--------PeerName:7733---sessionid:-936946565------1886846818
12-22 18:47:26.131 D/AudioALSAStreamOut(  204): write(), buffer = 0xf5e13000, bytes = 4096
12-22 18:47:26.131 D/AudioALSAPlaybackHandlerHDMI(  204): write(), buffer = 0xf5e13000, bytes = 4096
12-22 18:47:26.141 D/AudioALSAStreamOut(  204): write(), buffer = 0xf5e13000, bytes = 4096
12-22 18:47:26.141 D/AudioALSAPlaybackHandlerHDMI(  204): write(), buffer = 0xf5e13000, bytes = 4096
12-22 18:47:26.173 D/AudioALSAStreamOut(  204): write(), buffer = 0xf5e13000, bytes = 4096
12-22 18:47:26.173 D/AudioALSAPlaybackHandlerHDMI(  204): write(), buffer = 0xf5e13000, bytes = 4096
12-22 18:47:26.184 D/AudioALSAStreamOut(  204): write(), buffer = 0xf5e13000, bytes = 4096
12-22 18:47:26.184 D/AudioALSAPlaybackHandlerHDMI(  204): write(), buffer = 0xf5e13000, bytes = 4096
12-22 18:47:26.216 D/AudioALSAStreamOut(  204): write(), buffer = 0xf5e13000, bytes = 4096
12-22 18:47:26.216 D/AudioALSAPlaybackHandlerHDMI(  204): write(), buffer = 0xf5e13000, bytes = 4096
12-22 18:47:26.227 D/AudioALSAStreamOut(  204): write(), buffer = 0xf5e13000, bytes = 4096
12-22 18:47:26.227 D/AudioALSAPlaybackHandlerHDMI(  204): write(), buffer = 0xf5e13000, bytes = 4096
12-22 18:47:26.259 D/AudioALSAStreamOut(  204): write(), buffer = 0xf5e13000, bytes = 4096
