12-22 18:47:26.259 D/AudioALSAPlaybackHandlerHDMI(  204): write(), buffer = 0xf5e13000, bytes = 4096
12-22 18:47:26.270 D/AudioALSAStreamOut(  204): write(), buffer = 0xf5e13000, bytes = 4096
12-22 18:47:26.270 D/AudioALSAPlaybackHandlerHDMI(  204): write(), buffer = 0xf5e13000, bytes = 4096
12-22 18:47:26.301 D/AudioALSAStreamOut(  204): write(), buffer = 0xf5e13000, bytes = 4096
12-22 18:47:26.301 D/AudioALSAPlaybackHandlerHDMI(  204): write(), buffer = 0xf5e13000, bytes = 4096
12-22 18:47:26.312 D/AudioALSAStreamOut(  204): write(), buffer = 0xf5e13000, bytes = 4096
12-22 18:47:26.312 D/AudioALSAPlaybackHandlerHDMI(  204): write(), buffer = 0xf5e13000, bytes = 4096
12-22 18:47:26.344 D/AudioALSAStreamOut(  204): write(), buffer = 0xf5e13000, bytes = 4096
12-22 18:47:26.344 D/AudioALSAPlaybackHandlerHDMI(  204): write(), buffer = 0xf5e13000, bytes = 4096
12-22 18:47:26.355 D/AudioALSAStreamOut(  204): write(), buffer = 0xf5e13000, bytes = 4096
12-22 18:47:26.355 D/AudioALSAPlaybackHandlerHDMI(  204): write(), buffer = 0xf5e13000, bytes = 4096
12-22 18:47:26.387 D/AudioALSAStreamOut(  204): write(), buffer = 0xf5e13000, bytes = 4096
12-22 18:47:26.387 D/AudioALSAPlaybackHandlerHDMI(  204): write(), buffer = 0xf5e13000, bytes = 4096
12-22 18:47:26.398 D/AudioALSAStreamOut(  204): write(), buffer = 0xf5e13000, bytes = 4096
12-22 18:47:26.398 D/AudioALSAPlaybackHandlerHDMI(  204): write(), buffer = 0xf5e13000, bytes = 4096
12-22 18:47:26.431 D/AudioALSAStreamOut(  204): write(), buffer = 0xf5e13000, bytes = 4096
12-22 18:47:26.431 D/AudioALSAPlaybackHandlerHDMI(  204): write(), buffer = 0xf5e13000, bytes = 4096
12-22 18:47:26.442 D/DisplayPowerController(  532): requestPowerState: policy=BRIGHT, useProximitySensor=false, screenBrightness=155, screenAutoBrightnessAdjustment=0.0, useAutoBrightness=false, blockScreenOn=false, lowPowerMode=false, boostScreenBrightness=false, dozeScreenBrightness=-1, dozeScreenState=UNKNOWN, waitForNegativeProximity=false
12-22 18:47:26.522 E/System  ( 1305): unknown product code 10
12-22 18:47:27.001 D/test    ( 2264): Receive 4 128K
12-22 18:47:27.815 D/bt-btm  (  757): btm_bda_to_acl found
12-22 18:47:27.815 D/bt-att  (  757): gatt_get_ch_state: ch_state=4
12-22 18:47:27.815 D/bt-att  (  757): gatt_process_notification 
12-22 18:47:27.815 D/bt-btif (  757): bta_gattc_cmpl_cback: conn_id = 3 op = 6 status = 141
12-22 18:47:27.815 D/bt-btif (  757): bta_gattc_cmpl_cback: conn_id = 4 op = 6 status = 141
12-22 18:47:27.815 D/bt-btif (  757): Notification registered!
12-22 18:47:27.815 D/bt-btif (  757): bta_gattc_proc_other_indication check p_data->att_value.handle=48 p_data->handle=0
12-22 18:47:27.815 D/bt-btif (  757): is_notify:34, p_clcb->p_rcb->p_cback:not NULL
12-22 18:47:27.815 D/bt-btif (  757): bta_hh_gattc_callback event = 10
12-22 18:47:27.815 D/bt-btif (  757): Notification received on report ID: 1
12-22 18:47:27.815 D/bt-btif (  757): bta_hh_co_data: UHID write, key code: 0x28
12-22 18:47:27.815 W/bt-btif (  757): bta_hh_co_write:input.data[3] = 0x28
12-22 18:47:27.816 D/bt-btif (  757): bta_gattc_cmpl_cback: conn_id = 6 op = 6 status = 141
12-22 18:47:27.816 D/bt-btif (  757): Notification registered!
12-22 18:47:27.816 D/bt-btif (  757): bta_gattc_proc_other_indication check p_data->att_value.handle=48 p_data->handle=0
12-22 18:47:27.816 D/bt-btif (  757): is_notify:34, p_clcb->p_rcb->p_cback:not NULL
12-22 18:47:27.816 D/bt-btif (  757): btif_transfer_context event 10, len 676
12-22 18:47:27.816 D/bt-btif (  757): btif task fetched event a001
12-22 18:47:27.816 D/bt-btif (  757): btif_context_switched
12-22 18:47:27.816 I/BtGatt.JNI(  757): device with address 08:EB:29:05:DF:E1 is of type 2
12-22 18:47:27.816 I/BtGatt.JNI(  757): instance id is 0 data1 is 0 data0 is 0
12-22 18:47:27.816 D/lights  (  532): set_light_buttons: set light buttons.
12-22 18:47:27.818 D/PowerManagerService(  532): checkScreenSaverTimeoutLocked come 120000 reason=userActivity
12-22 18:47:27.818 D/DisplayPowerController(  532): requestPowerState: policy=BRIGHT, useProximitySensor=false, screenBrightness=155, screenAutoBrightnessAdjustment=0.0, useAutoBrightness=false, blockScreenOn=false, lowPowerMode=false, boostScreenBrightness=false, dozeScreenBrightness=-1, dozeScreenState=UNKNOWN, waitForNegativeProximity=false
12-22 18:47:27.818 I/MitvPhoneWindowManager(  532): prepare dispatch key 23 down=true to Window{f5d139e u0 com.xiaomi.mitv.appstore/com.xiaomi.mitv.appstore.HomeActivity4} win attr=WM.LayoutParams{(0,0)(fillxfill) sim=#110 ty=1 fl=#83810100 wanim=0x1030466 vsysui=0x600 surfaceInsets=Rect(0, 0 - 0, 0) needsMenuKey=2}
12-22 18:47:27.827 D/SogouIME( 1031): [onKeyDown] keycode = 23 model = MiBOX3_PRO build_id:Build_123858_20170314
12-22 18:47:27.828 D/SogouIME( 1031): Down isInputViewShown:false mKeyboardView isShown:false   isCandidateWordsAvailable:false
12-22 18:47:27.965 D/bt-btm  (  757): btm_bda_to_acl found
12-22 18:47:27.965 D/bt-att  (  757): gatt_get_ch_state: ch_state=4
12-22 18:47:27.965 D/bt-att  (  757): gatt_process_notification 
12-22 18:47:27.965 D/bt-btif (  757): bta_gattc_cmpl_cback: conn_id = 3 op = 6 status = 141
12-22 18:47:27.965 D/bt-btif (  757): bta_gattc_cmpl_cback: conn_id = 4 op = 6 status = 141
12-22 18:47:27.965 D/bt-btif (  757): Notification registered!
12-22 18:47:27.965 D/bt-btif (  757): bta_gattc_proc_other_indication check p_data->att_value.handle=48 p_data->handle=0
12-22 18:47:27.965 D/bt-btif (  757): is_notify:34, p_clcb->p_rcb->p_cback:not NULL
12-22 18:47:27.965 D/bt-btif (  757): bta_hh_gattc_callback event = 10
12-22 18:47:27.965 D/bt-btif (  757): Notification received on report ID: 1
12-22 18:47:27.965 D/bt-btif (  757): bta_hh_co_data: UHID write, key code: 0x0
12-22 18:47:27.965 W/bt-btif (  757): bta_hh_co_write:input.data[3] = 0x0
12-22 18:47:27.965 D/bt-btif (  757): bta_gattc_cmpl_cback: conn_id = 6 op = 6 status = 141
12-22 18:47:27.965 D/bt-btif (  757): Notification registered!
12-22 18:47:27.965 D/bt-btif (  757): bta_gattc_proc_other_indication check p_data->att_value.handle=48 p_data->handle=0
12-22 18:47:27.965 D/bt-btif (  757): is_notify:34, p_clcb->p_rcb->p_cback:not NULL
12-22 18:47:27.965 D/bt-btif (  757): btif_transfer_context event 10, len 676
12-22 18:47:27.967 D/bt-btif (  757): btif task fetched event a001
12-22 18:47:27.967 D/bt-btif (  757): btif_context_switched
12-22 18:47:27.967 I/BtGatt.JNI(  757): device with address 08:EB:29:05:DF:E1 is of type 2
12-22 18:47:27.967 I/BtGatt.JNI(  757): instance id is 0 data1 is 0 data0 is 0
12-22 18:47:27.968 D/lights  (  532): set_light_buttons: set light buttons.
12-22 18:47:27.970 V/MitvPhoneWindowManager(  532): ######## Clear actions key sequence ########
12-22 18:47:27.970 I/MitvPhoneWindowManager(  532): prepare dispatch key 23 down=false to Window{f5d139e u0 com.xiaomi.mitv.appstore/com.xiaomi.mitv.appstore.HomeActivity4} win attr=WM.LayoutParams{(0,0)(fillxfill) sim=#110 ty=1 fl=#83810100 wanim=0x1030466 vsysui=0x600 surfaceInsets=Rect(0, 0 - 0, 0) needsMenuKey=2}
12-22 18:47:27.973 D/SogouIME( 1031): [onKeyUp] keycode = 23 model = MiBOX3_PRO build_id:Build_123858_20170314
12-22 18:47:27.974 D/SogouIME( 1031): Up isInputViewShown:false mKeyboardView isShown:false   isCandidateWordsAvailable:false
12-22 18:47:27.975 D/Appstore( 1673): EVENT:PluginInstrumentation.execStartActivity:{}
12-22 18:47:27.975 D/Appstore( 1673): PROFILING:120170 | 6110ms | main | startActivity.beforeInvoke.start:{}
12-22 18:47:27.976 D/Appstore( 1673): EVENT:activitymanagerHook.isForPlugin:false:{}
12-22 18:47:27.977 I/ActivityManager(  532): START u0 {act=android.intent.action.VIEW cmp=com.xiaomi.mitv.appstore/.launcher.control.LauncherRouteActivity (has extras)} from uid 1000 on display 0
12-22 18:47:27.978 D/AudioPolicyManager(  204): getOutputForDevice()+++
12-22 18:47:27.979 D/AudioPolicyManager(  204): getOutput() returns output 9
12-22 18:47:27.979 D/AudioPolicyManager(  204): getOutputForDevice()+++
12-22 18:47:27.979 D/AudioPolicyManager(  204): getOutput() returns output 9
12-22 18:47:27.980 D/AudioTrack(  532): set(): streamType 1, sampleRate 44100, format 0x1, channelMask 0x3, frameCount 0, flags #4, notificationFrames 0, sessionId 0, transferType 0
12-22 18:47:27.981 D/AudioPolicyManager(  204): getOutputForDevice()+++
12-22 18:47:27.981 D/AudioPolicyManager(  204): getOutput() returns output 9
12-22 18:47:27.981 W/AudioTrack(  532): AUDIO_OUTPUT_FLAG_FAST denied by client
12-22 18:47:27.984 D/AudioTrack(  532): start():mOutput:9
12-22 18:47:27.986 V/WindowManager(  532): addAppToken: AppWindowToken{180412d9 token=Token{10314920 ActivityRecord{3629e023 u0 com.xiaomi.mitv.appstore/.launcher.control.LauncherRouteActivity t151}}} to stack=1 task=151 at 0
12-22 18:47:27.987 D/DisplayPowerController(  532): requestPowerState: policy=BRIGHT, useProximitySensor=false, screenBrightness=155, screenAutoBrightnessAdjustment=0.0, useAutoBrightness=false, blockScreenOn=false, lowPowerMode=false, boostScreenBrightness=false, dozeScreenBrightness=-1, dozeScreenState=UNKNOWN, waitForNegativeProximity=false
12-22 18:47:27.987 D/AudioPolicyManager(  204): startOutput() output 9, stream 1, session 57
12-22 18:47:27.987 W/CustomAudioPolicyManager(  204): getDeviceForStrategy() unknown strategy: 6
12-22 18:47:27.987 W/CustomAudioPolicyManager(  204): getDeviceForStrategy() unknown strategy: 7
12-22 18:47:27.987 W/CustomAudioPolicyManager(  204): getDeviceForStrategy() unknown strategy: 8
12-22 18:47:27.989 D/DisplayPowerController(  532): requestPowerState: policy=BRIGHT, useProximitySensor=false, screenBrightness=155, screenAutoBrightnessAdjustment=0.0, useAutoBrightness=false, blockScreenOn=false, lowPowerMode=false, boostScreenBrightness=false, dozeScreenBrightness=-1, dozeScreenState=UNKNOWN, waitForNegativeProximity=false
12-22 18:47:27.992 D/Appstore( 1673): EVENT:d|doHookInner method(android.app.IActivityManager.startActivity) cost 16 ms:{}
12-22 18:47:27.992 D/Appstore( 1673): CLICK:Launcher.item:{targetIntent=_Intent_action=android.intent.action.MAIN_category=android.intent.category.LAUNCHER_component=com.jiajia.v6.letv/.Start_end, title=体感总动员, manualOrder=0, sumVal=t_action=android.intent.action.MAIN_category=android.intent.category.LAUNCHER_component=com.jiajia.v6.letv/.Start_end, 体感总动员, 0}
12-22 18:47:27.997 D/Appstore( 1673): EVENT:PluginCallback|handleMessage(101,PAUSE_ACTIVITY) cost 0 ms:{}
12-22 18:47:27.998 W/ContextImpl( 1673): Calling a method in the system process without a qualified user: android.app.ContextImpl.startService:1703 android.content.ContextWrapper.startService:516 com.xiaomi.mitv.api.system.StatusBarController.hideStatusBar:58 com.xiaomi.mitv.appstore.commonlib.platformisolation.d.b:-1 com.xiaomi.mitv.appstore.commonlib.a.a.onPause:-1 
12-22 18:47:27.998 D/AudioPolicyManager(  204): setMediaRoutingDevices()
12-22 18:47:28.004 D/Appstore( 1673): EVENT:d|doHookInner method(android.app.IActivityManager.startService) cost 6 ms:{}
12-22 18:47:28.005 D/Appstore( 1673): LEAVE:HomeActivity4:{}
12-22 18:47:28.005 W/ContextImpl( 1673): Calling a method in the system process without a qualified user: android.app.ContextImpl.startService:1703 android.content.ContextWrapper.startService:516 com.xiaomi.mitv.api.system.StatusBarController.hideStatusBar:58 com.xiaomi.mitv.appstore.commonlib.platformisolation.d.b:-1 com.xiaomi.mitv.appstore.patchwall.fragment.MainFragment.k:-1 
12-22 18:47:28.006 D/MiTVSystemUIService( 1616): onStartCommand
12-22 18:47:28.006 D/MiTVSystemUIService( 1616): onStartCommand com:-1
12-22 18:47:28.006 D/MiTVSystemUIService( 1616): onStartCommand show_expand:0
12-22 18:47:28.006 D/MiTVSystemUIService( 1616): onStartCommand: show_status_com:0
12-22 18:47:28.006 D/CommandDispatcher( 1616): executeCommand, id:8
12-22 18:47:28.006 D/MiTVSystemUIService( 1616): onStartCommand: recent_com:-1
12-22 18:47:28.008 D/AudioTrack(  532): start() done:mOutput:9
12-22 18:47:28.009 D/MiTVSystemUIService( 1616): onStartCommand
12-22 18:47:28.009 D/MiTVSystemUIService( 1616): onStartCommand com:-1
12-22 18:47:28.009 D/MiTVSystemUIService( 1616): onStartCommand show_expand:0
12-22 18:47:28.009 D/MiTVSystemUIService( 1616): onStartCommand: show_status_com:0
12-22 18:47:28.009 D/CommandDispatcher( 1616): executeCommand, id:8
12-22 18:47:28.009 D/MiTVSystemUIService( 1616): onStartCommand: recent_com:-1
12-22 18:47:28.009 D/AudioPolicyManager(  204): releaseOutput() 9
12-22 18:47:28.011 D/AudioFlinger(  204): volume vl 530513, vr 530513, typeV 0.063096, masterV 1.000000
12-22 18:47:28.012 I/MitvPolicyDatabaseManager(  641): updatePackageUsage com.xiaomi.mitv.appstore/com.xiaomi.mitv.appstore.HomeActivity4 (0,1,6)
12-22 18:47:28.013 D/AudioALSAStreamOut(  204): write(), buffer = 0xf5e13000, bytes = 4096
12-22 18:47:28.013 D/AudioALSAStreamManager(  204): bangsa:AudioALSAStreamManager() for HDMI
12-22 18:47:28.013 D/AudioALSAStreamOut(  204): [hdmi_stereo] audio_format 0x1, cached_audio_format 0x1
12-22 18:47:28.013 D/AudioALSAStreamOut(  204): [hdmi_stereo] audio_channel_mask 0x3, cached_audio_channel_mask 0x3
12-22 18:47:28.017 D/HDMITxController(  204): -HdmiAudioParam.bhdmi_LCh_status[0] 4,format 1
12-22 18:47:28.019 D/AudioALSAPlaybackHandlerHDMI(  204): write(), buffer = 0xf5e13000, bytes = 4096
12-22 18:47:28.019 D/AudioFlinger(  204): volume vl 530513, vr 530513, typeV 0.063096, masterV 1.000000
12-22 18:47:28.020 D/AudioALSAStreamOut(  204): write(), buffer = 0xf5e13000, bytes = 4096
12-22 18:47:28.020 D/AudioALSAPlaybackHandlerHDMI(  204): write(), buffer = 0xf5e13000, bytes = 4096
12-22 18:47:28.020 D/AudioFlinger(  204): volume vl 530513, vr 530513, typeV 0.063096, masterV 1.000000
12-22 18:47:28.020 D/AudioALSAStreamOut(  204): write(), buffer = 0xf5e13000, bytes = 4096
12-22 18:47:28.020 D/AudioALSAPlaybackHandlerHDMI(  204): write(), buffer = 0xf5e13000, bytes = 4096
12-22 18:47:28.020 D/AudioFlinger(  204): volume vl 530513, vr 530513, typeV 0.063096, masterV 1.000000
12-22 18:47:28.020 D/AudioALSAStreamOut(  204): write(), buffer = 0xf5e13000, bytes = 4096
12-22 18:47:28.020 D/AudioALSAPlaybackHandlerHDMI(  204): write(), buffer = 0xf5e13000, bytes = 4096
12-22 18:47:28.026 D/Appstore( 1673): EVENT:PluginCallback|handleMessage(100,LAUNCH_ACTIVITY) cost 0 ms:{}
12-22 18:47:28.028 D/Appstore( 1673): EVENT:activityCreate:{duokan_ex=LauncherRouteActivity, sumVal=[LauncherRouteActivity]}
12-22 18:47:28.029 D/Appstore( 1673): PROFILING:120224 | 54ms | main | activity.oncreate.LauncherRouteActivity:{}
12-22 18:47:28.031 V/MessageBuffer( 1335): log:304,len:89,limit:32768,cnt:599,str:{'time':1513939648,'behav':304,'param1':0,'param2':0,'external':'LauncherRouteActivity'}
12-22 18:47:28.031 D/AudioALSAStreamOut(  204): write(), buffer = 0xf5e13000, bytes = 4096
12-22 18:47:28.031 D/AudioALSAPlaybackHandlerHDMI(  204): write(), buffer = 0xf5e13000, bytes = 4096
12-22 18:47:28.032 W/ContextImpl(  641): Calling a method in the system process without a qualified user: android.app.ContextImpl.sendBroadcast:1352 android.content.ContextWrapper.sendBroadcast:382 mitv.internal.PackageUsagePolicy.handleUsageEvent:49 mitv.internal.TvServiceDefaultImpl$EventHandler.handleMessage:1531 android.os.Handler.dispatchMessage:102 
12-22 18:47:28.037 D/Appstore( 1673): STATIS:launcherRoute:{intentStr=_Intent_action=android.intent.action.MAIN_category=android.intent.category.LAUNCHER_component=com.jiajia.v6.letv/.Start_end, sumVal=[_Intent_action=android.intent.action.MAIN_category=android.intent.category.LAUNCHER_component=com.jiajia.v6.letv/.Start_end]}
12-22 18:47:28.038 D/Appstore( 1673): EVENT:LauncherRouteActivity:#Intent;action=android.intent.action.MAIN;category=android.intent.category.LAUNCHER;component=com.jiajia.v6.letv/.Start;end:{}
12-22 18:47:28.038 D/Appstore( 1673): STATIS:launcherRoute.intent:{component=ComponentInfo{com.jiajia.v6.letv/com.jiajia.v6.letv.Start}, uri=null, sumVal=[ComponentInfo{com.jiajia.v6.letv/com.jiajia.v6.letv.Start}, null]}
12-22 18:47:28.039 D/Appstore( 1673): EVENT:PluginInstrumentation.execStartActivity:{}
12-22 18:47:28.039 D/Appstore( 1673): PROFILING:120234 | 10ms | main | startActivity.beforeInvoke.start:{}
12-22 18:47:28.040 D/Appstore( 1673): EVENT:activitymanagerHook.isForPlugin:false:{}
12-22 18:47:28.041 I/ActivityManager(  532): START u0 {act=android.intent.action.MAIN cat=[android.intent.category.LAUNCHER] flg=0x10000000 cmp=com.jiajia.v6.letv/.Start} from uid 1000 on display 0
12-22 18:47:28.044 V/WindowManager(  532): addAppToken: AppWindowToken{13b1d74c token=Token{305b7f ActivityRecord{2450549e u0 com.jiajia.v6.letv/.Start t152}}} to stack=1 task=152 at 0
12-22 18:47:28.044 I/Logger  (  920): [1] [1.onReceive] receive action : mitv.action.resume.activity
12-22 18:47:28.045 D/DisplayPowerController(  532): requestPowerState: policy=BRIGHT, useProximitySensor=false, screenBrightness=155, screenAutoBrightnessAdjustment=0.0, useAutoBrightness=false, blockScreenOn=false, lowPowerMode=false, boostScreenBrightness=false, dozeScreenBrightness=-1, dozeScreenState=UNKNOWN, waitForNegativeProximity=false
12-22 18:47:28.049 D/Appstore( 1673): EVENT:d|doHookInner method(android.app.IActivityManager.startActivity) cost 10 ms:{}
12-22 18:47:28.049 D/Appstore( 1673): EVENT:lm.recordLaunch:com.jiajia.v6.letv:{}
12-22 18:47:28.049 V/WindowManager(  532): Based on layer: Adding window Window{39691caa u0 Starting com.jiajia.v6.letv} at 2 of 7
12-22 18:47:28.056 I/Logger  (  920): [1] [1.onReceive] top changed,package:com.xiaomi.mitv.appstore,component:com.xiaomi.mitv.appstore.launcher.control.LauncherRouteActivity
12-22 18:47:28.057 I/Logger  (  920): [43] [1.handleMessage] check tv
12-22 18:47:28.063 I/Logger  (  920): [43] [c.a] tv status : {"label":"桌面","package":"com.mitv.tvhome","status":1}
12-22 18:47:28.064 D/Appstore( 1673): EVENT:PluginCallback|handleMessage(101,PAUSE_ACTIVITY) cost 0 ms:{}
12-22 18:47:28.065 I/MitvPolicyDatabaseManager(  641): updatePackageUsage com.xiaomi.mitv.appstore/com.xiaomi.mitv.appstore.launcher.control.LauncherRouteActivity (0,1,0)
12-22 18:47:28.073 D/AudioALSAStreamOut(  204): write(), buffer = 0xf5e13000, bytes = 4096
12-22 18:47:28.073 D/AudioALSAPlaybackHandlerHDMI(  204): write(), buffer = 0xf5e13000, bytes = 4096
12-22 18:47:28.084 D/AudioALSAStreamOut(  204): write(), buffer = 0xf5e13000, bytes = 4096
12-22 18:47:28.084 D/AudioALSAPlaybackHandlerHDMI(  204): write(), buffer = 0xf5e13000, bytes = 4096
12-22 18:47:28.115 I/ActivityManager(  532): Start proc 4418:com.jiajia.v6.letv/u0a37 for activity com.jiajia.v6.letv/.Start
12-22 18:47:28.115 D/Appstore( 1673): EVENT:launcherModel.notify:{}
12-22 18:47:28.116 D/Appstore( 1673): EVENT:DesktopMgr refresh for launcher update:{}
12-22 18:47:28.116 D/Appstore( 1673): EVENT:DesktopMgr get user top:0:{}
12-22 18:47:28.116 D/AudioALSAStreamOut(  204): write(), buffer = 0xf5e13000, bytes = 4096
12-22 18:47:28.116 D/AudioALSAPlaybackHandlerHDMI(  204): write(), buffer = 0xf5e13000, bytes = 4096
12-22 18:47:28.120 D/Appstore( 1673): EVENT:DesktopMgr get normal:6:{}
12-22 18:47:28.125 I/art     ( 4418): Late-enabling -Xcheck:jni
12-22 18:47:28.126 E/System  ( 1673): unknown product code 10
12-22 18:47:28.126 D/Appstore( 1673): EVENT:toUrlhttps://media.ptmi.gitv.tv/tv/lean/home/apps?deviceid=2860f8e2aa919122642ee4e0019e18d7&ptf=210&codever=1&operator=1&level=1:{}
12-22 18:47:28.126 D/Appstore( 1673): EVENT:toUrlhttps://media.ptmi.gitv.tv/tv/lean/home/apps?deviceid=2860f8e2aa919122642ee4e0019e18d7&ptf=210&codever=1&operator=1&level=1&opaque=6356f3a0602c4235baf37ac3ed22f5c1ae87b081:{}
12-22 18:47:28.127 D/Appstore( 1673): NETWORK:addMarker:add-to-queue (https://media.ptmi.gitv.tv/tv/lean/home/apps?deviceid=2860f8e2aa919122642ee4e0019e18d7&ptf=210&codever=1&operator=1&level=1&opaque=6356f3a0602c4235baf37ac3ed22f5c1ae87b081):{}
12-22 18:47:28.127 D/AudioALSAStreamOut(  204): write(), buffer = 0xf5e13000, bytes = 4096
12-22 18:47:28.127 D/AudioALSAPlaybackHandlerHDMI(  204): write(), buffer = 0xf5e13000, bytes = 4096
12-22 18:47:28.127 D/Appstore( 1673): NETWORK:addMarker:cache-queue-take (https://media.ptmi.gitv.tv/tv/lean/home/apps?deviceid=2860f8e2aa919122642ee4e0019e18d7&ptf=210&codever=1&operator=1&level=1&opaque=6356f3a0602c4235baf37ac3ed22f5c1ae87b081):{}
12-22 18:47:28.129 W/CustomAudioPolicyManager(  204): getDeviceForStrategy() unknown strategy: 6
12-22 18:47:28.129 W/CustomAudioPolicyManager(  204): getDeviceForStrategy() unknown strategy: 7
12-22 18:47:28.129 W/CustomAudioPolicyManager(  204): getDeviceForStrategy() unknown strategy: 8
12-22 18:47:28.130 D/Appstore( 1673): NETWORK:addMarker:cache-hit (https://media.ptmi.gitv.tv/tv/lean/home/apps?deviceid=2860f8e2aa919122642ee4e0019e18d7&ptf=210&codever=1&operator=1&level=1&opaque=6356f3a0602c4235baf37ac3ed22f5c1ae87b081):{}
12-22 18:47:28.133 D/Appstore( 1673): EVENT:LauncherFrag.refresh.itemsize:20:{}
12-22 18:47:28.142 D/textviewfocus( 1673): tv.isSelected() = false , tv.getText=体感总动员 visi 8
12-22 18:47:28.159 D/AudioALSAStreamOut(  204): write(), buffer = 0xf5e13000, bytes = 4096
12-22 18:47:28.159 D/AudioALSAPlaybackHandlerHDMI(  204): write(), buffer = 0xf5e13000, bytes = 4096
12-22 18:47:28.169 D/AudioALSAStreamOut(  204): write(), buffer = 0xf5e13000, bytes = 4096
12-22 18:47:28.169 D/AudioALSAPlaybackHandlerHDMI(  204): write(), buffer = 0xf5e13000, bytes = 4096
12-22 18:47:28.183 D/textviewfocus( 1673): tv.isSelected() = true , tv.getText=体感总动员 visi 0
12-22 18:47:28.201 D/AudioALSAStreamOut(  204): write(), buffer = 0xf5e13000, bytes = 4096
12-22 18:47:28.201 D/AudioALSAPlaybackHandlerHDMI(  204): write(), buffer = 0xf5e13000, bytes = 4096
12-22 18:47:28.212 D/AudioALSAStreamOut(  204): write(), buffer = 0xf5e13000, bytes = 4096
12-22 18:47:28.212 D/AudioALSAPlaybackHandlerHDMI(  204): write(), buffer = 0xf5e13000, bytes = 4096
12-22 18:47:28.228 W/ContextImpl(  641): Calling a method in the system process without a qualified user: android.app.ContextImpl.sendBroadcast:1352 android.content.ContextWrapper.sendBroadcast:382 mitv.internal.PackageUsagePolicy.handleUsageEvent:49 mitv.internal.TvServiceDefaultImpl$EventHandler.handleMessage:1531 android.os.Handler.dispatchMessage:102 
12-22 18:47:28.229 I/MitvPolicyDatabaseManager(  641): updatePackageUsage com.xiaomi.mitv.appstore/com.xiaomi.mitv.appstore.launcher.control.LauncherRouteActivity (1,0,0)
12-22 18:47:28.236 E/JiajiaApplication( 4418): Application onCreate com.jiajia.v6.letv.JiajiaApplication@7c06a13
12-22 18:47:28.240 W/ActivityManager(  532): getRunningAppProcesses: caller 10037 does not hold REAL_GET_TASKS; limiting output
12-22 18:47:28.243 I/Logger  (  920): [1] [1.onReceive] receive action : mitv.action.resume.activity
12-22 18:47:28.243 I/Logger  (  920): [1] [1.onReceive] top changed,package:com.jiajia.v6.letv,component:com.jiajia.v6.letv.Start
12-22 18:47:28.244 D/AudioALSAStreamOut(  204): write(), buffer = 0xf5e13000, bytes = 4096
12-22 18:47:28.244 D/AudioALSAPlaybackHandlerHDMI(  204): write(), buffer = 0xf5e13000, bytes = 4096
12-22 18:47:28.245 I/Logger  (  920): [43] [1.handleMessage] check tv
12-22 18:47:28.250 E/remoteService( 4378): remoteservice onStartCommand
12-22 18:47:28.255 D/AudioALSAStreamOut(  204): write(), buffer = 0xf5e13000, bytes = 4096
12-22 18:47:28.255 D/AudioALSAPlaybackHandlerHDMI(  204): write(), buffer = 0xf5e13000, bytes = 4096
12-22 18:47:28.256 V/MI_STAT (  641): AsyncJobDispatcher addJob
12-22 18:47:28.256 V/MI_STAT (  641): AsyncJobDispatcher addJob
12-22 18:47:28.256 I/BaseDataReportor(  641): recordCountEvent with para app-usage_count
12-22 18:47:28.256 I/BaseDataReportor(  641):     key is box_package value com.jiajia.v6.letv
12-22 18:47:28.256 I/BaseDataReportor(  641):     key is package value com.jiajia.v6.letv
12-22 18:47:28.256 I/BaseDataReportor(  641):     key is activity value com.jiajia.v6.letv.Start
12-22 18:47:28.256 V/MI_STAT (  641): AsyncJobDispatcher add a job and run it...
12-22 18:47:28.257 V/MI_STAT (  641): AsyncJobDispatcher add a job and run it...
12-22 18:47:28.259 E/++JPaymentManager++( 4418):  +++ JPaymentManager +++ 
12-22 18:47:28.260 V/MI_STAT (  641): local dispatch to local event recording job
12-22 18:47:28.260 V/MI_STAT (  641): AsyncJobDispatcher addJob
12-22 18:47:28.260 V/MI_STAT (  641): AsyncJobDispatcher addJob
12-22 18:47:28.261 E/remoteService( 4378): remoteservice onStartCommand
12-22 18:47:28.261 E/remoteService( 4378): remoteService onRebind Intent { cmp=com.jiajia.v6.letv/com.jiajia.launcher.remoteService }
12-22 18:47:28.261 V/MI_STAT (  641): AsyncJobDispatcher add a job and run it...
12-22 18:47:28.261 V/MI_STAT (  641): LocalEventRecordingJob execute...
12-22 18:47:28.274 I/JiajiaApplication( 4418): levtsdk init is started1
12-22 18:47:28.280 D/MI_STAT (  641): LocalEventRecordingJob insert new event
12-22 18:47:28.280 V/MI_STAT (  641): AsyncJobDispatcher add a job and run it...
12-22 18:47:28.280 V/MI_STAT (  641): local dispatch to local event recording job
12-22 18:47:28.280 V/MI_STAT (  641): AsyncJobDispatcher addJob
12-22 18:47:28.280 V/MI_STAT (  641): AsyncJobDispatcher add a job and run it...
12-22 18:47:28.280 V/MI_STAT (  641): LocalEventRecordingJob execute...
12-22 18:47:28.283 I/Logger  (  920): [43] [c.a] tv status : {"label":"体感总动员","package":"com.jiajia.v6.letv","status":1}
12-22 18:47:28.286 D/AudioALSAStreamOut(  204): write(), buffer = 0xf5e13000, bytes = 4096
12-22 18:47:28.287 D/AudioALSAPlaybackHandlerHDMI(  204): write(), buffer = 0xf5e13000, bytes = 4096
12-22 18:47:28.290 I/TaskManager( 4418): =TaskRunnable=taskList==0
12-22 18:47:28.297 D/AudioALSAStreamOut(  204): write(), buffer = 0xf5e13000, bytes = 4096
12-22 18:47:28.297 D/AudioALSAPlaybackHandlerHDMI(  204): write(), buffer = 0xf5e13000, bytes = 4096
12-22 18:47:28.306 D/MI_STAT (  641): LocalEventRecordingJob insert new event
12-22 18:47:28.307 D/StageView( 1616): pause
12-22 18:47:28.311 W/ActivityManager(  532): getRunningAppProcesses: caller 10037 does not hold REAL_GET_TASKS; limiting output
12-22 18:47:28.312 I/DCLOG   ( 4418): MyApplication.init
12-22 18:47:28.329 D/StageView( 1616): pause
12-22 18:47:28.329 D/AudioALSAStreamOut(  204): write(), buffer = 0xf5e13000, bytes = 4096
12-22 18:47:28.329 D/AudioALSAPlaybackHandlerHDMI(  204): write(), buffer = 0xf5e13000, bytes = 4096
12-22 18:47:28.331 D/WifiService(  532): New client listening to asynchronous messages
12-22 18:47:28.340 D/AudioALSAStreamOut(  204): write(), buffer = 0xf5e13000, bytes = 4096
12-22 18:47:28.340 D/AudioALSAPlaybackHandlerHDMI(  204): write(), buffer = 0xf5e13000, bytes = 4096
12-22 18:47:28.346 D/Appstore( 1673): EVENT:PluginCallback|handleMessage(109,DESTROY_ACTIVITY) cost 0 ms:{}
12-22 18:47:28.346 D/Appstore( 1673): EVENT:destroy:LauncherRouteActivity:{}
12-22 18:47:28.365 D/Appstore( 1673): NETWORK:addMarker:cache-hit-parsed (https://media.ptmi.gitv.tv/tv/lean/home/apps?deviceid=2860f8e2aa919122642ee4e0019e18d7&ptf=210&codever=1&operator=1&level=1&opaque=6356f3a0602c4235baf37ac3ed22f5c1ae87b081):{}
12-22 18:47:28.365 D/Appstore( 1673): NETWORK:addMarker:post-response (https://media.ptmi.gitv.tv/tv/lean/home/apps?deviceid=2860f8e2aa919122642ee4e0019e18d7&ptf=210&codever=1&operator=1&level=1&opaque=6356f3a0602c4235baf37ac3ed22f5c1ae87b081):{}
12-22 18:47:28.371 I/DCLOG   ( 4418): DataEye Channel SDK init success!  AppId:C639B1F41B1205A39379DEF60F32B0CCF; ChannelId:unknown; AppVersion:61.2; 
12-22 18:47:28.372 D/AudioALSAStreamOut(  204): write(), buffer = 0xf5e13000, bytes = 4096
12-22 18:47:28.372 D/AudioALSAPlaybackHandlerHDMI(  204): write(), buffer = 0xf5e13000, bytes = 4096
12-22 18:47:28.372 W/ImageLoader( 4418): memoryCache() and memoryCacheSize() calls overlap each other
12-22 18:47:28.372 W/ImageLoader( 4418): memoryCache() and memoryCacheSize() calls overlap each other
12-22 18:47:28.383 D/AudioALSAStreamOut(  204): write(), buffer = 0xf5e13000, bytes = 4096
12-22 18:47:28.383 D/AudioALSAPlaybackHandlerHDMI(  204): write(), buffer = 0xf5e13000, bytes = 4096
12-22 18:47:28.387 D/ImageLoader( 4418): Initialize ImageLoader with configuration
12-22 18:47:28.388 D/LePlayGame-Log( 4418): appId:223132
12-22 18:47:28.391 D/LePlayGame-Log( 4418): rootPah:/storage/emulated/0
12-22 18:47:28.391 D/LePlayGame-Log( 4418): get local accountInfo：
12-22 18:47:28.394 W/System.err( 4418): android.content.pm.PackageManager$NameNotFoundException: com.letv.tvos.gamecenter
12-22 18:47:28.394 W/System.err( 4418): 	at android.app.ApplicationPackageManager.getApplicationInfo(ApplicationPackageManager.java:281)
12-22 18:47:28.394 W/System.err( 4418): 	at com.letv.tvos.sdk.account.constant.ChannelManager.getApplicationInfo(Unknown Source)
12-22 18:47:28.394 W/System.err( 4418): 	at com.letv.tvos.sdk.account.constant.ChannelManager.getDeviceChannelName(Unknown Source)
12-22 18:47:28.394 W/System.err( 4418): 	at com.letv.tvos.sdk.account.constant.UrlSet.getRequestHeader(Unknown Source)
12-22 18:47:28.394 W/System.err( 4418): 	at com.letv.tvos.sdk.account.b.init(Unknown Source)
12-22 18:47:28.394 W/System.err( 4418): 	at com.letv.tvos.sdk.account.k.init(Unknown Source)
12-22 18:47:28.394 W/System.err( 4418): 	at com.letv.tvos.sdk.a.init(Unknown Source)
12-22 18:47:28.394 W/System.err( 4418): 	at com.letv.tvos.sdk.LetvSdk.init(Unknown Source)
12-22 18:47:28.394 W/System.err( 4418): 	at com.jiajia.v6.letv.JiajiaApplication.onCreate(JiajiaApplication.java:185)
12-22 18:47:28.394 W/System.err( 4418): 	at android.app.Instrumentation.callApplicationOnCreate(Instrumentation.java:1012)
12-22 18:47:28.394 W/System.err( 4418): 	at android.app.ActivityThread.handleBindApplication(ActivityThread.java:4601)
12-22 18:47:28.394 W/System.err( 4418): 	at android.app.ActivityThread.access$1500(ActivityThread.java:154)
12-22 18:47:28.394 W/System.err( 4418): 	at android.app.ActivityThread$H.handleMessage(ActivityThread.java:1389)
12-22 18:47:28.394 W/System.err( 4418): 	at android.os.Handler.dispatchMessage(Handler.java:102)
12-22 18:47:28.394 W/System.err( 4418): 	at android.os.Looper.loop(Looper.java:135)
12-22 18:47:28.394 W/System.err( 4418): 	at android.app.ActivityThread.main(ActivityThread.java:5302)
12-22 18:47:28.395 W/System.err( 4418): 	at java.lang.reflect.Method.invoke(Native Method)
12-22 18:47:28.395 W/System.err( 4418): 	at java.lang.reflect.Method.invoke(Method.java:372)
12-22 18:47:28.395 W/System.err( 4418): 	at com.android.internal.os.ZygoteInit$MethodAndArgsCaller.run(ZygoteInit.java:917)
12-22 18:47:28.395 W/System.err( 4418): 	at com.android.internal.os.ZygoteInit.main(ZygoteInit.java:712)
12-22 18:47:28.395 W/System.err( 4418): android.content.pm.PackageManager$NameNotFoundException: com.letv.tvos.gamecenter
12-22 18:47:28.395 W/System.err( 4418): 	at android.app.ApplicationPackageManager.getPackageInfo(ApplicationPackageManager.java:114)
12-22 18:47:28.395 W/System.err( 4418): 	at com.letv.commons.utils.AppUtil.getVersionCode(Unknown Source)
12-22 18:47:28.395 W/System.err( 4418): 	at com.letv.tvos.sdk.account.constant.UrlSet.getRequestHeader(Unknown Source)
12-22 18:47:28.395 W/System.err( 4418): 	at com.letv.tvos.sdk.account.b.init(Unknown Source)
12-22 18:47:28.395 W/System.err( 4418): 	at com.letv.tvos.sdk.account.k.init(Unknown Source)
12-22 18:47:28.395 W/System.err( 4418): 	at com.letv.tvos.sdk.a.init(Unknown Source)
12-22 18:47:28.395 W/System.err( 4418): 	at com.letv.tvos.sdk.LetvSdk.init(Unknown Source)
12-22 18:47:28.395 W/System.err( 4418): 	at com.jiajia.v6.letv.JiajiaApplication.onCreate(JiajiaApplication.java:185)
12-22 18:47:28.395 W/System.err( 4418): 	at android.app.Instrumentation.callApplicationOnCreate(Instrumentation.java:1012)
12-22 18:47:28.395 W/System.err( 4418): 	at android.app.ActivityThread.handleBindApplication(ActivityThread.java:4601)
12-22 18:47:28.395 W/System.err( 4418): 	at android.app.ActivityThread.access$1500(ActivityThread.java:154)
12-22 18:47:28.395 W/System.err( 4418): 	at android.app.ActivityThread$H.handleMessage(ActivityThread.java:1389)
12-22 18:47:28.395 W/System.err( 4418): 	at android.os.Handler.dispatchMessage(Handler.java:102)
12-22 18:47:28.395 W/System.err( 4418): 	at android.os.Looper.loop(Looper.java:135)
12-22 18:47:28.395 W/System.err( 4418): 	at android.app.ActivityThread.main(ActivityThread.java:5302)
12-22 18:47:28.395 W/System.err( 4418): 	at java.lang.reflect.Method.invoke(Native Method)
12-22 18:47:28.395 W/System.err( 4418): 	at java.lang.reflect.Method.invoke(Method.java:372)
12-22 18:47:28.395 W/System.err( 4418): 	at com.android.internal.os.ZygoteInit$MethodAndArgsCaller.run(ZygoteInit.java:917)
12-22 18:47:28.395 W/System.err( 4418): 	at com.android.internal.os.ZygoteInit.main(ZygoteInit.java:712)
12-22 18:47:28.395 D/LePlayGame-Log( 4418): header-parms:{gc-channelNo=20, gc-appVersion=100, gc-mac=00:9e:c8:2e:f5:85, gc-timeStamp=1513939648395, gc-appkey=223132, gc-deviceChannelName=10, gc-deviceInfo=MiBOX3_PRO, gc-3rdAppVersion=-1, gc-osVersion=5.1, gc-imei=}
12-22 18:47:28.396 W/ImageLoader( 4418): memoryCache() and memoryCacheSize() calls overlap each other
12-22 18:47:28.396 W/ImageLoader( 4418): memoryCache() and memoryCacheSize() calls overlap each other
12-22 18:47:28.384 W/ls      ( 4451): type=1400 audit(0.0:48): avc: denied { getattr } for path="/system/xbin/su" dev="mmcblk0p19" ino=2201 scontext=u:r:untrusted_app:s0 tcontext=u:object_r:su_exec:s0 tclass=file permissive=0
12-22 18:47:28.400 W/ImageLoader( 4418): Try to initialize ImageLoader which had already been initialized before. To re-init ImageLoader with new configuration call ImageLoader.destroy() at first.
12-22 18:47:28.400 W/System.err( 4418): java.lang.ClassNotFoundException: com.letv.tvos.sdk.ad.LeAdAgent
12-22 18:47:28.404 W/System.err( 4418): 	at java.lang.Class.classForName(Native Method)
12-22 18:47:28.404 D/LocationManagerService(  532): getProviders()=[]
12-22 18:47:28.404 W/System.err( 4418): 	at java.lang.Class.forName(Class.java:309)
12-22 18:47:28.404 W/System.err( 4418): 	at java.lang.Class.forName(Class.java:273)
12-22 18:47:28.404 W/System.err( 4418): 	at com.letv.tvos.sdk.a.b(Unknown Source)
12-22 18:47:28.404 W/System.err( 4418): 	at com.letv.tvos.sdk.a.init(Unknown Source)
12-22 18:47:28.404 W/System.err( 4418): 	at com.letv.tvos.sdk.LetvSdk.init(Unknown Source)
12-22 18:47:28.404 D/LocationManagerService(  532): getProviders()=[passive]
12-22 18:47:28.404 W/System.err( 4418): 	at com.jiajia.v6.letv.JiajiaApplication.onCreate(JiajiaApplication.java:185)
12-22 18:47:28.404 W/System.err( 4418): 	at android.app.Instrumentation.callApplicationOnCreate(Instrumentation.java:1012)
12-22 18:47:28.404 W/System.err( 4418): 	at android.app.ActivityThread.handleBindApplication(ActivityThread.java:4601)
12-22 18:47:28.404 D/LocationManagerService(  532): getBestProvider(Criteria[power=LOW acc=HIGH], true)=passive
12-22 18:47:28.404 W/System.err( 4418): 	at android.app.ActivityThread.access$1500(ActivityThread.java:154)
12-22 18:47:28.404 W/System.err( 4418): 	at android.app.ActivityThread$H.handleMessage(ActivityThread.java:1389)
12-22 18:47:28.404 W/System.err( 4418): 	at android.os.Handler.dispatchMessage(Handler.java:102)
12-22 18:47:28.404 W/System.err( 4418): 	at android.os.Looper.loop(Looper.java:135)
12-22 18:47:28.404 W/System.err( 4418): 	at android.app.ActivityThread.main(ActivityThread.java:5302)
12-22 18:47:28.404 W/System.err( 4418): 	at java.lang.reflect.Method.invoke(Native Method)
12-22 18:47:28.404 W/System.err( 4418): 	at java.lang.reflect.Method.invoke(Method.java:372)
12-22 18:47:28.404 W/System.err( 4418): 	at com.android.internal.os.ZygoteInit$MethodAndArgsCaller.run(ZygoteInit.java:917)
12-22 18:47:28.404 W/System.err( 4418): 	at com.android.internal.os.ZygoteInit.main(ZygoteInit.java:712)
12-22 18:47:28.404 W/System.err( 4418): Caused by: java.lang.ClassNotFoundException: Didn't find class "com.letv.tvos.sdk.ad.LeAdAgent" on path: DexPathList[[zip file "/data/app/com.jiajia.v6.letv-1/base.apk"],nativeLibraryDirectories=[/vendor/lib, /system/lib]]
12-22 18:47:28.404 W/System.err( 4418): 	at dalvik.system.BaseDexClassLoader.findClass(BaseDexClassLoader.java:56)
12-22 18:47:28.404 W/System.err( 4418): 	at java.lang.ClassLoader.loadClass(ClassLoader.java:511)
12-22 18:47:28.404 W/System.err( 4418): 	at java.lang.ClassLoader.loadClass(ClassLoader.java:469)
12-22 18:47:28.404 W/System.err( 4418): 	... 18 more
12-22 18:47:28.404 W/System.err( 4418): 	Suppressed: java.lang.ClassNotFoundException: com.letv.tvos.sdk.ad.LeAdAgent
12-22 18:47:28.404 W/System.err( 4418): 		at java.lang.Class.classForName(Native Method)
12-22 18:47:28.404 W/System.err( 4418): 		at java.lang.BootClassLoader.findClass(ClassLoader.java:781)
12-22 18:47:28.404 W/System.err( 4418): 		at java.lang.BootClassLoader.loadClass(ClassLoader.java:841)
12-22 18:47:28.404 W/System.err( 4418): 		at java.lang.ClassLoader.loadClass(ClassLoader.java:504)
12-22 18:47:28.404 W/System.err( 4418): 		... 19 more
12-22 18:47:28.404 W/System.err( 4418): 	Caused by: java.lang.NoClassDefFoundError: Class not found using the boot class loader; no stack available
12-22 18:47:28.404 W/warn    ( 4418): no find 'com.letv.tvos.sdk.ad.LeAdAgent' class!
12-22 18:47:28.404 I/JiajiaApplication( 4418): levtsdk init is started2
12-22 18:47:28.405 D/LocationManagerService(  532): getLastLocation: Request[POWER_NONE passive fastest=0 num=1]
12-22 18:47:28.405 W/ActivityManager(  532): getRunningAppProcesses: caller 10037 does not hold REAL_GET_TASKS; limiting output
12-22 18:47:28.405 I/System.out( 4418): app  has init!
12-22 18:47:28.406 W/System.err( 4418): java.lang.ClassNotFoundException: com.letv.tvos.sdk.ad.LeAdAgent
12-22 18:47:28.406 W/System.err( 4418): 	at java.lang.Class.classForName(Native Method)
12-22 18:47:28.406 W/System.err( 4418): 	at java.lang.Class.forName(Class.java:309)
12-22 18:47:28.406 W/System.err( 4418): 	at java.lang.Class.forName(Class.java:273)
12-22 18:47:28.406 W/System.err( 4418): 	at com.letv.tvos.sdk.a.b(Unknown Source)
12-22 18:47:28.406 W/System.err( 4418): 	at com.letv.tvos.sdk.a.init(Unknown Source)
12-22 18:47:28.406 W/System.err( 4418): 	at com.letv.tvos.sdk.LetvSdk.init(Unknown Source)
12-22 18:47:28.406 W/System.err( 4418): 	at com.jiajia.v6.letv.JiajiaApplication.onCreate(JiajiaApplication.java:192)
12-22 18:47:28.406 W/System.err( 4418): 	at android.app.Instrumentation.callApplicationOnCreate(Instrumentation.java:1012)
12-22 18:47:28.406 W/System.err( 4418): 	at android.app.ActivityThread.handleBindApplication(ActivityThread.java:4601)
12-22 18:47:28.406 W/System.err( 4418): 	at android.app.ActivityThread.access$1500(ActivityThread.java:154)
12-22 18:47:28.406 W/System.err( 4418): 	at android.app.ActivityThread$H.handleMessage(ActivityThread.java:1389)
12-22 18:47:28.406 W/System.err( 4418): 	at android.os.Handler.dispatchMessage(Handler.java:102)
12-22 18:47:28.406 W/System.err( 4418): 	at android.os.Looper.loop(Looper.java:135)
12-22 18:47:28.406 W/System.err( 4418): 	at android.app.ActivityThread.main(ActivityThread.java:5302)
12-22 18:47:28.406 W/System.err( 4418): 	at java.lang.reflect.Method.invoke(Native Method)
12-22 18:47:28.406 W/System.err( 4418): 	at java.lang.reflect.Method.invoke(Method.java:372)
12-22 18:47:28.406 W/System.err( 4418): 	at com.android.internal.os.ZygoteInit$MethodAndArgsCaller.run(ZygoteInit.java:917)
12-22 18:47:28.406 W/System.err( 4418): 	at com.android.internal.os.ZygoteInit.main(ZygoteInit.java:712)
12-22 18:47:28.406 W/System.err( 4418): Caused by: java.lang.ClassNotFoundException: Didn't find class "com.letv.tvos.sdk.ad.LeAdAgent" on path: DexPathList[[zip file "/data/app/com.jiajia.v6.letv-1/base.apk"],nativeLibraryDirectories=[/vendor/lib, /system/lib]]
12-22 18:47:28.406 W/System.err( 4418): 	at dalvik.system.BaseDexClassLoader.findClass(BaseDexClassLoader.java:56)
12-22 18:47:28.406 W/System.err( 4418): 	at java.lang.ClassLoader.loadClass(ClassLoader.java:511)
12-22 18:47:28.406 W/System.err( 4418): 	at java.lang.ClassLoader.loadClass(ClassLoader.java:469)
12-22 18:47:28.406 W/System.err( 4418): 	... 18 more
12-22 18:47:28.406 W/System.err( 4418): 	Suppressed: java.lang.ClassNotFoundException: com.letv.tvos.sdk.ad.LeAdAgent
12-22 18:47:28.406 W/System.err( 4418): 		at java.lang.Class.classForName(Native Method)
12-22 18:47:28.406 W/System.err( 4418): 		at java.lang.BootClassLoader.findClass(ClassLoader.java:781)
12-22 18:47:28.406 W/System.err( 4418): 		at java.lang.BootClassLoader.loadClass(ClassLoader.java:841)
12-22 18:47:28.406 W/System.err( 4418): 		at java.lang.ClassLoader.loadClass(ClassLoader.java:504)
12-22 18:47:28.406 W/System.err( 4418): 		... 19 more
12-22 18:47:28.406 W/System.err( 4418): 	Caused by: java.lang.NoClassDefFoundError: Class not found using the boot class loader; no stack available
12-22 18:47:28.406 W/warn    ( 4418): no find 'com.letv.tvos.sdk.ad.LeAdAgent' class!
12-22 18:47:28.406 E/info    ( 4418): init is called
12-22 18:47:28.410 E/Start   ( 4418): Start Activity onCreate
12-22 18:47:28.414 D/AudioALSAStreamOut(  204): write(), buffer = 0xf5e13000, bytes = 4096
12-22 18:47:28.414 D/AudioALSAPlaybackHandlerHDMI(  204): write(), buffer = 0xf5e13000, bytes = 4096
12-22 18:47:28.417 E/        ( 4418): create assets dir Asset2
12-22 18:47:28.425 D/AudioALSAStreamOut(  204): write(), buffer = 0xf5e13000, bytes = 4096
12-22 18:47:28.425 D/AudioALSAPlaybackHandlerHDMI(  204): write(), buffer = 0xf5e13000, bytes = 4096
12-22 18:47:28.426 E/        ( 4418): create assets dir Asset2/Launcher
12-22 18:47:28.433 E/        ( 4418): create assets dir Asset2/Launcher/jiajiaResource
12-22 18:47:28.439 E/        ( 4418): create assets dir Asset2/Launcher/jiajiaResource/jiajiaCN
12-22 18:47:28.448 E/        ( 4418): create assets file Asset2/Launcher/jiajiaResource/jiajiaCN/sportsTitle.png
12-22 18:47:28.448 E/        ( 4418): copyAssetData Asset2/Launcher/jiajiaResource/jiajiaCN/sportsTitle.png /data/data/com.jiajia.v6.letv/files
12-22 18:47:28.449 E/        ( 4418): create assets dir Asset2/Launcher/jiajiaResource/jiajiaEN
12-22 18:47:28.453 D/Appstore( 1673): EVENT:PluginCallback|handleMessage(119,CLEAN_UP_CONTEXT) cost 0 ms:{}
12-22 18:47:28.455 E/        ( 4418): create assets file Asset2/Launcher/jiajiaResource/jiajiaEN/sportsTitle.png
12-22 18:47:28.455 E/        ( 4418): copyAssetData Asset2/Launcher/jiajiaResource/jiajiaEN/sportsTitle.png /data/data/com.jiajia.v6.letv/files
12-22 18:47:28.456 E/        ( 4418): create assets file Asset2/Launcher/jiajiaResource/lobby_bg.jpg
12-22 18:47:28.456 E/        ( 4418): copyAssetData Asset2/Launcher/jiajiaResource/lobby_bg.jpg /data/data/com.jiajia.v6.letv/files
12-22 18:47:28.457 D/AudioALSAStreamOut(  204): write(), buffer = 0xf5e13000, bytes = 4096
12-22 18:47:28.457 D/AudioALSAPlaybackHandlerHDMI(  204): write(), buffer = 0xf5e13000, bytes = 4096
12-22 18:47:28.459 E/        ( 4418): create assets file Capability.xml
12-22 18:47:28.459 E/        ( 4418): copyAssetData Capability.xml /data/data/com.jiajia.v6.letv/files
12-22 18:47:28.460 E/        ( 4418): create assets file HostList.xml
12-22 18:47:28.460 E/        ( 4418): copyAssetData HostList.xml /data/data/com.jiajia.v6.letv/files
12-22 18:47:28.460 E/        ( 4418): create assets dir images
12-22 18:47:28.466 E/        ( 4418): create assets file images/android-logo-mask.png
12-22 18:47:28.466 E/        ( 4418): copyAssetData images/android-logo-mask.png /data/data/com.jiajia.v6.letv/files
12-22 18:47:28.466 E/        ( 4418): create assets file images/android-logo-shine.png
12-22 18:47:28.466 E/        ( 4418): copyAssetData images/android-logo-shine.png /data/data/com.jiajia.v6.letv/files
12-22 18:47:28.467 E/        ( 4418): create assets file jiajia-launcher-common.apk
12-22 18:47:28.467 E/        ( 4418): copyAssetData jiajia-launcher-common.apk /data/data/com.jiajia.v6.letv/files
12-22 18:47:28.468 D/AudioALSAStreamOut(  204): write(), buffer = 0xf5e13000, bytes = 4096
12-22 18:47:28.468 D/AudioALSAPlaybackHandlerHDMI(  204): write(), buffer = 0xf5e13000, bytes = 4096
12-22 18:47:28.480 E/        ( 4418): create assets dir sounds
12-22 18:47:28.487 E/        ( 4418): create assets file sounds/bootanim0.raw
12-22 18:47:28.487 E/        ( 4418): copyAssetData sounds/bootanim0.raw /data/data/com.jiajia.v6.letv/files
12-22 18:47:28.488 E/        ( 4418): create assets file sounds/bootanim1.raw
12-22 18:47:28.488 E/        ( 4418): copyAssetData sounds/bootanim1.raw /data/data/com.jiajia.v6.letv/files
12-22 18:47:28.490 E/        ( 4418): create assets dir webkit
12-22 18:47:28.497 E/        ( 4418): create assets file webkit/android-weberror.png
12-22 18:47:28.497 E/        ( 4418): copyAssetData webkit/android-weberror.png /data/data/com.jiajia.v6.letv/files
12-22 18:47:28.498 E/        ( 4418): create assets file webkit/hyph_en_US.dic
12-22 18:47:28.498 E/        ( 4418): copyAssetData webkit/hyph_en_US.dic /data/data/com.jiajia.v6.letv/files
12-22 18:47:28.499 E/        ( 4418): create assets file webkit/incognito_mode_start_page.html
12-22 18:47:28.499 E/        ( 4418): copyAssetData webkit/incognito_mode_start_page.html /data/data/com.jiajia.v6.letv/files
12-22 18:47:28.499 E/        ( 4418): create assets file webkit/missingImage.png
12-22 18:47:28.499 E/        ( 4418): copyAssetData webkit/missingImage.png /data/data/com.jiajia.v6.letv/files
12-22 18:47:28.500 E/        ( 4418): create assets file webkit/nullPlugin.png
12-22 18:47:28.500 E/        ( 4418): copyAssetData webkit/nullPlugin.png /data/data/com.jiajia.v6.letv/files
12-22 18:47:28.500 E/        ( 4418): create assets file webkit/play.png
12-22 18:47:28.500 E/        ( 4418): copyAssetData webkit/play.png /data/data/com.jiajia.v6.letv/files
12-22 18:47:28.500 D/AudioALSAStreamOut(  204): write(), buffer = 0xf5e13000, bytes = 4096
12-22 18:47:28.500 D/AudioALSAPlaybackHandlerHDMI(  204): write(), buffer = 0xf5e13000, bytes = 4096
12-22 18:47:28.500 D/Appstore( 1673): NETWORK:deliverResponse{"data":[{"fore_res_id":0,"images":{"poster":{"round":false,"scale_type":0,"type":"image","url":"https://image.cdn.pandora.xiaomi.com/mitv/10007/0/5d3de0a80dbf0caf5b9def4832533ebf.webp"}},"mold":0,"poster_res_id":0,"progress":0.0,"target":{"entity":"intent","params":{"app_icon":"","android_intent":"market://appstore.mitv.xiaomi.com/details?id\u003d2366\u0026from\u003dgic\u0026package\u003dcom.duokan.videodaily\u0026launch\u003dauto","prompt":"true","new_task":"false","android_component":"com.duokan.videodaily","apk_md5":"","android_extra":"","apk_url":"","android_activity":"","android_version_code":"53","app_name":"","android_mime":"","android_action":""}},"title":"视频头条"},{"fore_res_id":0,"images":{"poster":{"round":false,"scale_type":0,"type":"image","url":"https://image.cdn.pandora.xiaomi.com/mitv/10007/0/109a77a8e9bc696e3f46d06503d14bca.webp"}},"mold":0,"poster_res_id":0,"progress":0.0,"target":{"entity":"intent","params":{"app_icon":"","android_intent":"#Intent;action\u003dandroid.intent.action.MAIN;category\u003dandroid.intent.category.LAUNCHER;launchFlags\u003d0x10200000;component\u003dcom.xiaomi.mitv.shop/.ShopHomeActivity;end","prompt":"true","new_task":"false","android_component":"com.xiaomi.mitv.shop","apk_md5":"","android_extra":"","apk_url":"","android_activity":"","app_name":"","android_mime":"","android_action":""}},"title":"小米商城"},{"fore_res_id":0,"images":{"poster":{"round":false,"scale_type":0,"type":"image","url":"https://image.cdn.pandora.xiaomi.com/mitv/10007/0/c098e3469d6105d52570b0bf67b8f80b.webp"}},"mold":0,"poster_res_id":0,"progress":0.0,"target":{"entity":"intent","params":{"app_icon":"","android_intent":"#Intent;action\u003dandroid.intent.action.MAIN;category\u003dandroid.intent.category.LAUNCHER;launchFlags\u003d0x10200000;component\u003dcom.xiaomi.mitv.tvmanager/.MainTvManagerActivity;end","prompt":"true","new_task":"false","android_component":"com.xiaomi.mitv.tvmanager","apk_md5":"","android_extra":"","apk_url":"","android_activity":"","app_name":"","android_mime":"","android_action":""}},"title":"电视管家"},{"fore_res_id":0,"images":{"poster":{"round":false,"scale_type":0,"type":"image","url":"https://image.cdn.pandora.xiaomi.com/mitv/10007/0/ac0f915c4ae4531aa7ca1001281a4a47.webp"}},"mold":0,"poster_res_id":0,"progress":0.0,"target":{"entity":"intent","params":{"android_intent":"#Intent;action\u003dQing;S.pkg\u003dcom.xiaomi.mitv.appstore.luck1;B.qingOld\u003dtrue;end"}},"title":"抽小米手机"},{"fore_res_id":0,"images":{"poster":{"round":false,"scale_type":0,"type":"image","url":"https://image.cdn.pandora.xiaomi.com/mitv/10007/0/dbea75cbc5b4a9279ee54ea6e79322d2.webp"}},"mold":0,"poster_res_id":0,"progress":0.0,"target":{"entity":"intent","params":{"android_intent":"market://appstore.mitv.xiaomi.com/details?id\u003d1783\u0026from\u003dgic\u0026package\u003dcom.gitvdemo.video\u0026launch\u003dauto"}},"title":"琅琊榜II独播"},{"fore_res_id":0,"images":{"poster":{"round":false,"scale_type":0,"type":"image","url":"https://image.cdn.pandora.xiaomi.com/mitv/10007/0/88b9dc166b51deb1dffb5b49f131b4dc.webp"}},"mold":0,"poster_res_id":0,"progress":0.0,"target":{"entity":"intent","params":{"app_icon":"","android_intent":"market://appstore.mitv.xiaomi.com/details?id\u003d1421\u0026from\u003dgic\u0026package\u003dcom.cibn.tv\u0026launch\u003dauto","prompt":"true","new_task":"false","android_component":"com.cibn.tv","apk_md5":"","android_extra":"","apk_url":"","android_activity":"","app_name":"","android_mime":"","android_action":""}},"title":"军师联盟II"}],"status":0,"ver":1513938994}:{}
